Archive member included to satisfy reference by file (symbol)

.pio/build/app_uno_bitbang/lib195/libWire.a(Wire.cpp.o)
                              .pio/build/app_uno_bitbang/src/ArduinoCore/Common/Magnetometer/QMC5883P.cpp.o (Wire)
.pio/build/app_uno_bitbang/lib195/libWire.a(twi.c.o)
                              .pio/build/app_uno_bitbang/lib195/libWire.a(Wire.cpp.o) (twi_init)
.pio/build/app_uno_bitbang/lib056/libAdafruit QMC5883P Library.a(Adafruit_QMC5883P.cpp.o)
                              .pio/build/app_uno_bitbang/src/ArduinoCore/Common/Magnetometer/QMC5883P.cpp.o (_ZN17Adafruit_QMC5883PC1Ev)
.pio/build/app_uno_bitbang/libf12/libServo.a(Servo.cpp.o)
                              .pio/build/app_uno_bitbang/src/ArduinoCore/Common/ServoController/ServoController.cpp.o (_ZN5ServoC1Ev)
.pio/build/app_uno_bitbang/lib12a/libComonArc.a(CommandHandler.c.o)
                              .pio/build/app_uno_bitbang/src/ArduinoCore/app.cpp.o (CommandHandler_Create)
.pio/build/app_uno_bitbang/lib12a/libComonArc.a(Logger.c.o)
                              .pio/build/app_uno_bitbang/src/ArduinoCore/app.cpp.o (Logger_ResetFilter)
.pio/build/app_uno_bitbang/lib12a/libComonArc.a(Receiver.c.o)
                              .pio/build/app_uno_bitbang/src/ArduinoCore/app.cpp.o (Receiver_Create)
.pio/build/app_uno_bitbang/lib12a/libComonArc.a(Transmitter.c.o)
                              .pio/build/app_uno_bitbang/src/ArduinoCore/app.cpp.o (Transmitter_Create)
.pio/build/app_uno_bitbang/lib043/libCurrentSensor.a(CurrentSensor.c.o)
                              .pio/build/app_uno_bitbang/src/ArduinoCore/app.cpp.o (CurrentSensor_Create)
.pio/build/app_uno_bitbang/liba69/libTimeService.a(SoftTimer.c.o)
                              .pio/build/app_uno_bitbang/src/ArduinoCore/app.cpp.o (SoftTimer_Create)
.pio/build/app_uno_bitbang/libf4d/libYawController.a(YawController.c.o)
                              .pio/build/app_uno_bitbang/src/ArduinoCore/app.cpp.o (YawController_Create)
.pio/build/app_uno_bitbang/libe79/libUserInterface.a(UserInterface.c.o)
                              .pio/build/app_uno_bitbang/src/ArduinoCore/app.cpp.o (UserInterface_Create)
.pio/build/app_uno_bitbang/libFrameworkArduino.a(WMath.cpp.o)
                              .pio/build/app_uno_bitbang/libf12/libServo.a(Servo.cpp.o) (_Z3maplllll)
.pio/build/app_uno_bitbang/libFrameworkArduino.a(main.cpp.o)
                              /home/thiago_unix/.platformio/packages/toolchain-atmelavr/bin/../lib/gcc/avr/7.3.0/../../../../avr/lib/avr5/crtatmega328p.o (main)
.pio/build/app_uno_bitbang/libFrameworkArduino.a(new.cpp.o)
                              .pio/build/app_uno_bitbang/lib056/libAdafruit QMC5883P Library.a(Adafruit_QMC5883P.cpp.o) (_Znwj)
.pio/build/app_uno_bitbang/libFrameworkArduino.a(wiring.c.o)
                              .pio/build/app_uno_bitbang/src/ArduinoCore/BitBang_UART/BitBang_AVR_Micros/bitbang_AVR_micros.cpp.o (micros)
.pio/build/app_uno_bitbang/libFrameworkArduino.a(wiring_analog.c.o)
                              .pio/build/app_uno_bitbang/src/ArduinoCore/BSP/ArduinoUno/CS_ADC.cpp.o (analogReference)
.pio/build/app_uno_bitbang/libFrameworkArduino.a(wiring_digital.c.o)
                              .pio/build/app_uno_bitbang/src/ArduinoCore/BSP/ArduinoUno/CS_ADC.cpp.o (pinMode)
.pio/build/app_uno_bitbang/libFrameworkArduino.a(hooks.c.o)
                              .pio/build/app_uno_bitbang/libFrameworkArduino.a(wiring.c.o) (yield)
.pio/build/app_uno_bitbang/liba92/libAdafruit BusIO.a(Adafruit_BusIO_Register.cpp.o)
                              .pio/build/app_uno_bitbang/lib056/libAdafruit QMC5883P Library.a(Adafruit_QMC5883P.cpp.o) (_ZN23Adafruit_BusIO_RegisterC1EP18Adafruit_I2CDevicejhhh)
.pio/build/app_uno_bitbang/liba92/libAdafruit BusIO.a(Adafruit_GenericDevice.cpp.o)
                              .pio/build/app_uno_bitbang/liba92/libAdafruit BusIO.a(Adafruit_BusIO_Register.cpp.o) (_ZN22Adafruit_GenericDevice12readRegisterEPhhS0_j)
.pio/build/app_uno_bitbang/liba92/libAdafruit BusIO.a(Adafruit_I2CDevice.cpp.o)
                              .pio/build/app_uno_bitbang/lib056/libAdafruit QMC5883P Library.a(Adafruit_QMC5883P.cpp.o) (_ZN18Adafruit_I2CDeviceC1EhP7TwoWire)
.pio/build/app_uno_bitbang/liba92/libAdafruit BusIO.a(Adafruit_SPIDevice.cpp.o)
                              .pio/build/app_uno_bitbang/liba92/libAdafruit BusIO.a(Adafruit_BusIO_Register.cpp.o) (_ZN18Adafruit_SPIDevice5writeEPKhjS1_j)
.pio/build/app_uno_bitbang/libFrameworkArduino.a(Print.cpp.o)
                              .pio/build/app_uno_bitbang/liba92/libAdafruit BusIO.a(Adafruit_BusIO_Register.cpp.o) (_ZN5Print5printEPKc)
.pio/build/app_uno_bitbang/libFrameworkArduino.a(abi.cpp.o)
                              .pio/build/app_uno_bitbang/libFrameworkArduino.a(Print.cpp.o) (__cxa_pure_virtual)
.pio/build/app_uno_bitbang/lib895/libSPI.a(SPI.cpp.o)
[...]
Memory Configuration

Name             Origin             Length             Attributes
text             0x0000000000000000 0x0000000000020000 xr
data             0x0000000000800060 0x000000000000ffa0 rw !x
eeprom           0x0000000000810000 0x0000000000010000 rw !x
fuse             0x0000000000820000 0x0000000000000003 rw !x
lock             0x0000000000830000 0x0000000000000400 rw !x
signature        0x0000000000840000 0x0000000000000400 rw !x
user_signatures  0x0000000000850000 0x0000000000000400 rw !x
*default*        0x0000000000000000 0xffffffffffffffff

Linker script and memory map

Address of section .data set to 0x800100
LOAD /home/thiago_unix/.platformio/packages/toolchain-atmelavr/bin/../lib/gcc/avr/7.3.0/../../../../avr/lib/avr5/crtatmega328p.o
LOAD .pio/build/app_uno_bitbang/src/ArduinoCore/BSP/ArduinoUno/CS_ADC.cpp.o
LOAD .pio/build/app_uno_bitbang/src/ArduinoCore/BSP/ArduinoUno/GPIO_BSP.cpp.o
LOAD .pio/build/app_uno_bitbang/src/ArduinoCore/BSP/ArduinoUno/SystemConfig.cpp.o
LOAD .pio/build/app_uno_bitbang/src/ArduinoCore/BSP/ArduinoUno/TracePin.cpp.o
LOAD .pio/build/app_uno_bitbang/src/ArduinoCore/BitBang_UART/BitBang_AVR_Micros/bitbang_AVR_micros.cpp.o
LOAD .pio/build/app_uno_bitbang/src/ArduinoCore/Common/Commands/Commands.cpp.o
LOAD .pio/build/app_uno_bitbang/src/ArduinoCore/Common/Magnetometer/QMC5883P.cpp.o
LOAD .pio/build/app_uno_bitbang/src/ArduinoCore/Common/ServoController/ServoController.cpp.o
LOAD .pio/build/app_uno_bitbang/src/ArduinoCore/Common/SystemClock/SystemClock.cpp.o
LOAD .pio/build/app_uno_bitbang/src/ArduinoCore/Common/SystemTimer/Timer2.cpp.o
LOAD .pio/build/app_uno_bitbang/src/ArduinoCore/app.cpp.o
START GROUP
LOAD .pio/build/app_uno_bitbang/lib195/libWire.a
LOAD .pio/build/app_uno_bitbang/lib895/libSPI.a
LOAD .pio/build/app_uno_bitbang/liba92/libAdafruit BusIO.a
LOAD .pio/build/app_uno_bitbang/lib056/libAdafruit QMC5883P Library.a
LOAD .pio/build/app_uno_bitbang/libf12/libServo.a
LOAD .pio/build/app_uno_bitbang/lib12a/libComonArc.a
LOAD .pio/build/app_uno_bitbang/lib043/libCurrentSensor.a
LOAD .pio/build/app_uno_bitbang/liba69/libTimeService.a
LOAD .pio/build/app_uno_bitbang/libf4d/libYawController.a
LOAD .pio/build/app_uno_bitbang/libe79/libUserInterface.a
LOAD .pio/build/app_uno_bitbang/libFrameworkArduinoVariant.a
LOAD .pio/build/app_uno_bitbang/libFrameworkArduino.a
END GROUP
LOAD /home/thiago_unix/.platformio/packages/toolchain-atmelavr/bin/../lib/gcc/avr/7.3.0/avr5/libgcc.a
LOAD /home/thiago_unix/.platformio/packages/toolchain-atmelavr/bin/../lib/gcc/avr/7.3.0/../../../../avr/lib/avr5/libm.a
START GROUP
LOAD /home/thiago_unix/.platformio/packages/toolchain-atmelavr/bin/../lib/gcc/avr/7.3.0/avr5/libgcc.a
LOAD /home/thiago_unix/.platformio/packages/toolchain-atmelavr/bin/../lib/gcc/avr/7.3.0/../../../../avr/lib/avr5/libm.a
LOAD /home/thiago_unix/.platformio/packages/toolchain-atmelavr/bin/../lib/gcc/avr/7.3.0/../../../../avr/lib/avr5/libc.a
LOAD /home/thiago_unix/.platformio/packages/toolchain-atmelavr/bin/../lib/gcc/avr/7.3.0/../../../../avr/lib/avr5/libatmega328p.a
END GROUP
                0x0000000000020000                __TEXT_REGION_LENGTH__ = DEFINED (__TEXT_REGION_LENGTH__)?__TEXT_REGION_LENGTH__:0x20000
                0x000000000000ffa0                __DATA_REGION_LENGTH__ = DEFINED (__DATA_REGION_LENGTH__)?__DATA_REGION_LENGTH__:0xffa0
                0x0000000000010000                __EEPROM_REGION_LENGTH__ = DEFINED (__EEPROM_REGION_LENGTH__)?__EEPROM_REGION_LENGTH__:0x10000
                [0x0000000000000003]                __FUSE_REGION_LENGTH__ = DEFINED (__FUSE_REGION_LENGTH__)?__FUSE_REGION_LENGTH__:0x400
                0x0000000000000400                __LOCK_REGION_LENGTH__ = DEFINED (__LOCK_REGION_LENGTH__)?__LOCK_REGION_LENGTH__:0x400
                0x0000000000000400                __SIGNATURE_REGION_LENGTH__ = DEFINED (__SIGNATURE_REGION_LENGTH__)?__SIGNATURE_REGION_LENGTH__:0x400
                0x0000000000000400                __USER_SIGNATURE_REGION_LENGTH__ = DEFINED (__USER_SIGNATURE_REGION_LENGTH__)?__USER_SIGNATURE_REGION_LENGTH__:0x400

.hash
 *(.hash)

.dynsym
 *(.dynsym)

.dynstr
 *(.dynstr)

.gnu.version
 *(.gnu.version)

.gnu.version_d
 *(.gnu.version_d)

.gnu.version_r
 *(.gnu.version_r)

.rel.init
 *(.rel.init)

.rela.init
 *(.rela.init)

.rel.text
 *(.rel.text)
 *(.rel.text.*)
 *(.rel.gnu.linkonce.t*)

.rela.text
 *(.rela.text)
 *(.rela.text.*)
 *(.rela.gnu.linkonce.t*)

.rel.fini
 *(.rel.fini)

.rela.fini
 *(.rela.fini)

.rel.rodata
 *(.rel.rodata)
 *(.rel.rodata.*)
 *(.rel.gnu.linkonce.r*)

.rela.rodata
 *(.rela.rodata)
 *(.rela.rodata.*)
 *(.rela.gnu.linkonce.r*)

.rel.data
 *(.rel.data)
 *(.rel.data.*)
 *(.rel.gnu.linkonce.d*)

.rela.data
 *(.rela.data)
 *(.rela.data.*)
 *(.rela.gnu.linkonce.d*)

.rel.ctors
 *(.rel.ctors)

.rela.ctors
 *(.rela.ctors)

.rel.dtors
 *(.rel.dtors)

.rela.dtors
 *(.rela.dtors)

.rel.got
 *(.rel.got)

.rela.got
 *(.rela.got)

.rel.bss
 *(.rel.bss)

.rela.bss
 *(.rela.bss)

.rel.plt
 *(.rel.plt)

.rela.plt
 *(.rela.plt)

.text           0x0000000000000000     0x4b94
 *(.vectors)
 .vectors       0x0000000000000000       0x68 /home/thiago_unix/.platformio/packages/toolchain-atmelavr/bin/../lib/gcc/avr/7.3.0/../../../../avr/lib/avr5/crtatmega328p.o
                0x0000000000000000                __vectors
                0x0000000000000000                __vector_default
 *(.vectors)
 *(.progmem.gcc*)
 .progmem.gcc_fplib
                0x0000000000000068       0x2d /home/thiago_unix/.platformio/packages/toolchain-atmelavr/bin/../lib/gcc/avr/7.3.0/../../../../avr/lib/avr5/libm.a(atan.o)
                0x0000000000000096                . = ALIGN (0x2)
 *fill*         0x0000000000000095        0x1 
                0x0000000000000096                __trampolines_start = .
 *(.trampolines)
 .trampolines   0x0000000000000096        0x0 linker stubs
 *(.trampolines*)
                0x0000000000000096                __trampolines_end = .
 *libprintf_flt.a:*(.progmem.data)
 *libc.a:*(.progmem.data)
 *(.progmem*)
 .progmem.data.digital_pin_to_timer_PGM
                0x0000000000000096       0x14 .pio/build/app_uno_bitbang/libFrameworkArduino.a(wiring_digital.c.o)
                0x0000000000000096                digital_pin_to_timer_PGM
 .progmem.data.digital_pin_to_bit_mask_PGM
                0x00000000000000aa       0x14 .pio/build/app_uno_bitbang/libFrameworkArduino.a(wiring_digital.c.o)
                0x00000000000000aa                digital_pin_to_bit_mask_PGM
 .progmem.data.digital_pin_to_port_PGM
                0x00000000000000be       0x14 .pio/build/app_uno_bitbang/libFrameworkArduino.a(wiring_digital.c.o)
                0x00000000000000be                digital_pin_to_port_PGM
 .progmem.data.port_to_input_PGM
                0x00000000000000d2        0xa .pio/build/app_uno_bitbang/libFrameworkArduino.a(wiring_digital.c.o)
                0x00000000000000d2                port_to_input_PGM
 .progmem.data.port_to_output_PGM
                0x00000000000000dc        0xa .pio/build/app_uno_bitbang/libFrameworkArduino.a(wiring_digital.c.o)
                0x00000000000000dc                port_to_output_PGM
 .progmem.data.port_to_mode_PGM
                0x00000000000000e6        0xa .pio/build/app_uno_bitbang/libFrameworkArduino.a(wiring_digital.c.o)
                0x00000000000000e6                port_to_mode_PGM
                0x00000000000000f0                . = ALIGN (0x2)
 *(.jumptables)
 *(.jumptables*)
 *(.lowtext)
 *(.lowtext*)
                0x00000000000000f0                __ctors_start = .
 *(.ctors)
 .ctors         0x00000000000000f0        0x2 .pio/build/app_uno_bitbang/src/ArduinoCore/Common/Magnetometer/QMC5883P.cpp.o
 .ctors         0x00000000000000f2        0x2 .pio/build/app_uno_bitbang/src/ArduinoCore/Common/ServoController/ServoController.cpp.o
 .ctors         0x00000000000000f4        0x2 .pio/build/app_uno_bitbang/lib195/libWire.a(Wire.cpp.o)
                0x00000000000000f6                __ctors_end = .
                0x00000000000000f6                __dtors_start = .
 *(.dtors)
 .dtors         0x00000000000000f6        0x2 .pio/build/app_uno_bitbang/src/ArduinoCore/Common/Magnetometer/QMC5883P.cpp.o
                0x00000000000000f8                __dtors_end = .
 SORT(*)(.ctors)
 SORT(*)(.dtors)
 *(.init0)
 .init0         0x00000000000000f8        0x0 /home/thiago_unix/.platformio/packages/toolchain-atmelavr/bin/../lib/gcc/avr/7.3.0/../../../../avr/lib/avr5/crtatmega328p.o
                0x00000000000000f8                __init
 *(.init0)
 *(.init1)
 *(.init1)
 *(.init2)
 .init2         0x00000000000000f8        0xc /home/thiago_unix/.platformio/packages/toolchain-atmelavr/bin/../lib/gcc/avr/7.3.0/../../../../avr/lib/avr5/crtatmega328p.o
 *(.init2)
 *(.init3)
 *(.init3)
 *(.init4)
 .init4         0x0000000000000104       0x16 /home/thiago_unix/.platformio/packages/toolchain-atmelavr/bin/../lib/gcc/avr/7.3.0/avr5/libgcc.a(_copy_data.o)
                0x0000000000000104                __do_copy_data
 .init4         0x000000000000011a       0x10 /home/thiago_unix/.platformio/packages/toolchain-atmelavr/bin/../lib/gcc/avr/7.3.0/avr5/libgcc.a(_clear_bss.o)
                0x000000000000011a                __do_clear_bss
 *(.init4)
 *(.init5)
 *(.init5)
 *(.init6)
 .init6         0x000000000000012a       0x16 /home/thiago_unix/.platformio/packages/toolchain-atmelavr/bin/../lib/gcc/avr/7.3.0/avr5/libgcc.a(_ctors.o)
                0x000000000000012a                __do_global_ctors
 *(.init6)
 *(.init7)
 *(.init7)
 *(.init8)
 *(.init8)
 *(.init9)
 .init9         0x0000000000000140        0x8 /home/thiago_unix/.platformio/packages/toolchain-atmelavr/bin/../lib/gcc/avr/7.3.0/../../../../avr/lib/avr5/crtatmega328p.o
 *(.init9)
 *(.text)
 .text          0x0000000000000148        0x4 /home/thiago_unix/.platformio/packages/toolchain-atmelavr/bin/../lib/gcc/avr/7.3.0/../../../../avr/lib/avr5/crtatmega328p.o
                0x0000000000000148                __vector_22
                0x0000000000000148                __vector_1
                0x0000000000000148                __vector_12
                0x0000000000000148                __bad_interrupt
                0x0000000000000148                __vector_6
                0x0000000000000148                __vector_3
                0x0000000000000148                __vector_23
                0x0000000000000148                __vector_25
                0x0000000000000148                __vector_13
                0x0000000000000148                __vector_17
                0x0000000000000148                __vector_19
                0x0000000000000148                __vector_7
                0x0000000000000148                __vector_5
                0x0000000000000148                __vector_4
                0x0000000000000148                __vector_9
                0x0000000000000148                __vector_2
                0x0000000000000148                __vector_21
                0x0000000000000148                __vector_15
                0x0000000000000148                __vector_8
                0x0000000000000148                __vector_14
                0x0000000000000148                __vector_10
                0x0000000000000148                __vector_18
                0x0000000000000148                __vector_20
                0x000000000000014c                . = ALIGN (0x2)
 *(.text.*)
 .text._Z12setADCParamsv
                0x000000000000014c       0x2e .pio/build/app_uno_bitbang/src/ArduinoCore/BSP/ArduinoUno/CS_ADC.cpp.o
                0x000000000000014c                _Z12setADCParamsv
 .text.CS_ADC_Create
                0x000000000000017a       0x7e .pio/build/app_uno_bitbang/src/ArduinoCore/BSP/ArduinoUno/CS_ADC.cpp.o
                0x000000000000017a                CS_ADC_Create
 .text.CS_ADC_GetValue
                0x00000000000001f8       0x46 .pio/build/app_uno_bitbang/src/ArduinoCore/BSP/ArduinoUno/CS_ADC.cpp.o
                0x00000000000001f8                CS_ADC_GetValue
 .text.BSP_GetPin
                0x000000000000023e       0x20 .pio/build/app_uno_bitbang/src/ArduinoCore/BSP/ArduinoUno/GPIO_BSP.cpp.o
                0x000000000000023e                BSP_GetPin
 .text.GPIO_Create
                0x000000000000025e        0x6 .pio/build/app_uno_bitbang/src/ArduinoCore/BSP/ArduinoUno/GPIO_BSP.cpp.o
                0x000000000000025e                GPIO_Create
 .text.GPIO_ConfigPin
                0x0000000000000264       0x40 .pio/build/app_uno_bitbang/src/ArduinoCore/BSP/ArduinoUno/GPIO_BSP.cpp.o
                0x0000000000000264                GPIO_ConfigPin
 .text.GPIO_WritePin
                0x00000000000002a4       0x22 .pio/build/app_uno_bitbang/src/ArduinoCore/BSP/ArduinoUno/GPIO_BSP.cpp.o
                0x00000000000002a4                GPIO_WritePin
 .text.GPIO_ReadPin
                0x00000000000002c6       0x30 .pio/build/app_uno_bitbang/src/ArduinoCore/BSP/ArduinoUno/GPIO_BSP.cpp.o
                0x00000000000002c6                GPIO_ReadPin
 .text.SystemConfig_Init
                0x00000000000002f6        0x2 .pio/build/app_uno_bitbang/src/ArduinoCore/BSP/ArduinoUno/SystemConfig.cpp.o
                0x00000000000002f6                SystemConfig_Init
 .text.TracePin_Initialize
                0x00000000000002f8        0x6 .pio/build/app_uno_bitbang/src/ArduinoCore/BSP/ArduinoUno/TracePin.cpp.o
                0x00000000000002f8                TracePin_Initialize
 .text.TracePin_On
                0x00000000000002fe        0x4 .pio/build/app_uno_bitbang/src/ArduinoCore/BSP/ArduinoUno/TracePin.cpp.o
                0x00000000000002fe                TracePin_On
 .text.TracePin_Off
                0x0000000000000302        0x4 .pio/build/app_uno_bitbang/src/ArduinoCore/BSP/ArduinoUno/TracePin.cpp.o
                0x0000000000000302                TracePin_Off
 .text._ZL12uartDelayBitv
                0x0000000000000306       0x80 .pio/build/app_uno_bitbang/src/ArduinoCore/BitBang_UART/BitBang_AVR_Micros/bitbang_AVR_micros.cpp.o
 .text.HAL_UART_Init
                0x0000000000000386       0x2c .pio/build/app_uno_bitbang/src/ArduinoCore/BitBang_UART/BitBang_AVR_Micros/bitbang_AVR_micros.cpp.o
                0x0000000000000386                HAL_UART_Init
 .text.HAL_UART_SendByte
                0x00000000000003b2       0x62 .pio/build/app_uno_bitbang/src/ArduinoCore/BitBang_UART/BitBang_AVR_Micros/bitbang_AVR_micros.cpp.o
                0x00000000000003b2                HAL_UART_SendByte
 .text.HAL_UART_SendPayload
                0x0000000000000414       0x28 .pio/build/app_uno_bitbang/src/ArduinoCore/BitBang_UART/BitBang_AVR_Micros/bitbang_AVR_micros.cpp.o
                0x0000000000000414                HAL_UART_SendPayload
 .text.HAL_UART_ReceivePayload
                0x000000000000043c        0x8 .pio/build/app_uno_bitbang/src/ArduinoCore/BitBang_UART/BitBang_AVR_Micros/bitbang_AVR_micros.cpp.o
                0x000000000000043c                HAL_UART_ReceivePayload
 .text._ZL13Command_ErroriPPc
                0x0000000000000444       0x22 .pio/build/app_uno_bitbang/src/ArduinoCore/Common/Commands/Commands.cpp.o
 .text._ZL12Command_PingiPPc
                0x0000000000000466       0x22 .pio/build/app_uno_bitbang/src/ArduinoCore/Common/Commands/Commands.cpp.o
 .text._ZL12Command_BuzziPPc
                0x0000000000000488       0x32 .pio/build/app_uno_bitbang/src/ArduinoCore/Common/Commands/Commands.cpp.o
 .text._ZL11Command_LediPPc
                0x00000000000004ba       0x32 .pio/build/app_uno_bitbang/src/ArduinoCore/Common/Commands/Commands.cpp.o
 .text._Z9parseUIntPKc
                0x00000000000004ec       0x44 .pio/build/app_uno_bitbang/src/ArduinoCore/Common/Commands/Commands.cpp.o
                0x00000000000004ec                _Z9parseUIntPKc
 .text._ZL13Command_ServoiPPc
                0x0000000000000530       0x34 .pio/build/app_uno_bitbang/src/ArduinoCore/Common/Commands/Commands.cpp.o
 .text.Commands_GetCommandTable
                0x0000000000000564        0x6 .pio/build/app_uno_bitbang/src/ArduinoCore/Common/Commands/Commands.cpp.o
                0x0000000000000564                Commands_GetCommandTable
 .text.Magnetometer_Create
                0x000000000000056a       0xd0 .pio/build/app_uno_bitbang/src/ArduinoCore/Common/Magnetometer/QMC5883P.cpp.o
                0x000000000000056a                Magnetometer_Create
 .text.Magnetometer_NewRead
                0x000000000000063a      0x1f6 .pio/build/app_uno_bitbang/src/ArduinoCore/Common/Magnetometer/QMC5883P.cpp.o
                0x000000000000063a                Magnetometer_NewRead
 .text.Magnetometer_GetHeading
                0x0000000000000830       0x22 .pio/build/app_uno_bitbang/src/ArduinoCore/Common/Magnetometer/QMC5883P.cpp.o
                0x0000000000000830                Magnetometer_GetHeading
 .text.startup._GLOBAL__sub_I_Magnetometer_Create
                0x0000000000000852        0x8 .pio/build/app_uno_bitbang/src/ArduinoCore/Common/Magnetometer/QMC5883P.cpp.o
 .text.exit._GLOBAL__sub_D_Magnetometer_Create
                0x000000000000085a        0x8 .pio/build/app_uno_bitbang/src/ArduinoCore/Common/Magnetometer/QMC5883P.cpp.o
 .text.ServoController_Create
                0x0000000000000862       0x3c .pio/build/app_uno_bitbang/src/ArduinoCore/Common/ServoController/ServoController.cpp.o
                0x0000000000000862                ServoController_Create
 .text.ServoController_Destroy
                0x000000000000089e       0x20 .pio/build/app_uno_bitbang/src/ArduinoCore/Common/ServoController/ServoController.cpp.o
                0x000000000000089e                ServoController_Destroy
 .text.ServoController_SetServo
                0x00000000000008be       0x6a .pio/build/app_uno_bitbang/src/ArduinoCore/Common/ServoController/ServoController.cpp.o
                0x00000000000008be                ServoController_SetServo
 .text.startup._GLOBAL__sub_I_ServoController_Create
                0x0000000000000928        0x8 .pio/build/app_uno_bitbang/src/ArduinoCore/Common/ServoController/ServoController.cpp.o
 .text.SystemClock_Time
                0x0000000000000930        0x4 .pio/build/app_uno_bitbang/src/ArduinoCore/Common/SystemClock/SystemClock.cpp.o
                0x0000000000000930                SystemClock_Time
 .text._ZL14buttonFunctionv
                0x0000000000000934       0x1e .pio/build/app_uno_bitbang/src/ArduinoCore/app.cpp.o
 .text._ZL13UART_Transmit15Log_Subsystem_t11Log_Level_t15Log_MessageId_tPhj
                0x0000000000000952       0x44 .pio/build/app_uno_bitbang/src/ArduinoCore/app.cpp.o
 .text._ZL9ErrorLoop15Log_Subsystem_t11Log_Level_t15Log_MessageId_tPhj
                0x0000000000000996       0xf8 .pio/build/app_uno_bitbang/src/ArduinoCore/app.cpp.o
 .text.setup    0x0000000000000a8e       0xc4 .pio/build/app_uno_bitbang/src/ArduinoCore/app.cpp.o
                0x0000000000000a8e                setup
 .text.loop     0x0000000000000b52      0x2ca .pio/build/app_uno_bitbang/src/ArduinoCore/app.cpp.o
                0x0000000000000b52                loop
 .text._ZN5Print17availableForWriteEv
                0x0000000000000e1c        0x6 .pio/build/app_uno_bitbang/lib195/libWire.a(Wire.cpp.o)
                0x0000000000000e1c                _ZN5Print17availableForWriteEv
 .text._ZN7TwoWire9availableEv
                0x0000000000000e22        0xe .pio/build/app_uno_bitbang/lib195/libWire.a(Wire.cpp.o)
                0x0000000000000e22                _ZN7TwoWire9availableEv
 .text._ZN7TwoWire4readEv
                0x0000000000000e30       0x26 .pio/build/app_uno_bitbang/lib195/libWire.a(Wire.cpp.o)
                0x0000000000000e30                _ZN7TwoWire4readEv
 .text._ZN7TwoWire4peekEv
                0x0000000000000e56       0x1e .pio/build/app_uno_bitbang/lib195/libWire.a(Wire.cpp.o)
                0x0000000000000e56                _ZN7TwoWire4peekEv
 .text._ZN7TwoWire5flushEv
                0x0000000000000e74        0x2 .pio/build/app_uno_bitbang/lib195/libWire.a(Wire.cpp.o)
                0x0000000000000e74                _ZN7TwoWire5flushEv
 .text._ZN7TwoWire16onReceiveServiceEPhi
                0x0000000000000e76       0x54 .pio/build/app_uno_bitbang/lib195/libWire.a(Wire.cpp.o)
                0x0000000000000e76                _ZN7TwoWire16onReceiveServiceEPhi
 .text._ZN7TwoWire16onRequestServiceEv
                0x0000000000000eca       0x18 .pio/build/app_uno_bitbang/lib195/libWire.a(Wire.cpp.o)
                0x0000000000000eca                _ZN7TwoWire16onRequestServiceEv
 .text._ZN7TwoWire5writeEh
                0x0000000000000ee2       0x5e .pio/build/app_uno_bitbang/lib195/libWire.a(Wire.cpp.o)
                0x0000000000000ee2                _ZN7TwoWire5writeEh
 .text._ZN7TwoWire5writeEPKhj
                0x0000000000000f40       0x5a .pio/build/app_uno_bitbang/lib195/libWire.a(Wire.cpp.o)
                0x0000000000000f40                _ZN7TwoWire5writeEPKhj
 .text._ZN7TwoWire5beginEv
                0x0000000000000f9a       0x24 .pio/build/app_uno_bitbang/lib195/libWire.a(Wire.cpp.o)
                0x0000000000000f9a                _ZN7TwoWire5beginEv
 .text._ZN7TwoWire17beginTransmissionEh
                0x0000000000000fbe       0x14 .pio/build/app_uno_bitbang/lib195/libWire.a(Wire.cpp.o)
                0x0000000000000fbe                _ZN7TwoWire17beginTransmissionEh
 .text._ZN7TwoWire15endTransmissionEh
                0x0000000000000fd2       0x26 .pio/build/app_uno_bitbang/lib195/libWire.a(Wire.cpp.o)
                0x0000000000000fd2                _ZN7TwoWire15endTransmissionEh
 .text._ZN7TwoWire11requestFromEhhmhh
                0x0000000000000ff8       0xa6 .pio/build/app_uno_bitbang/lib195/libWire.a(Wire.cpp.o)
                0x0000000000000ff8                _ZN7TwoWire11requestFromEhhmhh
 .text._ZN7TwoWire11requestFromEhhh
                0x000000000000109e       0x20 .pio/build/app_uno_bitbang/lib195/libWire.a(Wire.cpp.o)
                0x000000000000109e                _ZN7TwoWire11requestFromEhhh
 .text._ZN7TwoWire15endTransmissionEv
                0x00000000000010be        0x6 .pio/build/app_uno_bitbang/lib195/libWire.a(Wire.cpp.o)
                0x00000000000010be                _ZN7TwoWire15endTransmissionEv
 .text.startup._GLOBAL__sub_I__ZN7TwoWire8rxBufferE
                0x00000000000010c4       0x22 .pio/build/app_uno_bitbang/lib195/libWire.a(Wire.cpp.o)
 .text.twi_init
                0x00000000000010e6       0x3c .pio/build/app_uno_bitbang/lib195/libWire.a(twi.c.o)
                0x00000000000010e6                twi_init
 .text.twi_disable
                0x0000000000001122       0x1a .pio/build/app_uno_bitbang/lib195/libWire.a(twi.c.o)
                0x0000000000001122                twi_disable
 .text.twi_transmit
                0x000000000000113c       0x4e .pio/build/app_uno_bitbang/lib195/libWire.a(twi.c.o)
                0x000000000000113c                twi_transmit
 .text.twi_attachSlaveRxEvent
                0x000000000000118a        0xa .pio/build/app_uno_bitbang/lib195/libWire.a(twi.c.o)
                0x000000000000118a                twi_attachSlaveRxEvent
 .text.twi_attachSlaveTxEvent
                0x0000000000001194        0xa .pio/build/app_uno_bitbang/lib195/libWire.a(twi.c.o)
                0x0000000000001194                twi_attachSlaveTxEvent
 .text.twi_releaseBus
                0x000000000000119e        0xc .pio/build/app_uno_bitbang/lib195/libWire.a(twi.c.o)
                0x000000000000119e                twi_releaseBus
 .text.twi_handleTimeout
                0x00000000000011aa       0x2c .pio/build/app_uno_bitbang/lib195/libWire.a(twi.c.o)
                0x00000000000011aa                twi_handleTimeout
 .text.twi_readFrom
                0x00000000000011d6      0x1c8 .pio/build/app_uno_bitbang/lib195/libWire.a(twi.c.o)
                0x00000000000011d6                twi_readFrom
 .text.twi_writeTo
                0x000000000000139e      0x1e4 .pio/build/app_uno_bitbang/lib195/libWire.a(twi.c.o)
                0x000000000000139e                twi_writeTo
 .text.twi_stop
                0x0000000000001582       0x70 .pio/build/app_uno_bitbang/lib195/libWire.a(twi.c.o)
                0x0000000000001582                twi_stop
 .text.__vector_24
                0x00000000000015f2      0x240 .pio/build/app_uno_bitbang/lib195/libWire.a(twi.c.o)
                0x00000000000015f2                __vector_24
 .text._ZN17Adafruit_QMC5883PC2Ev
                0x0000000000001832        0x8 .pio/build/app_uno_bitbang/lib056/libAdafruit QMC5883P Library.a(Adafruit_QMC5883P.cpp.o)
                0x0000000000001832                _ZN17Adafruit_QMC5883PC2Ev
                0x0000000000001832                _ZN17Adafruit_QMC5883PC1Ev
 .text._ZN17Adafruit_QMC5883PD2Ev
                0x000000000000183a       0x14 .pio/build/app_uno_bitbang/lib056/libAdafruit QMC5883P Library.a(Adafruit_QMC5883P.cpp.o)
                0x000000000000183a                _ZN17Adafruit_QMC5883PD2Ev
                0x000000000000183a                _ZN17Adafruit_QMC5883PD1Ev
 .text._ZN17Adafruit_QMC5883P5beginEhP7TwoWire
                0x000000000000184e       0xa8 .pio/build/app_uno_bitbang/lib056/libAdafruit QMC5883P Library.a(Adafruit_QMC5883P.cpp.o)
                0x000000000000184e                _ZN17Adafruit_QMC5883P5beginEhP7TwoWire
 .text._ZN17Adafruit_QMC5883P14getRawMagneticEPiS0_S0_
                0x00000000000018f6       0x98 .pio/build/app_uno_bitbang/lib056/libAdafruit QMC5883P Library.a(Adafruit_QMC5883P.cpp.o)
                0x00000000000018f6                _ZN17Adafruit_QMC5883P14getRawMagneticEPiS0_S0_
 .text._ZN17Adafruit_QMC5883P7setModeE15qmc5883p_mode_t
                0x000000000000198e       0x72 .pio/build/app_uno_bitbang/lib056/libAdafruit QMC5883P Library.a(Adafruit_QMC5883P.cpp.o)
                0x000000000000198e                _ZN17Adafruit_QMC5883P7setModeE15qmc5883p_mode_t
 .text._ZN17Adafruit_QMC5883P6setODRE14qmc5883p_odr_t
                0x0000000000001a00       0x72 .pio/build/app_uno_bitbang/lib056/libAdafruit QMC5883P Library.a(Adafruit_QMC5883P.cpp.o)
                0x0000000000001a00                _ZN17Adafruit_QMC5883P6setODRE14qmc5883p_odr_t
 .text._ZN17Adafruit_QMC5883P6setOSRE14qmc5883p_osr_t
                0x0000000000001a72       0x72 .pio/build/app_uno_bitbang/lib056/libAdafruit QMC5883P Library.a(Adafruit_QMC5883P.cpp.o)
                0x0000000000001a72                _ZN17Adafruit_QMC5883P6setOSRE14qmc5883p_osr_t
 .text._ZN17Adafruit_QMC5883P6setDSRE14qmc5883p_dsr_t
                0x0000000000001ae4       0x72 .pio/build/app_uno_bitbang/lib056/libAdafruit QMC5883P Library.a(Adafruit_QMC5883P.cpp.o)
                0x0000000000001ae4                _ZN17Adafruit_QMC5883P6setDSRE14qmc5883p_dsr_t
 .text._ZN17Adafruit_QMC5883P8setRangeE16qmc5883p_range_t
                0x0000000000001b56       0x72 .pio/build/app_uno_bitbang/lib056/libAdafruit QMC5883P Library.a(Adafruit_QMC5883P.cpp.o)
                0x0000000000001b56                _ZN17Adafruit_QMC5883P8setRangeE16qmc5883p_range_t
 .text.__vector_11
                0x0000000000001bc8      0x176 .pio/build/app_uno_bitbang/libf12/libServo.a(Servo.cpp.o)
                0x0000000000001bc8                __vector_11
 .text._ZN5ServoC2Ev
                0x0000000000001d3e       0x36 .pio/build/app_uno_bitbang/libf12/libServo.a(Servo.cpp.o)
                0x0000000000001d3e                _ZN5ServoC2Ev
                0x0000000000001d3e                _ZN5ServoC1Ev
 .text._ZN5Servo6attachEiii
                0x0000000000001d74       0xfe .pio/build/app_uno_bitbang/libf12/libServo.a(Servo.cpp.o)
                0x0000000000001d74                _ZN5Servo6attachEiii
 .text._ZN5Servo6attachEi
                0x0000000000001e72        0xc .pio/build/app_uno_bitbang/libf12/libServo.a(Servo.cpp.o)
                0x0000000000001e72                _ZN5Servo6attachEi
 .text._ZN5Servo6detachEv
                0x0000000000001e7e       0x1e .pio/build/app_uno_bitbang/libf12/libServo.a(Servo.cpp.o)
                0x0000000000001e7e                _ZN5Servo6detachEv
 .text._ZN5Servo17writeMicrosecondsEi
                0x0000000000001e9c       0x6e .pio/build/app_uno_bitbang/libf12/libServo.a(Servo.cpp.o)
                0x0000000000001e9c                _ZN5Servo17writeMicrosecondsEi
 .text._ZN5Servo5writeEi
                0x0000000000001f0a       0xb6 .pio/build/app_uno_bitbang/libf12/libServo.a(Servo.cpp.o)
                0x0000000000001f0a                _ZN5Servo5writeEi
 .text.CommandHandler_Create
                0x0000000000001fc0       0x3e .pio/build/app_uno_bitbang/lib12a/libComonArc.a(CommandHandler.c.o)
                0x0000000000001fc0                CommandHandler_Create
 .text.local_strtok_r
                0x0000000000001ffe       0x68 .pio/build/app_uno_bitbang/lib12a/libComonArc.a(CommandHandler.c.o)
                0x0000000000001ffe                local_strtok_r
 .text.parseCommandString
                0x0000000000002066       0x7a .pio/build/app_uno_bitbang/lib12a/libComonArc.a(CommandHandler.c.o)
                0x0000000000002066                parseCommandString
 .text.CommandHandler_ProcessCommand
                0x00000000000020e0       0xc6 .pio/build/app_uno_bitbang/lib12a/libComonArc.a(CommandHandler.c.o)
                0x00000000000020e0                CommandHandler_ProcessCommand
 .text.resetFilter
                0x00000000000021a6       0x18 .pio/build/app_uno_bitbang/lib12a/libComonArc.a(Logger.c.o)
 .text.Logger_ResetFilter
                0x00000000000021be       0x18 .pio/build/app_uno_bitbang/lib12a/libComonArc.a(Logger.c.o)
                0x00000000000021be                Logger_ResetFilter
 .text.Logger_Log
                0x00000000000021d6      0x110 .pio/build/app_uno_bitbang/lib12a/libComonArc.a(Logger.c.o)
                0x00000000000021d6                Logger_Log
 .text.Logger_Create
                0x00000000000022e6       0x60 .pio/build/app_uno_bitbang/lib12a/libComonArc.a(Logger.c.o)
                0x00000000000022e6                Logger_Create
 .text.setFilterInOneSubsystem
                0x0000000000002346       0x6e .pio/build/app_uno_bitbang/lib12a/libComonArc.a(Logger.c.o)
                0x0000000000002346                setFilterInOneSubsystem
 .text.Logger_SetFilter
                0x00000000000023b4       0x52 .pio/build/app_uno_bitbang/lib12a/libComonArc.a(Logger.c.o)
                0x00000000000023b4                Logger_SetFilter
 .text.Logger_Flush
                0x0000000000002406       0xde .pio/build/app_uno_bitbang/lib12a/libComonArc.a(Logger.c.o)
                0x0000000000002406                Logger_Flush
 .text.log_command_error_receiver_initialization_failed
                0x00000000000024e4       0x22 .pio/build/app_uno_bitbang/lib12a/libComonArc.a(Receiver.c.o)
 .text.Receiver_Create
                0x0000000000002506       0x6e .pio/build/app_uno_bitbang/lib12a/libComonArc.a(Receiver.c.o)
                0x0000000000002506                Receiver_Create
 .text.Receiver_Run
                0x0000000000002574      0x1a4 .pio/build/app_uno_bitbang/lib12a/libComonArc.a(Receiver.c.o)
                0x0000000000002574                Receiver_Run
 .text.Transmitter_Create
                0x0000000000002718       0x6a .pio/build/app_uno_bitbang/lib12a/libComonArc.a(Transmitter.c.o)
                0x0000000000002718                Transmitter_Create
 .text.Transmitter_AttachTransmitCallback
                0x0000000000002782       0x48 .pio/build/app_uno_bitbang/lib12a/libComonArc.a(Transmitter.c.o)
                0x0000000000002782                Transmitter_AttachTransmitCallback
 .text.Transmitter_Transmit
                0x00000000000027ca       0x8a .pio/build/app_uno_bitbang/lib12a/libComonArc.a(Transmitter.c.o)
                0x00000000000027ca                Transmitter_Transmit
 .text.CurrentSensor_Create
                0x0000000000002854      0x158 .pio/build/app_uno_bitbang/lib043/libCurrentSensor.a(CurrentSensor.c.o)
                0x0000000000002854                CurrentSensor_Create
 .text.CurrentSensor_NewRead
                0x00000000000029ac      0x13c .pio/build/app_uno_bitbang/lib043/libCurrentSensor.a(CurrentSensor.c.o)
                0x00000000000029ac                CurrentSensor_NewRead
 .text.SoftTimer_Create
                0x0000000000002ae8       0x46 .pio/build/app_uno_bitbang/liba69/libTimeService.a(SoftTimer.c.o)
                0x0000000000002ae8                SoftTimer_Create
 .text.SoftTimer_Destroy
                0x0000000000002b2e        0x8 .pio/build/app_uno_bitbang/liba69/libTimeService.a(SoftTimer.c.o)
                0x0000000000002b2e                SoftTimer_Destroy
 .text.SoftTimer_Check
                0x0000000000002b36       0x74 .pio/build/app_uno_bitbang/liba69/libTimeService.a(SoftTimer.c.o)
                0x0000000000002b36                SoftTimer_Check
 .text.log_servo_data_reference
                0x0000000000002baa       0x3a .pio/build/app_uno_bitbang/libf4d/libYawController.a(YawController.c.o)
 .text.YawController_Create
                0x0000000000002be4       0x56 .pio/build/app_uno_bitbang/libf4d/libYawController.a(YawController.c.o)
                0x0000000000002be4                YawController_Create
 .text.YawController_Destroy
                0x0000000000002c3a       0x1c .pio/build/app_uno_bitbang/libf4d/libYawController.a(YawController.c.o)
                0x0000000000002c3a                YawController_Destroy
 .text.YawController_Run
                0x0000000000002c56      0x10e .pio/build/app_uno_bitbang/libf4d/libYawController.a(YawController.c.o)
                0x0000000000002c56                YawController_Run
 .text.actuatorWrite
                0x0000000000002d64       0x46 .pio/build/app_uno_bitbang/libe79/libUserInterface.a(UserInterface.c.o)
 .text.UserInterface_Create
                0x0000000000002daa       0xea .pio/build/app_uno_bitbang/libe79/libUserInterface.a(UserInterface.c.o)
                0x0000000000002daa                UserInterface_Create
 .text.checkActuatorsBlink
                0x0000000000002e94       0x7c .pio/build/app_uno_bitbang/libe79/libUserInterface.a(UserInterface.c.o)
                0x0000000000002e94                checkActuatorsBlink
 .text.checkButton
                0x0000000000002f10       0xa2 .pio/build/app_uno_bitbang/libe79/libUserInterface.a(UserInterface.c.o)
                0x0000000000002f10                checkButton
 .text.UserInterface_Run
                0x0000000000002fb2       0x8c .pio/build/app_uno_bitbang/libe79/libUserInterface.a(UserInterface.c.o)
                0x0000000000002fb2                UserInterface_Run
 .text.UserInterface_BlinkComponent
                0x000000000000303e       0x9c .pio/build/app_uno_bitbang/libe79/libUserInterface.a(UserInterface.c.o)
                0x000000000000303e                UserInterface_BlinkComponent
 .text.UserInterface_AddButtonFunction
                0x00000000000030da       0x1c .pio/build/app_uno_bitbang/libe79/libUserInterface.a(UserInterface.c.o)
                0x00000000000030da                UserInterface_AddButtonFunction
 .text._Z3maplllll
                0x00000000000030f6       0x82 .pio/build/app_uno_bitbang/libFrameworkArduino.a(WMath.cpp.o)
                0x00000000000030f6                _Z3maplllll
 .text.initVariant
                0x0000000000003178        0x2 .pio/build/app_uno_bitbang/libFrameworkArduino.a(main.cpp.o)
                0x0000000000003178                initVariant
 .text.startup.main
                0x000000000000317a       0x1e .pio/build/app_uno_bitbang/libFrameworkArduino.a(main.cpp.o)
                0x000000000000317a                main
 .text._Znwj    0x0000000000003198        0xc .pio/build/app_uno_bitbang/libFrameworkArduino.a(new.cpp.o)
                0x0000000000003198                _Znwj
 .text._ZdlPv   0x00000000000031a4        0x4 .pio/build/app_uno_bitbang/libFrameworkArduino.a(new.cpp.o)
                0x00000000000031a4                _ZdlPv
 .text._ZdlPvj  0x00000000000031a8        0x4 .pio/build/app_uno_bitbang/libFrameworkArduino.a(new.cpp.o)
                0x00000000000031a8                _ZdlPvj
 .text.__vector_16
                0x00000000000031ac       0x94 .pio/build/app_uno_bitbang/libFrameworkArduino.a(wiring.c.o)
                0x00000000000031ac                __vector_16
 .text.micros   0x0000000000003240       0x4a .pio/build/app_uno_bitbang/libFrameworkArduino.a(wiring.c.o)
                0x0000000000003240                micros
 .text.delayMicroseconds
                0x000000000000328a       0x16 .pio/build/app_uno_bitbang/libFrameworkArduino.a(wiring.c.o)
                0x000000000000328a                delayMicroseconds
 .text.init     0x00000000000032a0       0x76 .pio/build/app_uno_bitbang/libFrameworkArduino.a(wiring.c.o)
                0x00000000000032a0                init
 .text.analogReference
                0x0000000000003316        0x6 .pio/build/app_uno_bitbang/libFrameworkArduino.a(wiring_analog.c.o)
                0x0000000000003316                analogReference
 .text.analogRead
                0x000000000000331c       0x36 .pio/build/app_uno_bitbang/libFrameworkArduino.a(wiring_analog.c.o)
                0x000000000000331c                analogRead
 .text.turnOffPWM
                0x0000000000003352       0x52 .pio/build/app_uno_bitbang/libFrameworkArduino.a(wiring_digital.c.o)
 .text.pinMode  0x00000000000033a4       0x78 .pio/build/app_uno_bitbang/libFrameworkArduino.a(wiring_digital.c.o)
                0x00000000000033a4                pinMode
 .text.digitalWrite
                0x000000000000341c       0x5c .pio/build/app_uno_bitbang/libFrameworkArduino.a(wiring_digital.c.o)
                0x000000000000341c                digitalWrite
 .text.digitalRead
                0x0000000000003478       0x52 .pio/build/app_uno_bitbang/libFrameworkArduino.a(wiring_digital.c.o)
                0x0000000000003478                digitalRead
 .text._ZN23Adafruit_BusIO_RegisterC2EP18Adafruit_I2CDevicejhhh
                0x00000000000034ca       0x26 .pio/build/app_uno_bitbang/liba92/libAdafruit BusIO.a(Adafruit_BusIO_Register.cpp.o)
                0x00000000000034ca                _ZN23Adafruit_BusIO_RegisterC2EP18Adafruit_I2CDevicejhhh
                0x00000000000034ca                _ZN23Adafruit_BusIO_RegisterC1EP18Adafruit_I2CDevicejhhh
 .text._ZN23Adafruit_BusIO_Register5writeEPhh
                0x00000000000034f0       0xd8 .pio/build/app_uno_bitbang/liba92/libAdafruit BusIO.a(Adafruit_BusIO_Register.cpp.o)
                0x00000000000034f0                _ZN23Adafruit_BusIO_Register5writeEPhh
 .text._ZN23Adafruit_BusIO_Register5writeEmh
                0x00000000000035c8       0x6c .pio/build/app_uno_bitbang/liba92/libAdafruit BusIO.a(Adafruit_BusIO_Register.cpp.o)
                0x00000000000035c8                _ZN23Adafruit_BusIO_Register5writeEmh
 .text._ZN23Adafruit_BusIO_Register4readEPhh
                0x0000000000003634       0xda .pio/build/app_uno_bitbang/liba92/libAdafruit BusIO.a(Adafruit_BusIO_Register.cpp.o)
                0x0000000000003634                _ZN23Adafruit_BusIO_Register4readEPhh
 .text._ZN23Adafruit_BusIO_Register4readEv
                0x000000000000370e       0x62 .pio/build/app_uno_bitbang/liba92/libAdafruit BusIO.a(Adafruit_BusIO_Register.cpp.o)
                0x000000000000370e                _ZN23Adafruit_BusIO_Register4readEv
 .text._ZN27Adafruit_BusIO_RegisterBitsC2EP23Adafruit_BusIO_Registerhh
                0x0000000000003770        0xc .pio/build/app_uno_bitbang/liba92/libAdafruit BusIO.a(Adafruit_BusIO_Register.cpp.o)
                0x0000000000003770                _ZN27Adafruit_BusIO_RegisterBitsC1EP23Adafruit_BusIO_Registerhh
                0x0000000000003770                _ZN27Adafruit_BusIO_RegisterBitsC2EP23Adafruit_BusIO_Registerhh
 .text._ZN27Adafruit_BusIO_RegisterBits5writeEm
                0x000000000000377c       0xae .pio/build/app_uno_bitbang/liba92/libAdafruit BusIO.a(Adafruit_BusIO_Register.cpp.o)
                0x000000000000377c                _ZN27Adafruit_BusIO_RegisterBits5writeEm
 .text._ZN22Adafruit_GenericDevice12readRegisterEPhhS0_j
                0x000000000000382a       0x2c .pio/build/app_uno_bitbang/liba92/libAdafruit BusIO.a(Adafruit_GenericDevice.cpp.o)
                0x000000000000382a                _ZN22Adafruit_GenericDevice12readRegisterEPhhS0_j
 .text._ZN22Adafruit_GenericDevice13writeRegisterEPhhPKhj
                0x0000000000003856       0x2c .pio/build/app_uno_bitbang/liba92/libAdafruit BusIO.a(Adafruit_GenericDevice.cpp.o)
                0x0000000000003856                _ZN22Adafruit_GenericDevice13writeRegisterEPhhPKhj
 .text._ZN18Adafruit_I2CDeviceC2EhP7TwoWire
                0x0000000000003882       0x14 .pio/build/app_uno_bitbang/liba92/libAdafruit BusIO.a(Adafruit_I2CDevice.cpp.o)
                0x0000000000003882                _ZN18Adafruit_I2CDeviceC1EhP7TwoWire
                0x0000000000003882                _ZN18Adafruit_I2CDeviceC2EhP7TwoWire
 .text._ZN18Adafruit_I2CDevice8detectedEv
                0x0000000000003896       0x3c .pio/build/app_uno_bitbang/liba92/libAdafruit BusIO.a(Adafruit_I2CDevice.cpp.o)
                0x0000000000003896                _ZN18Adafruit_I2CDevice8detectedEv
 .text._ZN18Adafruit_I2CDevice5beginEb
                0x00000000000038d2       0x30 .pio/build/app_uno_bitbang/liba92/libAdafruit BusIO.a(Adafruit_I2CDevice.cpp.o)
                0x00000000000038d2                _ZN18Adafruit_I2CDevice5beginEb
 .text._ZN18Adafruit_I2CDevice5writeEPKhjbS1_j
                0x0000000000003902       0xae .pio/build/app_uno_bitbang/liba92/libAdafruit BusIO.a(Adafruit_I2CDevice.cpp.o)
                0x0000000000003902                _ZN18Adafruit_I2CDevice5writeEPKhjbS1_j
 .text._ZN18Adafruit_I2CDevice5_readEPhjb
                0x00000000000039b0       0x66 .pio/build/app_uno_bitbang/liba92/libAdafruit BusIO.a(Adafruit_I2CDevice.cpp.o)
                0x00000000000039b0                _ZN18Adafruit_I2CDevice5_readEPhjb
 .text._ZN18Adafruit_I2CDevice4readEPhjb
                0x0000000000003a16       0x7e .pio/build/app_uno_bitbang/liba92/libAdafruit BusIO.a(Adafruit_I2CDevice.cpp.o)
                0x0000000000003a16                _ZN18Adafruit_I2CDevice4readEPhjb
 .text._ZN18Adafruit_I2CDevice15write_then_readEPKhjPhjb
                0x0000000000003a94       0x64 .pio/build/app_uno_bitbang/liba92/libAdafruit BusIO.a(Adafruit_I2CDevice.cpp.o)
                0x0000000000003a94                _ZN18Adafruit_I2CDevice15write_then_readEPKhjPhjb
 .text._ZN18Adafruit_SPIDevice8transferEPhj
                0x0000000000003af8      0x220 .pio/build/app_uno_bitbang/liba92/libAdafruit BusIO.a(Adafruit_SPIDevice.cpp.o)
                0x0000000000003af8                _ZN18Adafruit_SPIDevice8transferEPhj
 .text._ZN18Adafruit_SPIDevice8transferEh
                0x0000000000003d18       0x24 .pio/build/app_uno_bitbang/liba92/libAdafruit BusIO.a(Adafruit_SPIDevice.cpp.o)
                0x0000000000003d18                _ZN18Adafruit_SPIDevice8transferEh
 .text._ZN18Adafruit_SPIDevice16beginTransactionEv
                0x0000000000003d3c       0x4a .pio/build/app_uno_bitbang/liba92/libAdafruit BusIO.a(Adafruit_SPIDevice.cpp.o)
                0x0000000000003d3c                _ZN18Adafruit_SPIDevice16beginTransactionEv
 .text._ZN18Adafruit_SPIDevice14endTransactionEv
                0x0000000000003d86       0x2c .pio/build/app_uno_bitbang/liba92/libAdafruit BusIO.a(Adafruit_SPIDevice.cpp.o)
                0x0000000000003d86                _ZN18Adafruit_SPIDevice14endTransactionEv
 .text._ZN18Adafruit_SPIDevice13setChipSelectEi
                0x0000000000003db2        0xe .pio/build/app_uno_bitbang/liba92/libAdafruit BusIO.a(Adafruit_SPIDevice.cpp.o)
                0x0000000000003db2                _ZN18Adafruit_SPIDevice13setChipSelectEi
 .text._ZN18Adafruit_SPIDevice31beginTransactionWithAssertingCSEv
                0x0000000000003dc0       0x18 .pio/build/app_uno_bitbang/liba92/libAdafruit BusIO.a(Adafruit_SPIDevice.cpp.o)
                0x0000000000003dc0                _ZN18Adafruit_SPIDevice31beginTransactionWithAssertingCSEv
 .text._ZN18Adafruit_SPIDevice31endTransactionWithDeassertingCSEv
                0x0000000000003dd8       0x18 .pio/build/app_uno_bitbang/liba92/libAdafruit BusIO.a(Adafruit_SPIDevice.cpp.o)
                0x0000000000003dd8                _ZN18Adafruit_SPIDevice31endTransactionWithDeassertingCSEv
 .text._ZN18Adafruit_SPIDevice5writeEPKhjS1_j
                0x0000000000003df0       0x76 .pio/build/app_uno_bitbang/liba92/libAdafruit BusIO.a(Adafruit_SPIDevice.cpp.o)
                0x0000000000003df0                _ZN18Adafruit_SPIDevice5writeEPKhjS1_j
 .text._ZN18Adafruit_SPIDevice15write_then_readEPKhjPhjh
                0x0000000000003e66       0x80 .pio/build/app_uno_bitbang/liba92/libAdafruit BusIO.a(Adafruit_SPIDevice.cpp.o)
                0x0000000000003e66                _ZN18Adafruit_SPIDevice15write_then_readEPKhjPhjh
 .text.libgcc.mul
                0x0000000000003ee6       0x20 /home/thiago_unix/.platformio/packages/toolchain-atmelavr/bin/../lib/gcc/avr/7.3.0/avr5/libgcc.a(_mulsi3.o)
                0x0000000000003ee6                __mulsi3
 .text.libgcc.div
                0x0000000000003f06       0x18 /home/thiago_unix/.platformio/packages/toolchain-atmelavr/bin/../lib/gcc/avr/7.3.0/avr5/libgcc.a(_udivmodqi4.o)
                0x0000000000003f06                __udivmodqi4
 .text.libgcc.div
                0x0000000000003f1e       0x28 /home/thiago_unix/.platformio/packages/toolchain-atmelavr/bin/../lib/gcc/avr/7.3.0/avr5/libgcc.a(_divmodhi4.o)
                0x0000000000003f1e                __divmodhi4
                0x0000000000003f1e                _div
 .text.libgcc.div
                0x0000000000003f46       0x44 /home/thiago_unix/.platformio/packages/toolchain-atmelavr/bin/../lib/gcc/avr/7.3.0/avr5/libgcc.a(_udivmodsi4.o)
                0x0000000000003f46                __udivmodsi4
 .text.libgcc.div
                0x0000000000003f8a       0x2e /home/thiago_unix/.platformio/packages/toolchain-atmelavr/bin/../lib/gcc/avr/7.3.0/avr5/libgcc.a(_divmodsi4.o)
                0x0000000000003f8a                __divmodsi4
 .text.libgcc.div
                0x0000000000003fb8       0x10 /home/thiago_unix/.platformio/packages/toolchain-atmelavr/bin/../lib/gcc/avr/7.3.0/avr5/libgcc.a(_negsi2.o)
                0x0000000000003fb8                __negsi2
 .text.libgcc.mul
                0x0000000000003fc8       0x16 /home/thiago_unix/.platformio/packages/toolchain-atmelavr/bin/../lib/gcc/avr/7.3.0/avr5/libgcc.a(_muluhisi3.o)
                0x0000000000003fc8                __muluhisi3
 .text.libgcc.mul
                0x0000000000003fde       0x9e /home/thiago_unix/.platformio/packages/toolchain-atmelavr/bin/../lib/gcc/avr/7.3.0/avr5/libgcc.a(_muldi3.o)
                0x0000000000003fde                __muldi3
 .text.libgcc.mul
                0x000000000000407c       0x12 /home/thiago_unix/.platformio/packages/toolchain-atmelavr/bin/../lib/gcc/avr/7.3.0/avr5/libgcc.a(_muldi3_6.o)
                0x000000000000407c                __muldi3_6
 .text.libgcc.div
                0x000000000000408e       0x62 /home/thiago_unix/.platformio/packages/toolchain-atmelavr/bin/../lib/gcc/avr/7.3.0/avr5/libgcc.a(_divdi3.o)
                0x000000000000408e                __moddi3
                0x0000000000004092                __divdi3
                0x0000000000004094                __divdi3_moddi3
 .text.libgcc.div
                0x00000000000040f0       0x1c /home/thiago_unix/.platformio/packages/toolchain-atmelavr/bin/../lib/gcc/avr/7.3.0/avr5/libgcc.a(_udivdi3.o)
                0x00000000000040f0                __umoddi3
                0x00000000000040f4                __udivdi3
                0x00000000000040f6                __udivdi3_umoddi3
 .text.libgcc.div
                0x000000000000410c       0xa2 /home/thiago_unix/.platformio/packages/toolchain-atmelavr/bin/../lib/gcc/avr/7.3.0/avr5/libgcc.a(_udivmod64.o)
                0x000000000000410c                __udivmod64
 .text.libgcc   0x00000000000041ae       0x20 /home/thiago_unix/.platformio/packages/toolchain-atmelavr/bin/../lib/gcc/avr/7.3.0/avr5/libgcc.a(_negdi2.o)
                0x00000000000041ae                __negdi2
 .text.libgcc.prologue
                0x00000000000041ce       0x38 /home/thiago_unix/.platformio/packages/toolchain-atmelavr/bin/../lib/gcc/avr/7.3.0/avr5/libgcc.a(_prologue.o)
                0x00000000000041ce                __prologue_saves__
 .text.libgcc.prologue
                0x0000000000004206       0x36 /home/thiago_unix/.platformio/packages/toolchain-atmelavr/bin/../lib/gcc/avr/7.3.0/avr5/libgcc.a(_epilogue.o)
                0x0000000000004206                __epilogue_restores__
 .text.libgcc.div
                0x000000000000423c       0x28 /home/thiago_unix/.platformio/packages/toolchain-atmelavr/bin/../lib/gcc/avr/7.3.0/avr5/libgcc.a(_udivmodhi4.o)
                0x000000000000423c                __udivmodhi4
 .text.libgcc   0x0000000000004264        0xc /home/thiago_unix/.platformio/packages/toolchain-atmelavr/bin/../lib/gcc/avr/7.3.0/avr5/libgcc.a(_tablejump2.o)
                0x0000000000004264                __tablejump2__
 .text.libgcc.mul
                0x0000000000004270       0x1e /home/thiago_unix/.platformio/packages/toolchain-atmelavr/bin/../lib/gcc/avr/7.3.0/avr5/libgcc.a(_umulhisi3.o)
                0x0000000000004270                __umulhisi3
 .text.avr-libc.fplib
                0x000000000000428e        0xe /home/thiago_unix/.platformio/packages/toolchain-atmelavr/bin/../lib/gcc/avr/7.3.0/../../../../avr/lib/avr5/libm.a(addsf3.o)
                0x000000000000428e                __subsf3
                0x0000000000004290                __addsf3
 .text.avr-libc.fplib
                0x000000000000429c       0xcc /home/thiago_unix/.platformio/packages/toolchain-atmelavr/bin/../lib/gcc/avr/7.3.0/../../../../avr/lib/avr5/libm.a(addsf3x.o)
                0x00000000000042be                __addsf3x
 .text.avr-libc.fplib
                0x0000000000004368       0x86 /home/thiago_unix/.platformio/packages/toolchain-atmelavr/bin/../lib/gcc/avr/7.3.0/../../../../avr/lib/avr5/libm.a(atan2.o)
                0x000000000000438e                atan2
 .text.avr-libc.fplib
                0x00000000000043ee       0x5e /home/thiago_unix/.platformio/packages/toolchain-atmelavr/bin/../lib/gcc/avr/7.3.0/../../../../avr/lib/avr5/libm.a(atan.o)
                0x00000000000043ee                atan
 .text.avr-libc.fplib
                0x000000000000444c        0xa /home/thiago_unix/.platformio/packages/toolchain-atmelavr/bin/../lib/gcc/avr/7.3.0/../../../../avr/lib/avr5/libm.a(cmpsf2.o)
                0x000000000000444c                __lesf2
                0x000000000000444c                __nesf2
                0x000000000000444c                __eqsf2
                0x000000000000444c                __cmpsf2
                0x000000000000444c                __ltsf2
 .text.avr-libc.fplib
                0x0000000000004456        0x8 /home/thiago_unix/.platformio/packages/toolchain-atmelavr/bin/../lib/gcc/avr/7.3.0/../../../../avr/lib/avr5/libm.a(divsf3.o)
                0x0000000000004456                __divsf3
 .text.avr-libc.fplib
                0x000000000000445e       0xdc /home/thiago_unix/.platformio/packages/toolchain-atmelavr/bin/../lib/gcc/avr/7.3.0/../../../../avr/lib/avr5/libm.a(divsf3x.o)
                0x000000000000447e                __divsf3x
                0x0000000000004484                __divsf3_pse
 .text.avr-libc.fplib
                0x000000000000453a       0x78 /home/thiago_unix/.platformio/packages/toolchain-atmelavr/bin/../lib/gcc/avr/7.3.0/../../../../avr/lib/avr5/libm.a(fixsfdi.o)
                0x000000000000453a                __fixsfdi
                0x0000000000004544                __fixunssfdi
 .text.avr-libc.fplib
                0x00000000000045b2        0xe /home/thiago_unix/.platformio/packages/toolchain-atmelavr/bin/../lib/gcc/avr/7.3.0/../../../../avr/lib/avr5/libm.a(fixsfsi.o)
                0x00000000000045b2                __fixsfsi
 .text.avr-libc.fplib
                0x00000000000045c0       0x5e /home/thiago_unix/.platformio/packages/toolchain-atmelavr/bin/../lib/gcc/avr/7.3.0/../../../../avr/lib/avr5/libm.a(fixunssfsi.o)
                0x00000000000045c0                __fixunssfsi
 .text.avr-libc.fplib
                0x000000000000461e       0x7a /home/thiago_unix/.platformio/packages/toolchain-atmelavr/bin/../lib/gcc/avr/7.3.0/../../../../avr/lib/avr5/libm.a(floatsisf.o)
                0x000000000000461e                __floatunsisf
                0x0000000000004622                __floatsisf
 .text.avr-libc.fplib
                0x0000000000004698       0x48 /home/thiago_unix/.platformio/packages/toolchain-atmelavr/bin/../lib/gcc/avr/7.3.0/../../../../avr/lib/avr5/libm.a(fp_cmp.o)
                0x0000000000004698                __fp_cmp
 .text.avr-libc.fplib
                0x00000000000046e0        0xc /home/thiago_unix/.platformio/packages/toolchain-atmelavr/bin/../lib/gcc/avr/7.3.0/../../../../avr/lib/avr5/libm.a(fp_inf.o)
                0x00000000000046e0                __fp_inf
 .text.avr-libc.fplib
                0x00000000000046ec        0x6 /home/thiago_unix/.platformio/packages/toolchain-atmelavr/bin/../lib/gcc/avr/7.3.0/../../../../avr/lib/avr5/libm.a(fp_nan.o)
                0x00000000000046ec                __fp_nan
 .text.avr-libc.fplib
                0x00000000000046f2       0x20 /home/thiago_unix/.platformio/packages/toolchain-atmelavr/bin/../lib/gcc/avr/7.3.0/../../../../avr/lib/avr5/libm.a(fp_negdi.o)
                0x00000000000046f2                __fp_negdi
 .text.avr-libc.fplib
                0x0000000000004712       0x4e /home/thiago_unix/.platformio/packages/toolchain-atmelavr/bin/../lib/gcc/avr/7.3.0/../../../../avr/lib/avr5/libm.a(fp_powser.o)
                0x0000000000004712                __fp_powser
 .text.avr-libc.fplib
                0x0000000000004760        0xe /home/thiago_unix/.platformio/packages/toolchain-atmelavr/bin/../lib/gcc/avr/7.3.0/../../../../avr/lib/avr5/libm.a(fp_pscA.o)
                0x0000000000004760                __fp_pscA
 .text.avr-libc.fplib
                0x000000000000476e        0xe /home/thiago_unix/.platformio/packages/toolchain-atmelavr/bin/../lib/gcc/avr/7.3.0/../../../../avr/lib/avr5/libm.a(fp_pscB.o)
                0x000000000000476e                __fp_pscB
 .text.avr-libc.fplib
                0x000000000000477c       0x22 /home/thiago_unix/.platformio/packages/toolchain-atmelavr/bin/../lib/gcc/avr/7.3.0/../../../../avr/lib/avr5/libm.a(fp_round.o)
                0x000000000000477c                __fp_round
 .text.avr-libc.fplib
                0x000000000000479e       0x44 /home/thiago_unix/.platformio/packages/toolchain-atmelavr/bin/../lib/gcc/avr/7.3.0/../../../../avr/lib/avr5/libm.a(fp_split3.o)
                0x000000000000479e                __fp_split3
                0x00000000000047ae                __fp_splitA
 .text.avr-libc.fplib
                0x00000000000047e2        0xe /home/thiago_unix/.platformio/packages/toolchain-atmelavr/bin/../lib/gcc/avr/7.3.0/../../../../avr/lib/avr5/libm.a(fp_zero.o)
                0x00000000000047e2                __fp_zero
                0x00000000000047e4                __fp_szero
 .text.avr-libc.fplib
                0x00000000000047f0       0x10 /home/thiago_unix/.platformio/packages/toolchain-atmelavr/bin/../lib/gcc/avr/7.3.0/../../../../avr/lib/avr5/libm.a(inverse.o)
                0x00000000000047f0                inverse
 .text.avr-libc.fplib
                0x0000000000004800        0x8 /home/thiago_unix/.platformio/packages/toolchain-atmelavr/bin/../lib/gcc/avr/7.3.0/../../../../avr/lib/avr5/libm.a(mulsf3.o)
                0x0000000000004800                __mulsf3
 .text.avr-libc.fplib
                0x0000000000004808       0xd2 /home/thiago_unix/.platformio/packages/toolchain-atmelavr/bin/../lib/gcc/avr/7.3.0/../../../../avr/lib/avr5/libm.a(mulsf3x.o)
                0x0000000000004826                __mulsf3x
                0x000000000000482c                __mulsf3_pse
 .text.avr-libc.fplib
                0x00000000000048da        0x8 /home/thiago_unix/.platformio/packages/toolchain-atmelavr/bin/../lib/gcc/avr/7.3.0/../../../../avr/lib/avr5/libm.a(square.o)
                0x00000000000048da                square
 .text.avr-libc
                0x00000000000048e2      0x24a /home/thiago_unix/.platformio/packages/toolchain-atmelavr/bin/../lib/gcc/avr/7.3.0/../../../../avr/lib/avr5/libc.a(malloc.o)
                0x00000000000048e2                malloc
                0x0000000000004a1a                free
 .text.avr-libc
                0x0000000000004b2c       0x12 /home/thiago_unix/.platformio/packages/toolchain-atmelavr/bin/../lib/gcc/avr/7.3.0/../../../../avr/lib/avr5/libc.a(strcmp.o)
                0x0000000000004b2c                strcmp
 .text.avr-libc
                0x0000000000004b3e       0x1e /home/thiago_unix/.platformio/packages/toolchain-atmelavr/bin/../lib/gcc/avr/7.3.0/../../../../avr/lib/avr5/libc.a(strcspn.o)
                0x0000000000004b3e                strcspn
 .text.avr-libc
                0x0000000000004b5c       0x1e /home/thiago_unix/.platformio/packages/toolchain-atmelavr/bin/../lib/gcc/avr/7.3.0/../../../../avr/lib/avr5/libc.a(strspn.o)
                0x0000000000004b5c                strspn
                0x0000000000004b7a                . = ALIGN (0x2)
 *(.fini9)
 .fini9         0x0000000000004b7a        0x0 /home/thiago_unix/.platformio/packages/toolchain-atmelavr/bin/../lib/gcc/avr/7.3.0/avr5/libgcc.a(_exit.o)
                0x0000000000004b7a                exit
                0x0000000000004b7a                _exit
 *(.fini9)
 *(.fini8)
 *(.fini8)
 *(.fini7)
 *(.fini7)
 *(.fini6)
 .fini6         0x0000000000004b7a       0x16 /home/thiago_unix/.platformio/packages/toolchain-atmelavr/bin/../lib/gcc/avr/7.3.0/avr5/libgcc.a(_dtors.o)
                0x0000000000004b7a                __do_global_dtors
 *(.fini6)
 *(.fini5)
 *(.fini5)
 *(.fini4)
 *(.fini4)
 *(.fini3)
 *(.fini3)
 *(.fini2)
 *(.fini2)
 *(.fini1)
 *(.fini1)
 *(.fini0)
 .fini0         0x0000000000004b90        0x4 /home/thiago_unix/.platformio/packages/toolchain-atmelavr/bin/../lib/gcc/avr/7.3.0/avr5/libgcc.a(_exit.o)
 *(.fini0)
                0x0000000000004b94                _etext = .

.data           0x0000000000800100       0x60 load address 0x0000000000004b94
                0x0000000000800100                PROVIDE (__data_start, .)
 *(.data)
 .data          0x0000000000800100        0x6 /home/thiago_unix/.platformio/packages/toolchain-atmelavr/bin/../lib/gcc/avr/7.3.0/../../../../avr/lib/avr5/libc.a(malloc.o)
                0x0000000000800100                __malloc_heap_end
                0x0000000000800102                __malloc_heap_start
                0x0000000000800104                __malloc_margin
 *(.data*)
 .data._ZL11bsp_pin_map
                0x0000000000800106       0x12 .pio/build/app_uno_bitbang/src/ArduinoCore/BSP/ArduinoUno/GPIO_BSP.cpp.o
 .data.analog_reference
                0x0000000000800118        0x1 .pio/build/app_uno_bitbang/libFrameworkArduino.a(wiring_analog.c.o)
                0x0000000000800118                analog_reference
 *(.gnu.linkonce.d*)
 *(.rodata)
 *(.rodata*)
 .rodata.str1.1
                0x0000000000800119       0x1a .pio/build/app_uno_bitbang/src/ArduinoCore/Common/Commands/Commands.cpp.o
                                         0x1b (size before relaxing)
 .rodata._ZL14systemCommands
                0x0000000000800133       0x18 .pio/build/app_uno_bitbang/src/ArduinoCore/Common/Commands/Commands.cpp.o
 .rodata._ZTV7TwoWire
                0x000000000080014b       0x12 .pio/build/app_uno_bitbang/lib195/libWire.a(Wire.cpp.o)
                0x000000000080014b                _ZTV7TwoWire
 .rodata.parseCommandString.str1.1
                0x000000000080015d        0x3 .pio/build/app_uno_bitbang/lib12a/libComonArc.a(CommandHandler.c.o)
 *(.gnu.linkonce.r*)
                0x0000000000800160                . = ALIGN (0x2)
                0x0000000000800160                _edata = .
                0x0000000000800160                PROVIDE (__data_end, .)

.bss            0x0000000000800160      0x2d9
                0x0000000000800160                PROVIDE (__bss_start, .)
 *(.bss)
 *(.bss*)
 .bss._ZL9adcParams
                0x0000000000800160        0xc .pio/build/app_uno_bitbang/src/ArduinoCore/BSP/ArduinoUno/CS_ADC.cpp.o
 .bss._ZL11initialized
                0x000000000080016c        0x1 .pio/build/app_uno_bitbang/src/ArduinoCore/BSP/ArduinoUno/CS_ADC.cpp.o
 .bss._ZL6adcPin
                0x000000000080016d        0x2 .pio/build/app_uno_bitbang/src/ArduinoCore/BSP/ArduinoUno/CS_ADC.cpp.o
 .bss._ZL15uartInitialized
                0x000000000080016f        0x1 .pio/build/app_uno_bitbang/src/ArduinoCore/BitBang_UART/BitBang_AVR_Micros/bitbang_AVR_micros.cpp.o
 .bss._ZL14nextBitTime_us
                0x0000000000800170        0x4 .pio/build/app_uno_bitbang/src/ArduinoCore/BitBang_UART/BitBang_AVR_Micros/bitbang_AVR_micros.cpp.o
 .bss._ZL10bitTime_us
                0x0000000000800174        0x4 .pio/build/app_uno_bitbang/src/ArduinoCore/BitBang_UART/BitBang_AVR_Micros/bitbang_AVR_micros.cpp.o
 .bss._ZL18savedHeading_int16
                0x0000000000800178        0x2 .pio/build/app_uno_bitbang/src/ArduinoCore/Common/Magnetometer/QMC5883P.cpp.o
 .bss._ZL9Yfiltered
                0x000000000080017a        0x4 .pio/build/app_uno_bitbang/src/ArduinoCore/Common/Magnetometer/QMC5883P.cpp.o
 .bss._ZL9Xfiltered
                0x000000000080017e        0x4 .pio/build/app_uno_bitbang/src/ArduinoCore/Common/Magnetometer/QMC5883P.cpp.o
 .bss._ZL7Yoffset
                0x0000000000800182        0x2 .pio/build/app_uno_bitbang/src/ArduinoCore/Common/Magnetometer/QMC5883P.cpp.o
 .bss._ZL7Xoffset
                0x0000000000800184        0x2 .pio/build/app_uno_bitbang/src/ArduinoCore/Common/Magnetometer/QMC5883P.cpp.o
 .bss._ZL3qmc   0x0000000000800186        0x2 .pio/build/app_uno_bitbang/src/ArduinoCore/Common/Magnetometer/QMC5883P.cpp.o
 .bss._ZL11initialized
                0x0000000000800188        0x1 .pio/build/app_uno_bitbang/src/ArduinoCore/Common/Magnetometer/QMC5883P.cpp.o
 .bss._ZL16servoInitialized
                0x0000000000800189        0x1 .pio/build/app_uno_bitbang/src/ArduinoCore/Common/ServoController/ServoController.cpp.o
 .bss._ZL5servo
                0x000000000080018a        0x3 .pio/build/app_uno_bitbang/src/ArduinoCore/Common/ServoController/ServoController.cpp.o
 .bss._ZZL9ErrorLoop15Log_Subsystem_t11Log_Level_t15Log_MessageId_tPhjE10errorState
                0x000000000080018d        0x1 .pio/build/app_uno_bitbang/src/ArduinoCore/app.cpp.o
 .bss._ZL9loopTimer
                0x000000000080018e        0x9 .pio/build/app_uno_bitbang/src/ArduinoCore/app.cpp.o
 .bss._ZL20yawControllerRunning
                0x0000000000800197        0x1 .pio/build/app_uno_bitbang/src/ArduinoCore/app.cpp.o
 .bss.Wire      0x0000000000800198        0xc .pio/build/app_uno_bitbang/lib195/libWire.a(Wire.cpp.o)
                0x0000000000800198                Wire
 .bss._ZN7TwoWire14user_onReceiveE
                0x00000000008001a4        0x2 .pio/build/app_uno_bitbang/lib195/libWire.a(Wire.cpp.o)
                0x00000000008001a4                _ZN7TwoWire14user_onReceiveE
 .bss._ZN7TwoWire14user_onRequestE
                0x00000000008001a6        0x2 .pio/build/app_uno_bitbang/lib195/libWire.a(Wire.cpp.o)
                0x00000000008001a6                _ZN7TwoWire14user_onRequestE
 .bss._ZN7TwoWire12transmittingE
                0x00000000008001a8        0x1 .pio/build/app_uno_bitbang/lib195/libWire.a(Wire.cpp.o)
                0x00000000008001a8                _ZN7TwoWire12transmittingE
 .bss._ZN7TwoWire14txBufferLengthE
                0x00000000008001a9        0x1 .pio/build/app_uno_bitbang/lib195/libWire.a(Wire.cpp.o)
                0x00000000008001a9                _ZN7TwoWire14txBufferLengthE
 .bss._ZN7TwoWire13txBufferIndexE
                0x00000000008001aa        0x1 .pio/build/app_uno_bitbang/lib195/libWire.a(Wire.cpp.o)
                0x00000000008001aa                _ZN7TwoWire13txBufferIndexE
 .bss._ZN7TwoWire8txBufferE
                0x00000000008001ab       0x20 .pio/build/app_uno_bitbang/lib195/libWire.a(Wire.cpp.o)
                0x00000000008001ab                _ZN7TwoWire8txBufferE
 .bss._ZN7TwoWire9txAddressE
                0x00000000008001cb        0x1 .pio/build/app_uno_bitbang/lib195/libWire.a(Wire.cpp.o)
                0x00000000008001cb                _ZN7TwoWire9txAddressE
 .bss._ZN7TwoWire14rxBufferLengthE
                0x00000000008001cc        0x1 .pio/build/app_uno_bitbang/lib195/libWire.a(Wire.cpp.o)
                0x00000000008001cc                _ZN7TwoWire14rxBufferLengthE
 .bss._ZN7TwoWire13rxBufferIndexE
                0x00000000008001cd        0x1 .pio/build/app_uno_bitbang/lib195/libWire.a(Wire.cpp.o)
                0x00000000008001cd                _ZN7TwoWire13rxBufferIndexE
 .bss._ZN7TwoWire8rxBufferE
                0x00000000008001ce       0x20 .pio/build/app_uno_bitbang/lib195/libWire.a(Wire.cpp.o)
                0x00000000008001ce                _ZN7TwoWire8rxBufferE
 .bss.twi_error
                0x00000000008001ee        0x1 .pio/build/app_uno_bitbang/lib195/libWire.a(twi.c.o)
 .bss.twi_rxBufferIndex
                0x00000000008001ef        0x1 .pio/build/app_uno_bitbang/lib195/libWire.a(twi.c.o)
 .bss.twi_rxBuffer
                0x00000000008001f0       0x20 .pio/build/app_uno_bitbang/lib195/libWire.a(twi.c.o)
 .bss.twi_txBufferLength
                0x0000000000800210        0x1 .pio/build/app_uno_bitbang/lib195/libWire.a(twi.c.o)
 .bss.twi_txBufferIndex
                0x0000000000800211        0x1 .pio/build/app_uno_bitbang/lib195/libWire.a(twi.c.o)
 .bss.twi_txBuffer
                0x0000000000800212       0x20 .pio/build/app_uno_bitbang/lib195/libWire.a(twi.c.o)
 .bss.twi_masterBufferLength
                0x0000000000800232        0x1 .pio/build/app_uno_bitbang/lib195/libWire.a(twi.c.o)
 .bss.twi_masterBufferIndex
                0x0000000000800233        0x1 .pio/build/app_uno_bitbang/lib195/libWire.a(twi.c.o)
 .bss.twi_masterBuffer
                0x0000000000800234       0x20 .pio/build/app_uno_bitbang/lib195/libWire.a(twi.c.o)
 .bss.twi_onSlaveReceive
                0x0000000000800254        0x2 .pio/build/app_uno_bitbang/lib195/libWire.a(twi.c.o)
 .bss.twi_onSlaveTransmit
                0x0000000000800256        0x2 .pio/build/app_uno_bitbang/lib195/libWire.a(twi.c.o)
 .bss.twi_do_reset_on_timeout
                0x0000000000800258        0x1 .pio/build/app_uno_bitbang/lib195/libWire.a(twi.c.o)
 .bss.twi_timed_out_flag
                0x0000000000800259        0x1 .pio/build/app_uno_bitbang/lib195/libWire.a(twi.c.o)
 .bss.twi_timeout_us
                0x000000000080025a        0x4 .pio/build/app_uno_bitbang/lib195/libWire.a(twi.c.o)
 .bss.twi_inRepStart
                0x000000000080025e        0x1 .pio/build/app_uno_bitbang/lib195/libWire.a(twi.c.o)
 .bss.twi_sendStop
                0x000000000080025f        0x1 .pio/build/app_uno_bitbang/lib195/libWire.a(twi.c.o)
 .bss.twi_slarw
                0x0000000000800260        0x1 .pio/build/app_uno_bitbang/lib195/libWire.a(twi.c.o)
 .bss.twi_state
                0x0000000000800261        0x1 .pio/build/app_uno_bitbang/lib195/libWire.a(twi.c.o)
 .bss.ServoCount
                0x0000000000800262        0x1 .pio/build/app_uno_bitbang/libf12/libServo.a(Servo.cpp.o)
                0x0000000000800262                ServoCount
 .bss._ZL7Channel
                0x0000000000800263        0x1 .pio/build/app_uno_bitbang/libf12/libServo.a(Servo.cpp.o)
 .bss._ZL6servos
                0x0000000000800264       0x24 .pio/build/app_uno_bitbang/libf12/libServo.a(Servo.cpp.o)
 .bss.storedCommandTable
                0x0000000000800288        0x2 .pio/build/app_uno_bitbang/lib12a/libComonArc.a(CommandHandler.c.o)
 .bss.initialized
                0x000000000080028a        0x1 .pio/build/app_uno_bitbang/lib12a/libComonArc.a(CommandHandler.c.o)
 .bss.operatingMode
                0x000000000080028b        0x2 .pio/build/app_uno_bitbang/lib12a/libComonArc.a(Logger.c.o)
 .bss.overflowFlag
                0x000000000080028d        0x1 .pio/build/app_uno_bitbang/lib12a/libComonArc.a(Logger.c.o)
 .bss.initialized
                0x000000000080028e        0x1 .pio/build/app_uno_bitbang/lib12a/libComonArc.a(Logger.c.o)
 .bss.logFilter
                0x000000000080028f       0x1c .pio/build/app_uno_bitbang/lib12a/libComonArc.a(Logger.c.o)
 .bss.logBufferIndex
                0x00000000008002ab        0x2 .pio/build/app_uno_bitbang/lib12a/libComonArc.a(Logger.c.o)
 .bss.logBuffer
                0x00000000008002ad       0xc8 .pio/build/app_uno_bitbang/lib12a/libComonArc.a(Logger.c.o)
 .bss.timeoutTimer
                0x0000000000800375        0x4 .pio/build/app_uno_bitbang/lib12a/libComonArc.a(Receiver.c.o)
 .bss.storedCommandCallback
                0x0000000000800379        0x2 .pio/build/app_uno_bitbang/lib12a/libComonArc.a(Receiver.c.o)
 .bss.storedTimerCallback
                0x000000000080037b        0x2 .pio/build/app_uno_bitbang/lib12a/libComonArc.a(Receiver.c.o)
 .bss.commandBufferIndex
                0x000000000080037d        0x2 .pio/build/app_uno_bitbang/lib12a/libComonArc.a(Receiver.c.o)
 .bss.commandBuffer
                0x000000000080037f       0x32 .pio/build/app_uno_bitbang/lib12a/libComonArc.a(Receiver.c.o)
 .bss.commandCallbackOperation
                0x00000000008003b1        0x1 .pio/build/app_uno_bitbang/lib12a/libComonArc.a(Receiver.c.o)
 .bss.initialized
                0x00000000008003b2        0x1 .pio/build/app_uno_bitbang/lib12a/libComonArc.a(Receiver.c.o)
 .bss.storedCallbacksDelayed
                0x00000000008003b3        0x6 .pio/build/app_uno_bitbang/lib12a/libComonArc.a(Transmitter.c.o)
 .bss.storedCallbacksInstant
                0x00000000008003b9        0x6 .pio/build/app_uno_bitbang/lib12a/libComonArc.a(Transmitter.c.o)
 .bss.initialized
                0x00000000008003bf        0x1 .pio/build/app_uno_bitbang/lib12a/libComonArc.a(Transmitter.c.o)
 .bss.readAvailable
                0x00000000008003c0        0x1 .pio/build/app_uno_bitbang/lib043/libCurrentSensor.a(CurrentSensor.c.o)
 .bss.currentReading
                0x00000000008003c1        0x4 .pio/build/app_uno_bitbang/lib043/libCurrentSensor.a(CurrentSensor.c.o)
 .bss.conversionFactor
                0x00000000008003c5        0x8 .pio/build/app_uno_bitbang/lib043/libCurrentSensor.a(CurrentSensor.c.o)
 .bss.adcParameters
                0x00000000008003cd        0xc .pio/build/app_uno_bitbang/lib043/libCurrentSensor.a(CurrentSensor.c.o)
 .bss.initialized
                0x00000000008003d9        0x1 .pio/build/app_uno_bitbang/lib043/libCurrentSensor.a(CurrentSensor.c.o)
 .bss.currentServoHeading
                0x00000000008003da        0x2 .pio/build/app_uno_bitbang/libf4d/libYawController.a(YawController.c.o)
 .bss.currentReference
                0x00000000008003dc        0x2 .pio/build/app_uno_bitbang/libf4d/libYawController.a(YawController.c.o)
 .bss.referenceSet
                0x00000000008003de        0x1 .pio/build/app_uno_bitbang/libf4d/libYawController.a(YawController.c.o)
 .bss.resetTimer
                0x00000000008003df        0x9 .pio/build/app_uno_bitbang/libf4d/libYawController.a(YawController.c.o)
 .bss.initialized
                0x00000000008003e8        0x1 .pio/build/app_uno_bitbang/libf4d/libYawController.a(YawController.c.o)
 .bss.initialized
                0x00000000008003e9        0x1 .pio/build/app_uno_bitbang/libe79/libUserInterface.a(UserInterface.c.o)
 .bss.buttonCallback
                0x00000000008003ea        0x2 .pio/build/app_uno_bitbang/libe79/libUserInterface.a(UserInterface.c.o)
 .bss.buttonTimer
                0x00000000008003ec        0x9 .pio/build/app_uno_bitbang/libe79/libUserInterface.a(UserInterface.c.o)
 .bss.lastReading
                0x00000000008003f5        0x2 .pio/build/app_uno_bitbang/libe79/libUserInterface.a(UserInterface.c.o)
 .bss.buttonState
                0x00000000008003f7        0x2 .pio/build/app_uno_bitbang/libe79/libUserInterface.a(UserInterface.c.o)
 .bss.buttonPin
                0x00000000008003f9        0x2 .pio/build/app_uno_bitbang/libe79/libUserInterface.a(UserInterface.c.o)
 .bss.actuatorPins
                0x00000000008003fb        0x4 .pio/build/app_uno_bitbang/libe79/libUserInterface.a(UserInterface.c.o)
 .bss.actuatorSchedulers
                0x00000000008003ff       0x2a .pio/build/app_uno_bitbang/libe79/libUserInterface.a(UserInterface.c.o)
 .bss.timer0_fract
                0x0000000000800429        0x1 .pio/build/app_uno_bitbang/libFrameworkArduino.a(wiring.c.o)
 .bss.timer0_millis
                0x000000000080042a        0x4 .pio/build/app_uno_bitbang/libFrameworkArduino.a(wiring.c.o)
                0x000000000080042a                timer0_millis
 .bss.timer0_overflow_count
                0x000000000080042e        0x4 .pio/build/app_uno_bitbang/libFrameworkArduino.a(wiring.c.o)
                0x000000000080042e                timer0_overflow_count
 .bss._ZN8SPIClass13interruptSaveE
                0x0000000000800432        0x1 .pio/build/app_uno_bitbang/lib895/libSPI.a(SPI.cpp.o)
                0x0000000000800432                _ZN8SPIClass13interruptSaveE
 .bss._ZN8SPIClass13interruptMaskE
                0x0000000000800433        0x1 .pio/build/app_uno_bitbang/lib895/libSPI.a(SPI.cpp.o)
                0x0000000000800433                _ZN8SPIClass13interruptMaskE
 .bss._ZN8SPIClass13interruptModeE
                0x0000000000800434        0x1 .pio/build/app_uno_bitbang/lib895/libSPI.a(SPI.cpp.o)
                0x0000000000800434                _ZN8SPIClass13interruptModeE
 *(COMMON)
 COMMON         0x0000000000800435        0x4 /home/thiago_unix/.platformio/packages/toolchain-atmelavr/bin/../lib/gcc/avr/7.3.0/../../../../avr/lib/avr5/libc.a(malloc.o)
                0x0000000000800435                __brkval
                0x0000000000800437                __flp
                0x0000000000800439                PROVIDE (__bss_end, .)
                0x0000000000004b94                __data_load_start = LOADADDR (.data)
                0x0000000000004bf4                __data_load_end = (__data_load_start + SIZEOF (.data))

.noinit         0x0000000000800439        0x0
                [!provide]                        PROVIDE (__noinit_start, .)
 *(.noinit*)
                [!provide]                        PROVIDE (__noinit_end, .)
                0x0000000000800439                _end = .
                0x0000000000800439                PROVIDE (__heap_start, .)

.eeprom         0x0000000000810000        0x0
 *(.eeprom*)
                0x0000000000810000                __eeprom_end = .

.fuse
 *(.fuse)
 *(.lfuse)
 *(.hfuse)
 *(.efuse)

.lock
 *(.lock*)

.signature
 *(.signature*)

.user_signatures
 *(.user_signatures*)

.stab
 *(.stab)

.stabstr
 *(.stabstr)

.stab.excl
 *(.stab.excl)

.stab.exclstr
 *(.stab.exclstr)

.stab.index
 *(.stab.index)

.stab.indexstr
 *(.stab.indexstr)

.comment        0x0000000000000000       0x11
 *(.comment)
 .comment       0x0000000000000000       0x11 .pio/build/app_uno_bitbang/src/ArduinoCore/BSP/ArduinoUno/CS_ADC.cpp.o
                                         0x12 (size before relaxing)
 .comment       0x0000000000000011       0x12 .pio/build/app_uno_bitbang/src/ArduinoCore/BSP/ArduinoUno/GPIO_BSP.cpp.o
 .comment       0x0000000000000011       0x12 .pio/build/app_uno_bitbang/src/ArduinoCore/BSP/ArduinoUno/SystemConfig.cpp.o
 .comment       0x0000000000000011       0x12 .pio/build/app_uno_bitbang/src/ArduinoCore/BSP/ArduinoUno/TracePin.cpp.o
 .comment       0x0000000000000011       0x12 .pio/build/app_uno_bitbang/src/ArduinoCore/BitBang_UART/BitBang_AVR_Micros/bitbang_AVR_micros.cpp.o
 .comment       0x0000000000000011       0x12 .pio/build/app_uno_bitbang/src/ArduinoCore/Common/Commands/Commands.cpp.o
 .comment       0x0000000000000011       0x12 .pio/build/app_uno_bitbang/src/ArduinoCore/Common/Magnetometer/QMC5883P.cpp.o
 .comment       0x0000000000000011       0x12 .pio/build/app_uno_bitbang/src/ArduinoCore/Common/ServoController/ServoController.cpp.o
 .comment       0x0000000000000011       0x12 .pio/build/app_uno_bitbang/src/ArduinoCore/Common/SystemClock/SystemClock.cpp.o
 .comment       0x0000000000000011       0x12 .pio/build/app_uno_bitbang/src/ArduinoCore/app.cpp.o
 .comment       0x0000000000000011       0x12 .pio/build/app_uno_bitbang/lib195/libWire.a(Wire.cpp.o)
 .comment       0x0000000000000011       0x12 .pio/build/app_uno_bitbang/lib195/libWire.a(twi.c.o)
 .comment       0x0000000000000011       0x12 .pio/build/app_uno_bitbang/lib056/libAdafruit QMC5883P Library.a(Adafruit_QMC5883P.cpp.o)
 .comment       0x0000000000000011       0x12 .pio/build/app_uno_bitbang/libf12/libServo.a(Servo.cpp.o)
 .comment       0x0000000000000011       0x12 .pio/build/app_uno_bitbang/lib12a/libComonArc.a(CommandHandler.c.o)
 .comment       0x0000000000000011       0x12 .pio/build/app_uno_bitbang/lib12a/libComonArc.a(Logger.c.o)
 .comment       0x0000000000000011       0x12 .pio/build/app_uno_bitbang/lib12a/libComonArc.a(Receiver.c.o)
 .comment       0x0000000000000011       0x12 .pio/build/app_uno_bitbang/lib12a/libComonArc.a(Transmitter.c.o)
 .comment       0x0000000000000011       0x12 .pio/build/app_uno_bitbang/lib043/libCurrentSensor.a(CurrentSensor.c.o)
 .comment       0x0000000000000011       0x12 .pio/build/app_uno_bitbang/liba69/libTimeService.a(SoftTimer.c.o)
 .comment       0x0000000000000011       0x12 .pio/build/app_uno_bitbang/libf4d/libYawController.a(YawController.c.o)
 .comment       0x0000000000000011       0x12 .pio/build/app_uno_bitbang/libe79/libUserInterface.a(UserInterface.c.o)
 .comment       0x0000000000000011       0x12 .pio/build/app_uno_bitbang/libFrameworkArduino.a(WMath.cpp.o)
 .comment       0x0000000000000011       0x12 .pio/build/app_uno_bitbang/libFrameworkArduino.a(main.cpp.o)
 .comment       0x0000000000000011       0x12 .pio/build/app_uno_bitbang/libFrameworkArduino.a(new.cpp.o)
 .comment       0x0000000000000011       0x12 .pio/build/app_uno_bitbang/libFrameworkArduino.a(wiring.c.o)
 .comment       0x0000000000000011       0x12 .pio/build/app_uno_bitbang/libFrameworkArduino.a(wiring_analog.c.o)
 .comment       0x0000000000000011       0x12 .pio/build/app_uno_bitbang/libFrameworkArduino.a(wiring_digital.c.o)
 .comment       0x0000000000000011       0x12 .pio/build/app_uno_bitbang/liba92/libAdafruit BusIO.a(Adafruit_BusIO_Register.cpp.o)
 .comment       0x0000000000000011       0x12 .pio/build/app_uno_bitbang/liba92/libAdafruit BusIO.a(Adafruit_GenericDevice.cpp.o)
 .comment       0x0000000000000011       0x12 .pio/build/app_uno_bitbang/liba92/libAdafruit BusIO.a(Adafruit_I2CDevice.cpp.o)
 .comment       0x0000000000000011       0x12 .pio/build/app_uno_bitbang/liba92/libAdafruit BusIO.a(Adafruit_SPIDevice.cpp.o)
 .comment       0x0000000000000011       0x12 .pio/build/app_uno_bitbang/lib895/libSPI.a(SPI.cpp.o)
 .comment       0x0000000000000011       0x12 /home/thiago_unix/.platformio/packages/toolchain-atmelavr/bin/../lib/gcc/avr/7.3.0/../../../../avr/lib/avr5/libc.a(malloc.o)

.note.gnu.avr.deviceinfo
                0x0000000000000000       0x40
 .note.gnu.avr.deviceinfo
                0x0000000000000000       0x40 /home/thiago_unix/.platformio/packages/toolchain-atmelavr/bin/../lib/gcc/avr/7.3.0/../../../../avr/lib/avr5/crtatmega328p.o

.note.gnu.build-id
 *(.note.gnu.build-id)

.debug
 *(.debug)

.line
 *(.line)

.debug_srcinfo
 *(.debug_srcinfo)

.debug_sfnames
 *(.debug_sfnames)

.debug_aranges  0x0000000000000000      0x2e0
 *(.debug_aranges)
 .debug_aranges
                0x0000000000000000       0x20 /home/thiago_unix/.platformio/packages/toolchain-atmelavr/bin/../lib/gcc/avr/7.3.0/avr5/libgcc.a(_mulsi3.o)
 .debug_aranges
                0x0000000000000020       0x20 /home/thiago_unix/.platformio/packages/toolchain-atmelavr/bin/../lib/gcc/avr/7.3.0/avr5/libgcc.a(_udivmodqi4.o)
 .debug_aranges
                0x0000000000000040       0x20 /home/thiago_unix/.platformio/packages/toolchain-atmelavr/bin/../lib/gcc/avr/7.3.0/avr5/libgcc.a(_divmodhi4.o)
 .debug_aranges
                0x0000000000000060       0x20 /home/thiago_unix/.platformio/packages/toolchain-atmelavr/bin/../lib/gcc/avr/7.3.0/avr5/libgcc.a(_udivmodsi4.o)
 .debug_aranges
                0x0000000000000080       0x20 /home/thiago_unix/.platformio/packages/toolchain-atmelavr/bin/../lib/gcc/avr/7.3.0/avr5/libgcc.a(_divmodsi4.o)
 .debug_aranges
                0x00000000000000a0       0x20 /home/thiago_unix/.platformio/packages/toolchain-atmelavr/bin/../lib/gcc/avr/7.3.0/avr5/libgcc.a(_negsi2.o)
 .debug_aranges
                0x00000000000000c0       0x20 /home/thiago_unix/.platformio/packages/toolchain-atmelavr/bin/../lib/gcc/avr/7.3.0/avr5/libgcc.a(_exit.o)
 .debug_aranges
                0x00000000000000e0       0x20 /home/thiago_unix/.platformio/packages/toolchain-atmelavr/bin/../lib/gcc/avr/7.3.0/avr5/libgcc.a(_copy_data.o)
 .debug_aranges
                0x0000000000000100       0x20 /home/thiago_unix/.platformio/packages/toolchain-atmelavr/bin/../lib/gcc/avr/7.3.0/avr5/libgcc.a(_clear_bss.o)
 .debug_aranges
                0x0000000000000120       0x20 /home/thiago_unix/.platformio/packages/toolchain-atmelavr/bin/../lib/gcc/avr/7.3.0/avr5/libgcc.a(_ctors.o)
 .debug_aranges
                0x0000000000000140       0x20 /home/thiago_unix/.platformio/packages/toolchain-atmelavr/bin/../lib/gcc/avr/7.3.0/avr5/libgcc.a(_dtors.o)
 .debug_aranges
                0x0000000000000160       0x20 /home/thiago_unix/.platformio/packages/toolchain-atmelavr/bin/../lib/gcc/avr/7.3.0/avr5/libgcc.a(_muluhisi3.o)
 .debug_aranges
                0x0000000000000180       0x20 /home/thiago_unix/.platformio/packages/toolchain-atmelavr/bin/../lib/gcc/avr/7.3.0/avr5/libgcc.a(_muldi3.o)
 .debug_aranges
                0x00000000000001a0       0x20 /home/thiago_unix/.platformio/packages/toolchain-atmelavr/bin/../lib/gcc/avr/7.3.0/avr5/libgcc.a(_muldi3_6.o)
 .debug_aranges
                0x00000000000001c0       0x20 /home/thiago_unix/.platformio/packages/toolchain-atmelavr/bin/../lib/gcc/avr/7.3.0/avr5/libgcc.a(_divdi3.o)
 .debug_aranges
                0x00000000000001e0       0x20 /home/thiago_unix/.platformio/packages/toolchain-atmelavr/bin/../lib/gcc/avr/7.3.0/avr5/libgcc.a(_udivdi3.o)
 .debug_aranges
                0x0000000000000200       0x20 /home/thiago_unix/.platformio/packages/toolchain-atmelavr/bin/../lib/gcc/avr/7.3.0/avr5/libgcc.a(_udivmod64.o)
 .debug_aranges
                0x0000000000000220       0x20 /home/thiago_unix/.platformio/packages/toolchain-atmelavr/bin/../lib/gcc/avr/7.3.0/avr5/libgcc.a(_negdi2.o)
 .debug_aranges
                0x0000000000000240       0x20 /home/thiago_unix/.platformio/packages/toolchain-atmelavr/bin/../lib/gcc/avr/7.3.0/avr5/libgcc.a(_prologue.o)
 .debug_aranges
                0x0000000000000260       0x20 /home/thiago_unix/.platformio/packages/toolchain-atmelavr/bin/../lib/gcc/avr/7.3.0/avr5/libgcc.a(_epilogue.o)
 .debug_aranges
                0x0000000000000280       0x20 /home/thiago_unix/.platformio/packages/toolchain-atmelavr/bin/../lib/gcc/avr/7.3.0/avr5/libgcc.a(_udivmodhi4.o)
 .debug_aranges
                0x00000000000002a0       0x20 /home/thiago_unix/.platformio/packages/toolchain-atmelavr/bin/../lib/gcc/avr/7.3.0/avr5/libgcc.a(_tablejump2.o)
 .debug_aranges
                0x00000000000002c0       0x20 /home/thiago_unix/.platformio/packages/toolchain-atmelavr/bin/../lib/gcc/avr/7.3.0/avr5/libgcc.a(_umulhisi3.o)

.debug_pubnames
 *(.debug_pubnames)

.debug_info     0x0000000000000000     0x1551
 *(.debug_info .gnu.linkonce.wi.*)
 .debug_info    0x0000000000000000      0x5f4 /home/thiago_unix/.platformio/packages/toolchain-atmelavr/bin/../lib/gcc/avr/7.3.0/../../../../avr/lib/avr5/crtatmega328p.o
 .debug_info    0x00000000000005f4       0xab /home/thiago_unix/.platformio/packages/toolchain-atmelavr/bin/../lib/gcc/avr/7.3.0/avr5/libgcc.a(_mulsi3.o)
 .debug_info    0x000000000000069f       0xab /home/thiago_unix/.platformio/packages/toolchain-atmelavr/bin/../lib/gcc/avr/7.3.0/avr5/libgcc.a(_udivmodqi4.o)
 .debug_info    0x000000000000074a       0xab /home/thiago_unix/.platformio/packages/toolchain-atmelavr/bin/../lib/gcc/avr/7.3.0/avr5/libgcc.a(_divmodhi4.o)
 .debug_info    0x00000000000007f5       0xab /home/thiago_unix/.platformio/packages/toolchain-atmelavr/bin/../lib/gcc/avr/7.3.0/avr5/libgcc.a(_udivmodsi4.o)
 .debug_info    0x00000000000008a0       0xab /home/thiago_unix/.platformio/packages/toolchain-atmelavr/bin/../lib/gcc/avr/7.3.0/avr5/libgcc.a(_divmodsi4.o)
 .debug_info    0x000000000000094b       0xab /home/thiago_unix/.platformio/packages/toolchain-atmelavr/bin/../lib/gcc/avr/7.3.0/avr5/libgcc.a(_negsi2.o)
 .debug_info    0x00000000000009f6       0xab /home/thiago_unix/.platformio/packages/toolchain-atmelavr/bin/../lib/gcc/avr/7.3.0/avr5/libgcc.a(_exit.o)
 .debug_info    0x0000000000000aa1       0xab /home/thiago_unix/.platformio/packages/toolchain-atmelavr/bin/../lib/gcc/avr/7.3.0/avr5/libgcc.a(_copy_data.o)
 .debug_info    0x0000000000000b4c       0xab /home/thiago_unix/.platformio/packages/toolchain-atmelavr/bin/../lib/gcc/avr/7.3.0/avr5/libgcc.a(_clear_bss.o)
 .debug_info    0x0000000000000bf7       0xab /home/thiago_unix/.platformio/packages/toolchain-atmelavr/bin/../lib/gcc/avr/7.3.0/avr5/libgcc.a(_ctors.o)
 .debug_info    0x0000000000000ca2       0xab /home/thiago_unix/.platformio/packages/toolchain-atmelavr/bin/../lib/gcc/avr/7.3.0/avr5/libgcc.a(_dtors.o)
 .debug_info    0x0000000000000d4d       0xab /home/thiago_unix/.platformio/packages/toolchain-atmelavr/bin/../lib/gcc/avr/7.3.0/avr5/libgcc.a(_muluhisi3.o)
 .debug_info    0x0000000000000df8       0xab /home/thiago_unix/.platformio/packages/toolchain-atmelavr/bin/../lib/gcc/avr/7.3.0/avr5/libgcc.a(_muldi3.o)
 .debug_info    0x0000000000000ea3       0xab /home/thiago_unix/.platformio/packages/toolchain-atmelavr/bin/../lib/gcc/avr/7.3.0/avr5/libgcc.a(_muldi3_6.o)
 .debug_info    0x0000000000000f4e       0xab /home/thiago_unix/.platformio/packages/toolchain-atmelavr/bin/../lib/gcc/avr/7.3.0/avr5/libgcc.a(_divdi3.o)
 .debug_info    0x0000000000000ff9       0xab /home/thiago_unix/.platformio/packages/toolchain-atmelavr/bin/../lib/gcc/avr/7.3.0/avr5/libgcc.a(_udivdi3.o)
 .debug_info    0x00000000000010a4       0xab /home/thiago_unix/.platformio/packages/toolchain-atmelavr/bin/../lib/gcc/avr/7.3.0/avr5/libgcc.a(_udivmod64.o)
 .debug_info    0x000000000000114f       0xab /home/thiago_unix/.platformio/packages/toolchain-atmelavr/bin/../lib/gcc/avr/7.3.0/avr5/libgcc.a(_negdi2.o)
 .debug_info    0x00000000000011fa       0xab /home/thiago_unix/.platformio/packages/toolchain-atmelavr/bin/../lib/gcc/avr/7.3.0/avr5/libgcc.a(_prologue.o)
 .debug_info    0x00000000000012a5       0xab /home/thiago_unix/.platformio/packages/toolchain-atmelavr/bin/../lib/gcc/avr/7.3.0/avr5/libgcc.a(_epilogue.o)
 .debug_info    0x0000000000001350       0xab /home/thiago_unix/.platformio/packages/toolchain-atmelavr/bin/../lib/gcc/avr/7.3.0/avr5/libgcc.a(_udivmodhi4.o)
 .debug_info    0x00000000000013fb       0xab /home/thiago_unix/.platformio/packages/toolchain-atmelavr/bin/../lib/gcc/avr/7.3.0/avr5/libgcc.a(_tablejump2.o)
 .debug_info    0x00000000000014a6       0xab /home/thiago_unix/.platformio/packages/toolchain-atmelavr/bin/../lib/gcc/avr/7.3.0/avr5/libgcc.a(_umulhisi3.o)

.debug_abbrev   0x0000000000000000      0x76e
 *(.debug_abbrev)
 .debug_abbrev  0x0000000000000000      0x5a2 /home/thiago_unix/.platformio/packages/toolchain-atmelavr/bin/../lib/gcc/avr/7.3.0/../../../../avr/lib/avr5/crtatmega328p.o
 .debug_abbrev  0x00000000000005a2       0x14 /home/thiago_unix/.platformio/packages/toolchain-atmelavr/bin/../lib/gcc/avr/7.3.0/avr5/libgcc.a(_mulsi3.o)
 .debug_abbrev  0x00000000000005b6       0x14 /home/thiago_unix/.platformio/packages/toolchain-atmelavr/bin/../lib/gcc/avr/7.3.0/avr5/libgcc.a(_udivmodqi4.o)
 .debug_abbrev  0x00000000000005ca       0x14 /home/thiago_unix/.platformio/packages/toolchain-atmelavr/bin/../lib/gcc/avr/7.3.0/avr5/libgcc.a(_divmodhi4.o)
 .debug_abbrev  0x00000000000005de       0x14 /home/thiago_unix/.platformio/packages/toolchain-atmelavr/bin/../lib/gcc/avr/7.3.0/avr5/libgcc.a(_udivmodsi4.o)
 .debug_abbrev  0x00000000000005f2       0x14 /home/thiago_unix/.platformio/packages/toolchain-atmelavr/bin/../lib/gcc/avr/7.3.0/avr5/libgcc.a(_divmodsi4.o)
 .debug_abbrev  0x0000000000000606       0x14 /home/thiago_unix/.platformio/packages/toolchain-atmelavr/bin/../lib/gcc/avr/7.3.0/avr5/libgcc.a(_negsi2.o)
 .debug_abbrev  0x000000000000061a       0x14 /home/thiago_unix/.platformio/packages/toolchain-atmelavr/bin/../lib/gcc/avr/7.3.0/avr5/libgcc.a(_exit.o)
 .debug_abbrev  0x000000000000062e       0x14 /home/thiago_unix/.platformio/packages/toolchain-atmelavr/bin/../lib/gcc/avr/7.3.0/avr5/libgcc.a(_copy_data.o)
 .debug_abbrev  0x0000000000000642       0x14 /home/thiago_unix/.platformio/packages/toolchain-atmelavr/bin/../lib/gcc/avr/7.3.0/avr5/libgcc.a(_clear_bss.o)
 .debug_abbrev  0x0000000000000656       0x14 /home/thiago_unix/.platformio/packages/toolchain-atmelavr/bin/../lib/gcc/avr/7.3.0/avr5/libgcc.a(_ctors.o)
 .debug_abbrev  0x000000000000066a       0x14 /home/thiago_unix/.platformio/packages/toolchain-atmelavr/bin/../lib/gcc/avr/7.3.0/avr5/libgcc.a(_dtors.o)
 .debug_abbrev  0x000000000000067e       0x14 /home/thiago_unix/.platformio/packages/toolchain-atmelavr/bin/../lib/gcc/avr/7.3.0/avr5/libgcc.a(_muluhisi3.o)
 .debug_abbrev  0x0000000000000692       0x14 /home/thiago_unix/.platformio/packages/toolchain-atmelavr/bin/../lib/gcc/avr/7.3.0/avr5/libgcc.a(_muldi3.o)
 .debug_abbrev  0x00000000000006a6       0x14 /home/thiago_unix/.platformio/packages/toolchain-atmelavr/bin/../lib/gcc/avr/7.3.0/avr5/libgcc.a(_muldi3_6.o)
 .debug_abbrev  0x00000000000006ba       0x14 /home/thiago_unix/.platformio/packages/toolchain-atmelavr/bin/../lib/gcc/avr/7.3.0/avr5/libgcc.a(_divdi3.o)
 .debug_abbrev  0x00000000000006ce       0x14 /home/thiago_unix/.platformio/packages/toolchain-atmelavr/bin/../lib/gcc/avr/7.3.0/avr5/libgcc.a(_udivdi3.o)
 .debug_abbrev  0x00000000000006e2       0x14 /home/thiago_unix/.platformio/packages/toolchain-atmelavr/bin/../lib/gcc/avr/7.3.0/avr5/libgcc.a(_udivmod64.o)
 .debug_abbrev  0x00000000000006f6       0x14 /home/thiago_unix/.platformio/packages/toolchain-atmelavr/bin/../lib/gcc/avr/7.3.0/avr5/libgcc.a(_negdi2.o)
 .debug_abbrev  0x000000000000070a       0x14 /home/thiago_unix/.platformio/packages/toolchain-atmelavr/bin/../lib/gcc/avr/7.3.0/avr5/libgcc.a(_prologue.o)
 .debug_abbrev  0x000000000000071e       0x14 /home/thiago_unix/.platformio/packages/toolchain-atmelavr/bin/../lib/gcc/avr/7.3.0/avr5/libgcc.a(_epilogue.o)
 .debug_abbrev  0x0000000000000732       0x14 /home/thiago_unix/.platformio/packages/toolchain-atmelavr/bin/../lib/gcc/avr/7.3.0/avr5/libgcc.a(_udivmodhi4.o)
 .debug_abbrev  0x0000000000000746       0x14 /home/thiago_unix/.platformio/packages/toolchain-atmelavr/bin/../lib/gcc/avr/7.3.0/avr5/libgcc.a(_tablejump2.o)
 .debug_abbrev  0x000000000000075a       0x14 /home/thiago_unix/.platformio/packages/toolchain-atmelavr/bin/../lib/gcc/avr/7.3.0/avr5/libgcc.a(_umulhisi3.o)

.debug_line     0x0000000000000000     0x10f2
 *(.debug_line .debug_line.* .debug_line_end)
 .debug_line    0x0000000000000000       0x1a /home/thiago_unix/.platformio/packages/toolchain-atmelavr/bin/../lib/gcc/avr/7.3.0/../../../../avr/lib/avr5/crtatmega328p.o
 .debug_line    0x000000000000001a       0xb0 /home/thiago_unix/.platformio/packages/toolchain-atmelavr/bin/../lib/gcc/avr/7.3.0/avr5/libgcc.a(_mulsi3.o)
 .debug_line    0x00000000000000ca       0x9e /home/thiago_unix/.platformio/packages/toolchain-atmelavr/bin/../lib/gcc/avr/7.3.0/avr5/libgcc.a(_udivmodqi4.o)
 .debug_line    0x0000000000000168       0xc8 /home/thiago_unix/.platformio/packages/toolchain-atmelavr/bin/../lib/gcc/avr/7.3.0/avr5/libgcc.a(_divmodhi4.o)
 .debug_line    0x0000000000000230      0x122 /home/thiago_unix/.platformio/packages/toolchain-atmelavr/bin/../lib/gcc/avr/7.3.0/avr5/libgcc.a(_udivmodsi4.o)
 .debug_line    0x0000000000000352       0xce /home/thiago_unix/.platformio/packages/toolchain-atmelavr/bin/../lib/gcc/avr/7.3.0/avr5/libgcc.a(_divmodsi4.o)
 .debug_line    0x0000000000000420       0x62 /home/thiago_unix/.platformio/packages/toolchain-atmelavr/bin/../lib/gcc/avr/7.3.0/avr5/libgcc.a(_negsi2.o)
 .debug_line    0x0000000000000482       0x62 /home/thiago_unix/.platformio/packages/toolchain-atmelavr/bin/../lib/gcc/avr/7.3.0/avr5/libgcc.a(_exit.o)
 .debug_line    0x00000000000004e4       0x98 /home/thiago_unix/.platformio/packages/toolchain-atmelavr/bin/../lib/gcc/avr/7.3.0/avr5/libgcc.a(_copy_data.o)
 .debug_line    0x000000000000057c       0x86 /home/thiago_unix/.platformio/packages/toolchain-atmelavr/bin/../lib/gcc/avr/7.3.0/avr5/libgcc.a(_clear_bss.o)
 .debug_line    0x0000000000000602       0x92 /home/thiago_unix/.platformio/packages/toolchain-atmelavr/bin/../lib/gcc/avr/7.3.0/avr5/libgcc.a(_ctors.o)
 .debug_line    0x0000000000000694       0x92 /home/thiago_unix/.platformio/packages/toolchain-atmelavr/bin/../lib/gcc/avr/7.3.0/avr5/libgcc.a(_dtors.o)
 .debug_line    0x0000000000000726       0x92 /home/thiago_unix/.platformio/packages/toolchain-atmelavr/bin/../lib/gcc/avr/7.3.0/avr5/libgcc.a(_muluhisi3.o)
 .debug_line    0x00000000000007b8      0x170 /home/thiago_unix/.platformio/packages/toolchain-atmelavr/bin/../lib/gcc/avr/7.3.0/avr5/libgcc.a(_muldi3.o)
 .debug_line    0x0000000000000928       0x86 /home/thiago_unix/.platformio/packages/toolchain-atmelavr/bin/../lib/gcc/avr/7.3.0/avr5/libgcc.a(_muldi3_6.o)
 .debug_line    0x00000000000009ae       0xf2 /home/thiago_unix/.platformio/packages/toolchain-atmelavr/bin/../lib/gcc/avr/7.3.0/avr5/libgcc.a(_divdi3.o)
 .debug_line    0x0000000000000aa0       0xa4 /home/thiago_unix/.platformio/packages/toolchain-atmelavr/bin/../lib/gcc/avr/7.3.0/avr5/libgcc.a(_udivdi3.o)
 .debug_line    0x0000000000000b44      0x146 /home/thiago_unix/.platformio/packages/toolchain-atmelavr/bin/../lib/gcc/avr/7.3.0/avr5/libgcc.a(_udivmod64.o)
 .debug_line    0x0000000000000c8a       0x7a /home/thiago_unix/.platformio/packages/toolchain-atmelavr/bin/../lib/gcc/avr/7.3.0/avr5/libgcc.a(_negdi2.o)