Archive member included to satisfy reference by file (symbol)

.pio/build/app_uno_uart/lib1d4/libWire.a(Wire.cpp.o)
                              .pio/build/app_uno_uart/src/ArduinoCore/Common/Magnetometer/QMC5883P.cpp.o (Wire)
.pio/build/app_uno_uart/lib1d4/libWire.a(twi.c.o)
                              .pio/build/app_uno_uart/lib1d4/libWire.a(Wire.cpp.o) (twi_init)
.pio/build/app_uno_uart/lib312/libAdafruit QMC5883P Library.a(Adafruit_QMC5883P.cpp.o)
                              .pio/build/app_uno_uart/src/ArduinoCore/Common/Magnetometer/QMC5883P.cpp.o (_ZN17Adafruit_QMC5883PC1Ev)
.pio/build/app_uno_uart/libae9/libServo.a(Servo.cpp.o)
                              .pio/build/app_uno_uart/src/ArduinoCore/Common/ServoController/ServoController.cpp.o (_ZN5ServoC1Ev)
.pio/build/app_uno_uart/lib23d/libComonArc.a(CommandHandler.c.o)
                              .pio/build/app_uno_uart/src/ArduinoCore/app.cpp.o (CommandHandler_Create)
.pio/build/app_uno_uart/lib23d/libComonArc.a(Logger.c.o)
                              .pio/build/app_uno_uart/src/ArduinoCore/app.cpp.o (Logger_ResetFilter)
.pio/build/app_uno_uart/lib23d/libComonArc.a(Receiver.c.o)
                              .pio/build/app_uno_uart/src/ArduinoCore/app.cpp.o (Receiver_Create)
.pio/build/app_uno_uart/lib23d/libComonArc.a(Transmitter.c.o)
                              .pio/build/app_uno_uart/src/ArduinoCore/app.cpp.o (Transmitter_Create)
.pio/build/app_uno_uart/lib90b/libCurrentSensor.a(CurrentSensor.c.o)
                              .pio/build/app_uno_uart/src/ArduinoCore/app.cpp.o (CurrentSensor_Create)
.pio/build/app_uno_uart/libffb/libTimeService.a(SoftTimer.c.o)
                              .pio/build/app_uno_uart/src/ArduinoCore/app.cpp.o (SoftTimer_Create)
.pio/build/app_uno_uart/lib006/libYawController.a(YawController.c.o)
                              .pio/build/app_uno_uart/src/ArduinoCore/app.cpp.o (YawController_Create)
.pio/build/app_uno_uart/lib34c/libUserInterface.a(UserInterface.c.o)
                              .pio/build/app_uno_uart/src/ArduinoCore/app.cpp.o (UserInterface_Create)
.pio/build/app_uno_uart/libFrameworkArduino.a(HardwareSerial.cpp.o)
                              .pio/build/app_uno_uart/src/ArduinoCore/Arduino_UART/UART.cpp.o (_ZN14HardwareSerial9availableEv)
.pio/build/app_uno_uart/libFrameworkArduino.a(HardwareSerial0.cpp.o)
                              .pio/build/app_uno_uart/src/ArduinoCore/Arduino_UART/UART.cpp.o (Serial)
.pio/build/app_uno_uart/libFrameworkArduino.a(Print.cpp.o)
                              .pio/build/app_uno_uart/libFrameworkArduino.a(HardwareSerial.cpp.o) (_ZN5Print5writeEPKhj)
.pio/build/app_uno_uart/libFrameworkArduino.a(WMath.cpp.o)
                              .pio/build/app_uno_uart/libae9/libServo.a(Servo.cpp.o) (_Z3maplllll)
.pio/build/app_uno_uart/libFrameworkArduino.a(abi.cpp.o)
                              .pio/build/app_uno_uart/libFrameworkArduino.a(Print.cpp.o) (__cxa_pure_virtual)
.pio/build/app_uno_uart/libFrameworkArduino.a(main.cpp.o)
                              /home/thiago/.platformio/packages/toolchain-atmelavr/bin/../lib/gcc/avr/7.3.0/../../../../avr/lib/avr5/crtatmega328p.o (main)
.pio/build/app_uno_uart/libFrameworkArduino.a(new.cpp.o)
                              .pio/build/app_uno_uart/lib312/libAdafruit QMC5883P Library.a(Adafruit_QMC5883P.cpp.o) (_Znwj)
.pio/build/app_uno_uart/libFrameworkArduino.a(wiring.c.o)
                              .pio/build/app_uno_uart/src/ArduinoCore/Common/SystemClock/SystemClock.cpp.o (micros)
.pio/build/app_uno_uart/libFrameworkArduino.a(wiring_analog.c.o)
                              .pio/build/app_uno_uart/src/ArduinoCore/BSP/ArduinoUno/CS_ADC.cpp.o (analogReference)
.pio/build/app_uno_uart/libFrameworkArduino.a(wiring_digital.c.o)
                              .pio/build/app_uno_uart/src/ArduinoCore/BSP/ArduinoUno/CS_ADC.cpp.o (pinMode)
.pio/build/app_uno_uart/libFrameworkArduino.a(hooks.c.o)
                              .pio/build/app_uno_uart/libFrameworkArduino.a(wiring.c.o) (yield)
.pio/build/app_uno_uart/libc5c/libAdafruit BusIO.a(Adafruit_BusIO_Register.cpp.o)
                              .pio/build/app_uno_uart/lib312/libAdafruit QMC5883P Library.a(Adafruit_QMC5883P.cpp.o) (_ZN23Adafruit_BusIO_RegisterC1EP18Adafruit_I2CDevicejhhh)
.pio/build/app_uno_uart/libc5c/libAdafruit BusIO.a(Adafruit_GenericDevice.cpp.o)
                              .pio/build/app_uno_uart/libc5c/libAdafruit BusIO.a(Adafruit_BusIO_Register.cpp.o) (_ZN22Adafruit_GenericDevice12readRegisterEPhhS0_j)
.pio/build/app_uno_uart/libc5c/libAdafruit BusIO.a(Adafruit_I2CDevice.cpp.o)
                              .pio/build/app_uno_uart/lib312/libAdafruit QMC5883P Library.a(Adafruit_QMC5883P.cpp.o) (_ZN18Adafruit_I2CDeviceC1EhP7TwoWire)
.pio/build/app_uno_uart/libc5c/libAdafruit BusIO.a(Adafruit_SPIDevice.cpp.o)
[...]
Memory Configuration

Name             Origin             Length             Attributes
text             0x0000000000000000 0x0000000000020000 xr
data             0x0000000000800060 0x000000000000ffa0 rw !x
eeprom           0x0000000000810000 0x0000000000010000 rw !x
fuse             0x0000000000820000 0x0000000000000003 rw !x
lock             0x0000000000830000 0x0000000000000400 rw !x
signature        0x0000000000840000 0x0000000000000400 rw !x
user_signatures  0x0000000000850000 0x0000000000000400 rw !x
*default*        0x0000000000000000 0xffffffffffffffff

Linker script and memory map

Address of section .data set to 0x800100
LOAD /home/thiago/.platformio/packages/toolchain-atmelavr/bin/../lib/gcc/avr/7.3.0/../../../../avr/lib/avr5/crtatmega328p.o
LOAD .pio/build/app_uno_uart/src/ArduinoCore/Arduino_UART/UART.cpp.o
LOAD .pio/build/app_uno_uart/src/ArduinoCore/BSP/ArduinoUno/CS_ADC.cpp.o
LOAD .pio/build/app_uno_uart/src/ArduinoCore/BSP/ArduinoUno/GPIO_BSP.cpp.o
LOAD .pio/build/app_uno_uart/src/ArduinoCore/BSP/ArduinoUno/SystemConfig.cpp.o
LOAD .pio/build/app_uno_uart/src/ArduinoCore/Common/Commands/Commands.cpp.o
LOAD .pio/build/app_uno_uart/src/ArduinoCore/Common/Magnetometer/QMC5883P.cpp.o
LOAD .pio/build/app_uno_uart/src/ArduinoCore/Common/ServoController/ServoController.cpp.o
LOAD .pio/build/app_uno_uart/src/ArduinoCore/Common/SystemClock/SystemClock.cpp.o
LOAD .pio/build/app_uno_uart/src/ArduinoCore/Common/SystemTimer/Timer2.cpp.o
LOAD .pio/build/app_uno_uart/src/ArduinoCore/app.cpp.o
START GROUP
LOAD .pio/build/app_uno_uart/lib1d4/libWire.a
LOAD .pio/build/app_uno_uart/libb23/libSPI.a
LOAD .pio/build/app_uno_uart/libc5c/libAdafruit BusIO.a
LOAD .pio/build/app_uno_uart/lib312/libAdafruit QMC5883P Library.a
LOAD .pio/build/app_uno_uart/libae9/libServo.a
LOAD .pio/build/app_uno_uart/lib23d/libComonArc.a
LOAD .pio/build/app_uno_uart/lib90b/libCurrentSensor.a
LOAD .pio/build/app_uno_uart/libffb/libTimeService.a
LOAD .pio/build/app_uno_uart/lib006/libYawController.a
LOAD .pio/build/app_uno_uart/lib34c/libUserInterface.a
LOAD .pio/build/app_uno_uart/libFrameworkArduinoVariant.a
LOAD .pio/build/app_uno_uart/libFrameworkArduino.a
END GROUP
LOAD /home/thiago/.platformio/packages/toolchain-atmelavr/bin/../lib/gcc/avr/7.3.0/avr5/libgcc.a
LOAD /home/thiago/.platformio/packages/toolchain-atmelavr/bin/../lib/gcc/avr/7.3.0/../../../../avr/lib/avr5/libm.a
START GROUP
LOAD /home/thiago/.platformio/packages/toolchain-atmelavr/bin/../lib/gcc/avr/7.3.0/avr5/libgcc.a
LOAD /home/thiago/.platformio/packages/toolchain-atmelavr/bin/../lib/gcc/avr/7.3.0/../../../../avr/lib/avr5/libm.a
LOAD /home/thiago/.platformio/packages/toolchain-atmelavr/bin/../lib/gcc/avr/7.3.0/../../../../avr/lib/avr5/libc.a
LOAD /home/thiago/.platformio/packages/toolchain-atmelavr/bin/../lib/gcc/avr/7.3.0/../../../../avr/lib/avr5/libatmega328p.a
END GROUP
                0x0000000000020000                __TEXT_REGION_LENGTH__ = DEFINED (__TEXT_REGION_LENGTH__)?__TEXT_REGION_LENGTH__:0x20000
                0x000000000000ffa0                __DATA_REGION_LENGTH__ = DEFINED (__DATA_REGION_LENGTH__)?__DATA_REGION_LENGTH__:0xffa0
                0x0000000000010000                __EEPROM_REGION_LENGTH__ = DEFINED (__EEPROM_REGION_LENGTH__)?__EEPROM_REGION_LENGTH__:0x10000
                [0x0000000000000003]                __FUSE_REGION_LENGTH__ = DEFINED (__FUSE_REGION_LENGTH__)?__FUSE_REGION_LENGTH__:0x400
                0x0000000000000400                __LOCK_REGION_LENGTH__ = DEFINED (__LOCK_REGION_LENGTH__)?__LOCK_REGION_LENGTH__:0x400
                0x0000000000000400                __SIGNATURE_REGION_LENGTH__ = DEFINED (__SIGNATURE_REGION_LENGTH__)?__SIGNATURE_REGION_LENGTH__:0x400
                0x0000000000000400                __USER_SIGNATURE_REGION_LENGTH__ = DEFINED (__USER_SIGNATURE_REGION_LENGTH__)?__USER_SIGNATURE_REGION_LENGTH__:0x400

.hash
 *(.hash)

.dynsym
 *(.dynsym)

.dynstr
 *(.dynstr)

.gnu.version
 *(.gnu.version)

.gnu.version_d
 *(.gnu.version_d)

.gnu.version_r
 *(.gnu.version_r)

.rel.init
 *(.rel.init)

.rela.init
 *(.rela.init)

.rel.text
 *(.rel.text)
 *(.rel.text.*)
 *(.rel.gnu.linkonce.t*)

.rela.text
 *(.rela.text)
 *(.rela.text.*)
 *(.rela.gnu.linkonce.t*)

.rel.fini
 *(.rel.fini)

.rela.fini
 *(.rela.fini)

.rel.rodata
 *(.rel.rodata)
 *(.rel.rodata.*)
 *(.rel.gnu.linkonce.r*)

.rela.rodata
 *(.rela.rodata)
 *(.rela.rodata.*)
 *(.rela.gnu.linkonce.r*)

.rel.data
 *(.rel.data)
 *(.rel.data.*)
 *(.rel.gnu.linkonce.d*)

.rela.data
 *(.rela.data)
 *(.rela.data.*)
 *(.rela.gnu.linkonce.d*)

.rel.ctors
 *(.rel.ctors)

.rela.ctors
 *(.rela.ctors)

.rel.dtors
 *(.rel.dtors)

.rela.dtors
 *(.rela.dtors)

.rel.got
 *(.rel.got)

.rela.got
 *(.rela.got)

.rel.bss
 *(.rel.bss)

.rela.bss
 *(.rela.bss)

.rel.plt
 *(.rel.plt)

.rela.plt
 *(.rela.plt)

.text           0x0000000000000000     0x4ef4
 *(.vectors)
 .vectors       0x0000000000000000       0x68 /home/thiago/.platformio/packages/toolchain-atmelavr/bin/../lib/gcc/avr/7.3.0/../../../../avr/lib/avr5/crtatmega328p.o
                0x0000000000000000                __vectors
                0x0000000000000000                __vector_default
 *(.vectors)
 *(.progmem.gcc*)
 .progmem.gcc_fplib
                0x0000000000000068       0x2d /home/thiago/.platformio/packages/toolchain-atmelavr/bin/../lib/gcc/avr/7.3.0/../../../../avr/lib/avr5/libm.a(atan.o)
                0x0000000000000096                . = ALIGN (0x2)
 *fill*         0x0000000000000095        0x1 
                0x0000000000000096                __trampolines_start = .
 *(.trampolines)
 .trampolines   0x0000000000000096        0x0 linker stubs
 *(.trampolines*)
                0x0000000000000096                __trampolines_end = .
 *libprintf_flt.a:*(.progmem.data)
 *libc.a:*(.progmem.data)
 *(.progmem*)
 .progmem.data.digital_pin_to_timer_PGM
                0x0000000000000096       0x14 .pio/build/app_uno_uart/libFrameworkArduino.a(wiring_digital.c.o)
                0x0000000000000096                digital_pin_to_timer_PGM
 .progmem.data.digital_pin_to_bit_mask_PGM
                0x00000000000000aa       0x14 .pio/build/app_uno_uart/libFrameworkArduino.a(wiring_digital.c.o)
                0x00000000000000aa                digital_pin_to_bit_mask_PGM
 .progmem.data.digital_pin_to_port_PGM
                0x00000000000000be       0x14 .pio/build/app_uno_uart/libFrameworkArduino.a(wiring_digital.c.o)
                0x00000000000000be                digital_pin_to_port_PGM
 .progmem.data.port_to_input_PGM
                0x00000000000000d2        0xa .pio/build/app_uno_uart/libFrameworkArduino.a(wiring_digital.c.o)
                0x00000000000000d2                port_to_input_PGM
 .progmem.data.port_to_output_PGM
                0x00000000000000dc        0xa .pio/build/app_uno_uart/libFrameworkArduino.a(wiring_digital.c.o)
                0x00000000000000dc                port_to_output_PGM
 .progmem.data.port_to_mode_PGM
                0x00000000000000e6        0xa .pio/build/app_uno_uart/libFrameworkArduino.a(wiring_digital.c.o)
                0x00000000000000e6                port_to_mode_PGM
                0x00000000000000f0                . = ALIGN (0x2)
 *(.jumptables)
 *(.jumptables*)
 *(.lowtext)
 *(.lowtext*)
                0x00000000000000f0                __ctors_start = .
 *(.ctors)
 .ctors         0x00000000000000f0        0x2 .pio/build/app_uno_uart/src/ArduinoCore/Common/Magnetometer/QMC5883P.cpp.o
 .ctors         0x00000000000000f2        0x2 .pio/build/app_uno_uart/src/ArduinoCore/Common/ServoController/ServoController.cpp.o
 .ctors         0x00000000000000f4        0x2 .pio/build/app_uno_uart/lib1d4/libWire.a(Wire.cpp.o)
 .ctors         0x00000000000000f6        0x2 .pio/build/app_uno_uart/libFrameworkArduino.a(HardwareSerial0.cpp.o)
                0x00000000000000f8                __ctors_end = .
                0x00000000000000f8                __dtors_start = .
 *(.dtors)
 .dtors         0x00000000000000f8        0x2 .pio/build/app_uno_uart/src/ArduinoCore/Common/Magnetometer/QMC5883P.cpp.o
                0x00000000000000fa                __dtors_end = .
 SORT(*)(.ctors)
 SORT(*)(.dtors)
 *(.init0)
 .init0         0x00000000000000fa        0x0 /home/thiago/.platformio/packages/toolchain-atmelavr/bin/../lib/gcc/avr/7.3.0/../../../../avr/lib/avr5/crtatmega328p.o
                0x00000000000000fa                __init
 *(.init0)
 *(.init1)
 *(.init1)
 *(.init2)
 .init2         0x00000000000000fa        0xc /home/thiago/.platformio/packages/toolchain-atmelavr/bin/../lib/gcc/avr/7.3.0/../../../../avr/lib/avr5/crtatmega328p.o
 *(.init2)
 *(.init3)
 *(.init3)
 *(.init4)
 .init4         0x0000000000000106       0x16 /home/thiago/.platformio/packages/toolchain-atmelavr/bin/../lib/gcc/avr/7.3.0/avr5/libgcc.a(_copy_data.o)
                0x0000000000000106                __do_copy_data
 .init4         0x000000000000011c       0x10 /home/thiago/.platformio/packages/toolchain-atmelavr/bin/../lib/gcc/avr/7.3.0/avr5/libgcc.a(_clear_bss.o)
                0x000000000000011c                __do_clear_bss
 *(.init4)
 *(.init5)
 *(.init5)
 *(.init6)
 .init6         0x000000000000012c       0x16 /home/thiago/.platformio/packages/toolchain-atmelavr/bin/../lib/gcc/avr/7.3.0/avr5/libgcc.a(_ctors.o)
                0x000000000000012c                __do_global_ctors
 *(.init6)
 *(.init7)
 *(.init7)
 *(.init8)
 *(.init8)
 *(.init9)
 .init9         0x0000000000000142        0x8 /home/thiago/.platformio/packages/toolchain-atmelavr/bin/../lib/gcc/avr/7.3.0/../../../../avr/lib/avr5/crtatmega328p.o
 *(.init9)
 *(.text)
 .text          0x000000000000014a        0x4 /home/thiago/.platformio/packages/toolchain-atmelavr/bin/../lib/gcc/avr/7.3.0/../../../../avr/lib/avr5/crtatmega328p.o
                0x000000000000014a                __vector_22
                0x000000000000014a                __vector_1
                0x000000000000014a                __vector_12
                0x000000000000014a                __bad_interrupt
                0x000000000000014a                __vector_6
                0x000000000000014a                __vector_3
                0x000000000000014a                __vector_23
                0x000000000000014a                __vector_25
                0x000000000000014a                __vector_13
                0x000000000000014a                __vector_17
                0x000000000000014a                __vector_7
                0x000000000000014a                __vector_5
                0x000000000000014a                __vector_4
                0x000000000000014a                __vector_9
                0x000000000000014a                __vector_2
                0x000000000000014a                __vector_21
                0x000000000000014a                __vector_15
                0x000000000000014a                __vector_8
                0x000000000000014a                __vector_14
                0x000000000000014a                __vector_10
                0x000000000000014a                __vector_20
                0x000000000000014e                . = ALIGN (0x2)
 *(.text.*)
 .text.HAL_UART_Init
                0x000000000000014e        0xe .pio/build/app_uno_uart/src/ArduinoCore/Arduino_UART/UART.cpp.o
                0x000000000000014e                HAL_UART_Init
 .text.HAL_UART_SendByte
                0x000000000000015c       0x12 .pio/build/app_uno_uart/src/ArduinoCore/Arduino_UART/UART.cpp.o
                0x000000000000015c                HAL_UART_SendByte
 .text.HAL_UART_SendPayload
                0x000000000000016e       0x34 .pio/build/app_uno_uart/src/ArduinoCore/Arduino_UART/UART.cpp.o
                0x000000000000016e                HAL_UART_SendPayload
 .text.HAL_UART_ReceivePayload
                0x00000000000001a2       0x56 .pio/build/app_uno_uart/src/ArduinoCore/Arduino_UART/UART.cpp.o
                0x00000000000001a2                HAL_UART_ReceivePayload
 .text._Z12setADCParamsv
                0x00000000000001f8       0x2e .pio/build/app_uno_uart/src/ArduinoCore/BSP/ArduinoUno/CS_ADC.cpp.o
                0x00000000000001f8                _Z12setADCParamsv
 .text.CS_ADC_Create
                0x0000000000000226       0x7e .pio/build/app_uno_uart/src/ArduinoCore/BSP/ArduinoUno/CS_ADC.cpp.o
                0x0000000000000226                CS_ADC_Create
 .text.CS_ADC_GetValue
                0x00000000000002a4       0x46 .pio/build/app_uno_uart/src/ArduinoCore/BSP/ArduinoUno/CS_ADC.cpp.o
                0x00000000000002a4                CS_ADC_GetValue
 .text.BSP_GetPin
                0x00000000000002ea       0x20 .pio/build/app_uno_uart/src/ArduinoCore/BSP/ArduinoUno/GPIO_BSP.cpp.o
                0x00000000000002ea                BSP_GetPin
 .text.GPIO_Create
                0x000000000000030a        0x6 .pio/build/app_uno_uart/src/ArduinoCore/BSP/ArduinoUno/GPIO_BSP.cpp.o
                0x000000000000030a                GPIO_Create
 .text.GPIO_ConfigPin
                0x0000000000000310       0x40 .pio/build/app_uno_uart/src/ArduinoCore/BSP/ArduinoUno/GPIO_BSP.cpp.o
                0x0000000000000310                GPIO_ConfigPin
 .text.GPIO_WritePin
                0x0000000000000350       0x22 .pio/build/app_uno_uart/src/ArduinoCore/BSP/ArduinoUno/GPIO_BSP.cpp.o
                0x0000000000000350                GPIO_WritePin
 .text.GPIO_ReadPin
                0x0000000000000372       0x30 .pio/build/app_uno_uart/src/ArduinoCore/BSP/ArduinoUno/GPIO_BSP.cpp.o
                0x0000000000000372                GPIO_ReadPin
 .text.SystemConfig_Init
                0x00000000000003a2        0x2 .pio/build/app_uno_uart/src/ArduinoCore/BSP/ArduinoUno/SystemConfig.cpp.o
                0x00000000000003a2                SystemConfig_Init
 .text._ZL13Command_ErroriPPc
                0x00000000000003a4       0x22 .pio/build/app_uno_uart/src/ArduinoCore/Common/Commands/Commands.cpp.o
 .text._ZL12Command_PingiPPc
                0x00000000000003c6       0x22 .pio/build/app_uno_uart/src/ArduinoCore/Common/Commands/Commands.cpp.o
 .text._ZL12Command_BuzziPPc
                0x00000000000003e8       0x32 .pio/build/app_uno_uart/src/ArduinoCore/Common/Commands/Commands.cpp.o
 .text._ZL11Command_LediPPc
                0x000000000000041a       0x32 .pio/build/app_uno_uart/src/ArduinoCore/Common/Commands/Commands.cpp.o
 .text._Z9parseUIntPKc
                0x000000000000044c       0x44 .pio/build/app_uno_uart/src/ArduinoCore/Common/Commands/Commands.cpp.o
                0x000000000000044c                _Z9parseUIntPKc
 .text._ZL13Command_ServoiPPc
                0x0000000000000490       0x34 .pio/build/app_uno_uart/src/ArduinoCore/Common/Commands/Commands.cpp.o
 .text.Commands_GetCommandTable
                0x00000000000004c4        0x6 .pio/build/app_uno_uart/src/ArduinoCore/Common/Commands/Commands.cpp.o
                0x00000000000004c4                Commands_GetCommandTable
 .text.Magnetometer_Create
                0x00000000000004ca       0xd0 .pio/build/app_uno_uart/src/ArduinoCore/Common/Magnetometer/QMC5883P.cpp.o
                0x00000000000004ca                Magnetometer_Create
 .text.Magnetometer_NewRead
                0x000000000000059a      0x1f6 .pio/build/app_uno_uart/src/ArduinoCore/Common/Magnetometer/QMC5883P.cpp.o
                0x000000000000059a                Magnetometer_NewRead
 .text.Magnetometer_GetHeading
                0x0000000000000790       0x22 .pio/build/app_uno_uart/src/ArduinoCore/Common/Magnetometer/QMC5883P.cpp.o
                0x0000000000000790                Magnetometer_GetHeading
 .text.startup._GLOBAL__sub_I_Magnetometer_Create
                0x00000000000007b2        0x8 .pio/build/app_uno_uart/src/ArduinoCore/Common/Magnetometer/QMC5883P.cpp.o
 .text.exit._GLOBAL__sub_D_Magnetometer_Create
                0x00000000000007ba        0x8 .pio/build/app_uno_uart/src/ArduinoCore/Common/Magnetometer/QMC5883P.cpp.o
 .text.ServoController_Create
                0x00000000000007c2       0x3c .pio/build/app_uno_uart/src/ArduinoCore/Common/ServoController/ServoController.cpp.o
                0x00000000000007c2                ServoController_Create
 .text.ServoController_Destroy
                0x00000000000007fe       0x20 .pio/build/app_uno_uart/src/ArduinoCore/Common/ServoController/ServoController.cpp.o
                0x00000000000007fe                ServoController_Destroy
 .text.ServoController_SetServo
                0x000000000000081e       0x6a .pio/build/app_uno_uart/src/ArduinoCore/Common/ServoController/ServoController.cpp.o
                0x000000000000081e                ServoController_SetServo
 .text.startup._GLOBAL__sub_I_ServoController_Create
                0x0000000000000888        0x8 .pio/build/app_uno_uart/src/ArduinoCore/Common/ServoController/ServoController.cpp.o
 .text.SystemClock_Time
                0x0000000000000890        0x4 .pio/build/app_uno_uart/src/ArduinoCore/Common/SystemClock/SystemClock.cpp.o
                0x0000000000000890                SystemClock_Time
 .text._ZL14buttonFunctionv
                0x0000000000000894       0x1e .pio/build/app_uno_uart/src/ArduinoCore/app.cpp.o
 .text._ZL13UART_Transmit15Log_Subsystem_t11Log_Level_t15Log_MessageId_tPhj
                0x00000000000008b2       0x44 .pio/build/app_uno_uart/src/ArduinoCore/app.cpp.o
 .text._ZL9ErrorLoop15Log_Subsystem_t11Log_Level_t15Log_MessageId_tPhj
                0x00000000000008f6       0xba .pio/build/app_uno_uart/src/ArduinoCore/app.cpp.o
 .text.setup    0x00000000000009b0      0x154 .pio/build/app_uno_uart/src/ArduinoCore/app.cpp.o
                0x00000000000009b0                setup
 .text.loop     0x0000000000000b04      0x2ba .pio/build/app_uno_uart/src/ArduinoCore/app.cpp.o
                0x0000000000000b04                loop
 .text._ZN5Print17availableForWriteEv
                0x0000000000000dbe        0x6 .pio/build/app_uno_uart/lib1d4/libWire.a(Wire.cpp.o)
                0x0000000000000dbe                _ZN5Print17availableForWriteEv
 .text._ZN7TwoWire9availableEv
                0x0000000000000dc4        0xe .pio/build/app_uno_uart/lib1d4/libWire.a(Wire.cpp.o)
                0x0000000000000dc4                _ZN7TwoWire9availableEv
 .text._ZN7TwoWire4readEv
                0x0000000000000dd2       0x26 .pio/build/app_uno_uart/lib1d4/libWire.a(Wire.cpp.o)
                0x0000000000000dd2                _ZN7TwoWire4readEv
 .text._ZN7TwoWire4peekEv
                0x0000000000000df8       0x1e .pio/build/app_uno_uart/lib1d4/libWire.a(Wire.cpp.o)
                0x0000000000000df8                _ZN7TwoWire4peekEv
 .text._ZN7TwoWire5flushEv
                0x0000000000000e16        0x2 .pio/build/app_uno_uart/lib1d4/libWire.a(Wire.cpp.o)
                0x0000000000000e16                _ZN7TwoWire5flushEv
 .text._ZN7TwoWire16onReceiveServiceEPhi
                0x0000000000000e18       0x54 .pio/build/app_uno_uart/lib1d4/libWire.a(Wire.cpp.o)
                0x0000000000000e18                _ZN7TwoWire16onReceiveServiceEPhi
 .text._ZN7TwoWire16onRequestServiceEv
                0x0000000000000e6c       0x18 .pio/build/app_uno_uart/lib1d4/libWire.a(Wire.cpp.o)
                0x0000000000000e6c                _ZN7TwoWire16onRequestServiceEv
 .text._ZN7TwoWire5writeEh
                0x0000000000000e84       0x5e .pio/build/app_uno_uart/lib1d4/libWire.a(Wire.cpp.o)
                0x0000000000000e84                _ZN7TwoWire5writeEh
 .text._ZN7TwoWire5writeEPKhj
                0x0000000000000ee2       0x5a .pio/build/app_uno_uart/lib1d4/libWire.a(Wire.cpp.o)
                0x0000000000000ee2                _ZN7TwoWire5writeEPKhj
 .text._ZN7TwoWire5beginEv
                0x0000000000000f3c       0x24 .pio/build/app_uno_uart/lib1d4/libWire.a(Wire.cpp.o)
                0x0000000000000f3c                _ZN7TwoWire5beginEv
 .text._ZN7TwoWire17beginTransmissionEh
                0x0000000000000f60       0x14 .pio/build/app_uno_uart/lib1d4/libWire.a(Wire.cpp.o)
                0x0000000000000f60                _ZN7TwoWire17beginTransmissionEh
 .text._ZN7TwoWire15endTransmissionEh
                0x0000000000000f74       0x26 .pio/build/app_uno_uart/lib1d4/libWire.a(Wire.cpp.o)
                0x0000000000000f74                _ZN7TwoWire15endTransmissionEh
 .text._ZN7TwoWire11requestFromEhhmhh
                0x0000000000000f9a       0xa6 .pio/build/app_uno_uart/lib1d4/libWire.a(Wire.cpp.o)
                0x0000000000000f9a                _ZN7TwoWire11requestFromEhhmhh
 .text._ZN7TwoWire11requestFromEhhh
                0x0000000000001040       0x20 .pio/build/app_uno_uart/lib1d4/libWire.a(Wire.cpp.o)
                0x0000000000001040                _ZN7TwoWire11requestFromEhhh
 .text._ZN7TwoWire15endTransmissionEv
                0x0000000000001060        0x6 .pio/build/app_uno_uart/lib1d4/libWire.a(Wire.cpp.o)
                0x0000000000001060                _ZN7TwoWire15endTransmissionEv
 .text.startup._GLOBAL__sub_I__ZN7TwoWire8rxBufferE
                0x0000000000001066       0x22 .pio/build/app_uno_uart/lib1d4/libWire.a(Wire.cpp.o)
 .text.twi_init
                0x0000000000001088       0x3c .pio/build/app_uno_uart/lib1d4/libWire.a(twi.c.o)
                0x0000000000001088                twi_init
 .text.twi_disable
                0x00000000000010c4       0x1a .pio/build/app_uno_uart/lib1d4/libWire.a(twi.c.o)
                0x00000000000010c4                twi_disable
 .text.twi_transmit
                0x00000000000010de       0x4e .pio/build/app_uno_uart/lib1d4/libWire.a(twi.c.o)
                0x00000000000010de                twi_transmit
 .text.twi_attachSlaveRxEvent
                0x000000000000112c        0xa .pio/build/app_uno_uart/lib1d4/libWire.a(twi.c.o)
                0x000000000000112c                twi_attachSlaveRxEvent
 .text.twi_attachSlaveTxEvent
                0x0000000000001136        0xa .pio/build/app_uno_uart/lib1d4/libWire.a(twi.c.o)
                0x0000000000001136                twi_attachSlaveTxEvent
 .text.twi_releaseBus
                0x0000000000001140        0xc .pio/build/app_uno_uart/lib1d4/libWire.a(twi.c.o)
                0x0000000000001140                twi_releaseBus
 .text.twi_handleTimeout
                0x000000000000114c       0x2c .pio/build/app_uno_uart/lib1d4/libWire.a(twi.c.o)
                0x000000000000114c                twi_handleTimeout
 .text.twi_readFrom
                0x0000000000001178      0x1c8 .pio/build/app_uno_uart/lib1d4/libWire.a(twi.c.o)
                0x0000000000001178                twi_readFrom
 .text.twi_writeTo
                0x0000000000001340      0x1e4 .pio/build/app_uno_uart/lib1d4/libWire.a(twi.c.o)
                0x0000000000001340                twi_writeTo
 .text.twi_stop
                0x0000000000001524       0x70 .pio/build/app_uno_uart/lib1d4/libWire.a(twi.c.o)
                0x0000000000001524                twi_stop
 .text.__vector_24
                0x0000000000001594      0x240 .pio/build/app_uno_uart/lib1d4/libWire.a(twi.c.o)
                0x0000000000001594                __vector_24
 .text._ZN17Adafruit_QMC5883PC2Ev
                0x00000000000017d4        0x8 .pio/build/app_uno_uart/lib312/libAdafruit QMC5883P Library.a(Adafruit_QMC5883P.cpp.o)
                0x00000000000017d4                _ZN17Adafruit_QMC5883PC2Ev
                0x00000000000017d4                _ZN17Adafruit_QMC5883PC1Ev
 .text._ZN17Adafruit_QMC5883PD2Ev
                0x00000000000017dc       0x14 .pio/build/app_uno_uart/lib312/libAdafruit QMC5883P Library.a(Adafruit_QMC5883P.cpp.o)
                0x00000000000017dc                _ZN17Adafruit_QMC5883PD2Ev
                0x00000000000017dc                _ZN17Adafruit_QMC5883PD1Ev
 .text._ZN17Adafruit_QMC5883P5beginEhP7TwoWire
                0x00000000000017f0       0xa8 .pio/build/app_uno_uart/lib312/libAdafruit QMC5883P Library.a(Adafruit_QMC5883P.cpp.o)
                0x00000000000017f0                _ZN17Adafruit_QMC5883P5beginEhP7TwoWire
 .text._ZN17Adafruit_QMC5883P14getRawMagneticEPiS0_S0_
                0x0000000000001898       0x98 .pio/build/app_uno_uart/lib312/libAdafruit QMC5883P Library.a(Adafruit_QMC5883P.cpp.o)
                0x0000000000001898                _ZN17Adafruit_QMC5883P14getRawMagneticEPiS0_S0_
 .text._ZN17Adafruit_QMC5883P7setModeE15qmc5883p_mode_t
                0x0000000000001930       0x72 .pio/build/app_uno_uart/lib312/libAdafruit QMC5883P Library.a(Adafruit_QMC5883P.cpp.o)
                0x0000000000001930                _ZN17Adafruit_QMC5883P7setModeE15qmc5883p_mode_t
 .text._ZN17Adafruit_QMC5883P6setODRE14qmc5883p_odr_t
                0x00000000000019a2       0x72 .pio/build/app_uno_uart/lib312/libAdafruit QMC5883P Library.a(Adafruit_QMC5883P.cpp.o)
                0x00000000000019a2                _ZN17Adafruit_QMC5883P6setODRE14qmc5883p_odr_t
 .text._ZN17Adafruit_QMC5883P6setOSRE14qmc5883p_osr_t
                0x0000000000001a14       0x72 .pio/build/app_uno_uart/lib312/libAdafruit QMC5883P Library.a(Adafruit_QMC5883P.cpp.o)
                0x0000000000001a14                _ZN17Adafruit_QMC5883P6setOSRE14qmc5883p_osr_t
 .text._ZN17Adafruit_QMC5883P6setDSRE14qmc5883p_dsr_t
                0x0000000000001a86       0x72 .pio/build/app_uno_uart/lib312/libAdafruit QMC5883P Library.a(Adafruit_QMC5883P.cpp.o)
                0x0000000000001a86                _ZN17Adafruit_QMC5883P6setDSRE14qmc5883p_dsr_t
 .text._ZN17Adafruit_QMC5883P8setRangeE16qmc5883p_range_t
                0x0000000000001af8       0x72 .pio/build/app_uno_uart/lib312/libAdafruit QMC5883P Library.a(Adafruit_QMC5883P.cpp.o)
                0x0000000000001af8                _ZN17Adafruit_QMC5883P8setRangeE16qmc5883p_range_t
 .text.__vector_11
                0x0000000000001b6a      0x176 .pio/build/app_uno_uart/libae9/libServo.a(Servo.cpp.o)
                0x0000000000001b6a                __vector_11
 .text._ZN5ServoC2Ev
                0x0000000000001ce0       0x36 .pio/build/app_uno_uart/libae9/libServo.a(Servo.cpp.o)
                0x0000000000001ce0                _ZN5ServoC2Ev
                0x0000000000001ce0                _ZN5ServoC1Ev
 .text._ZN5Servo6attachEiii
                0x0000000000001d16       0xfe .pio/build/app_uno_uart/libae9/libServo.a(Servo.cpp.o)
                0x0000000000001d16                _ZN5Servo6attachEiii
 .text._ZN5Servo6attachEi
                0x0000000000001e14        0xc .pio/build/app_uno_uart/libae9/libServo.a(Servo.cpp.o)
                0x0000000000001e14                _ZN5Servo6attachEi
 .text._ZN5Servo6detachEv
                0x0000000000001e20       0x1e .pio/build/app_uno_uart/libae9/libServo.a(Servo.cpp.o)
                0x0000000000001e20                _ZN5Servo6detachEv
 .text._ZN5Servo17writeMicrosecondsEi
                0x0000000000001e3e       0x6e .pio/build/app_uno_uart/libae9/libServo.a(Servo.cpp.o)
                0x0000000000001e3e                _ZN5Servo17writeMicrosecondsEi
 .text._ZN5Servo5writeEi
                0x0000000000001eac       0xb6 .pio/build/app_uno_uart/libae9/libServo.a(Servo.cpp.o)
                0x0000000000001eac                _ZN5Servo5writeEi
 .text.CommandHandler_Create
                0x0000000000001f62       0x3e .pio/build/app_uno_uart/lib23d/libComonArc.a(CommandHandler.c.o)
                0x0000000000001f62                CommandHandler_Create
 .text.local_strtok_r
                0x0000000000001fa0       0x68 .pio/build/app_uno_uart/lib23d/libComonArc.a(CommandHandler.c.o)
                0x0000000000001fa0                local_strtok_r
 .text.parseCommandString
                0x0000000000002008       0x7a .pio/build/app_uno_uart/lib23d/libComonArc.a(CommandHandler.c.o)
                0x0000000000002008                parseCommandString
 .text.CommandHandler_ProcessCommand
                0x0000000000002082       0xc6 .pio/build/app_uno_uart/lib23d/libComonArc.a(CommandHandler.c.o)
                0x0000000000002082                CommandHandler_ProcessCommand
 .text.resetFilter
                0x0000000000002148       0x18 .pio/build/app_uno_uart/lib23d/libComonArc.a(Logger.c.o)
 .text.Logger_ResetFilter
                0x0000000000002160       0x18 .pio/build/app_uno_uart/lib23d/libComonArc.a(Logger.c.o)
                0x0000000000002160                Logger_ResetFilter
 .text.Logger_Log
                0x0000000000002178       0xfa .pio/build/app_uno_uart/lib23d/libComonArc.a(Logger.c.o)
                0x0000000000002178                Logger_Log
 .text.Logger_Create
                0x0000000000002272       0x60 .pio/build/app_uno_uart/lib23d/libComonArc.a(Logger.c.o)
                0x0000000000002272                Logger_Create
 .text.setFilterInOneSubsystem
                0x00000000000022d2       0x6e .pio/build/app_uno_uart/lib23d/libComonArc.a(Logger.c.o)
                0x00000000000022d2                setFilterInOneSubsystem
 .text.Logger_SetFilter
                0x0000000000002340       0x52 .pio/build/app_uno_uart/lib23d/libComonArc.a(Logger.c.o)
                0x0000000000002340                Logger_SetFilter
 .text.Logger_Flush
                0x0000000000002392       0xc2 .pio/build/app_uno_uart/lib23d/libComonArc.a(Logger.c.o)
                0x0000000000002392                Logger_Flush
 .text.log_command_error_receiver_initialization_failed
                0x0000000000002454       0x22 .pio/build/app_uno_uart/lib23d/libComonArc.a(Receiver.c.o)
 .text.Receiver_Create
                0x0000000000002476       0x6e .pio/build/app_uno_uart/lib23d/libComonArc.a(Receiver.c.o)
                0x0000000000002476                Receiver_Create
 .text.Receiver_Run
                0x00000000000024e4      0x1a4 .pio/build/app_uno_uart/lib23d/libComonArc.a(Receiver.c.o)
                0x00000000000024e4                Receiver_Run
 .text.Transmitter_Create
                0x0000000000002688       0x6a .pio/build/app_uno_uart/lib23d/libComonArc.a(Transmitter.c.o)
                0x0000000000002688                Transmitter_Create
 .text.Transmitter_AttachTransmitCallback
                0x00000000000026f2       0x48 .pio/build/app_uno_uart/lib23d/libComonArc.a(Transmitter.c.o)
                0x00000000000026f2                Transmitter_AttachTransmitCallback
 .text.Transmitter_Transmit
                0x000000000000273a       0x8a .pio/build/app_uno_uart/lib23d/libComonArc.a(Transmitter.c.o)
                0x000000000000273a                Transmitter_Transmit
 .text.CurrentSensor_Create
                0x00000000000027c4      0x158 .pio/build/app_uno_uart/lib90b/libCurrentSensor.a(CurrentSensor.c.o)
                0x00000000000027c4                CurrentSensor_Create
 .text.CurrentSensor_NewRead
                0x000000000000291c      0x13c .pio/build/app_uno_uart/lib90b/libCurrentSensor.a(CurrentSensor.c.o)
                0x000000000000291c                CurrentSensor_NewRead
 .text.SoftTimer_Create
                0x0000000000002a58       0x46 .pio/build/app_uno_uart/libffb/libTimeService.a(SoftTimer.c.o)
                0x0000000000002a58                SoftTimer_Create
 .text.SoftTimer_Destroy
                0x0000000000002a9e        0x8 .pio/build/app_uno_uart/libffb/libTimeService.a(SoftTimer.c.o)
                0x0000000000002a9e                SoftTimer_Destroy
 .text.SoftTimer_Check
                0x0000000000002aa6       0x74 .pio/build/app_uno_uart/libffb/libTimeService.a(SoftTimer.c.o)
                0x0000000000002aa6                SoftTimer_Check
 .text.log_servo_data_reference
                0x0000000000002b1a       0x3a .pio/build/app_uno_uart/lib006/libYawController.a(YawController.c.o)
 .text.YawController_Create
                0x0000000000002b54       0x56 .pio/build/app_uno_uart/lib006/libYawController.a(YawController.c.o)
                0x0000000000002b54                YawController_Create
 .text.YawController_Destroy
                0x0000000000002baa       0x1c .pio/build/app_uno_uart/lib006/libYawController.a(YawController.c.o)
                0x0000000000002baa                YawController_Destroy
 .text.YawController_Run
                0x0000000000002bc6      0x10e .pio/build/app_uno_uart/lib006/libYawController.a(YawController.c.o)
                0x0000000000002bc6                YawController_Run
 .text.actuatorWrite
                0x0000000000002cd4       0x46 .pio/build/app_uno_uart/lib34c/libUserInterface.a(UserInterface.c.o)
 .text.UserInterface_Create
                0x0000000000002d1a       0xea .pio/build/app_uno_uart/lib34c/libUserInterface.a(UserInterface.c.o)
                0x0000000000002d1a                UserInterface_Create
 .text.checkActuatorsBlink
                0x0000000000002e04       0x7c .pio/build/app_uno_uart/lib34c/libUserInterface.a(UserInterface.c.o)
                0x0000000000002e04                checkActuatorsBlink
 .text.checkButton
                0x0000000000002e80       0xa2 .pio/build/app_uno_uart/lib34c/libUserInterface.a(UserInterface.c.o)
                0x0000000000002e80                checkButton
 .text.UserInterface_Run
                0x0000000000002f22       0x8c .pio/build/app_uno_uart/lib34c/libUserInterface.a(UserInterface.c.o)
                0x0000000000002f22                UserInterface_Run
 .text.UserInterface_BlinkComponent
                0x0000000000002fae       0x9c .pio/build/app_uno_uart/lib34c/libUserInterface.a(UserInterface.c.o)
                0x0000000000002fae                UserInterface_BlinkComponent
 .text.UserInterface_AddButtonFunction
                0x000000000000304a       0x1c .pio/build/app_uno_uart/lib34c/libUserInterface.a(UserInterface.c.o)
                0x000000000000304a                UserInterface_AddButtonFunction
 .text._ZN14HardwareSerial9availableEv
                0x0000000000003066       0x18 .pio/build/app_uno_uart/libFrameworkArduino.a(HardwareSerial.cpp.o)
                0x0000000000003066                _ZN14HardwareSerial9availableEv
 .text._ZN14HardwareSerial4peekEv
                0x000000000000307e       0x1c .pio/build/app_uno_uart/libFrameworkArduino.a(HardwareSerial.cpp.o)
                0x000000000000307e                _ZN14HardwareSerial4peekEv
 .text._ZN14HardwareSerial4readEv
                0x000000000000309a       0x28 .pio/build/app_uno_uart/libFrameworkArduino.a(HardwareSerial.cpp.o)
                0x000000000000309a                _ZN14HardwareSerial4readEv
 .text._ZN14HardwareSerial17availableForWriteEv
                0x00000000000030c2       0x1e .pio/build/app_uno_uart/libFrameworkArduino.a(HardwareSerial.cpp.o)
                0x00000000000030c2                _ZN14HardwareSerial17availableForWriteEv
 .text._Z14serialEventRunv
                0x00000000000030e0       0x1c .pio/build/app_uno_uart/libFrameworkArduino.a(HardwareSerial.cpp.o)
                0x00000000000030e0                _Z14serialEventRunv
 .text._ZN14HardwareSerial17_tx_udr_empty_irqEv
                0x00000000000030fc       0x44 .pio/build/app_uno_uart/libFrameworkArduino.a(HardwareSerial.cpp.o)
                0x00000000000030fc                _ZN14HardwareSerial17_tx_udr_empty_irqEv
 .text._ZN14HardwareSerial5flushEv
                0x0000000000003140       0x40 .pio/build/app_uno_uart/libFrameworkArduino.a(HardwareSerial.cpp.o)
                0x0000000000003140                _ZN14HardwareSerial5flushEv
 .text._ZN14HardwareSerial5writeEh
                0x0000000000003180       0x9a .pio/build/app_uno_uart/libFrameworkArduino.a(HardwareSerial.cpp.o)
                0x0000000000003180                _ZN14HardwareSerial5writeEh
 .text._ZN14HardwareSerial5beginEmh
                0x000000000000321a       0xc4 .pio/build/app_uno_uart/libFrameworkArduino.a(HardwareSerial.cpp.o)
                0x000000000000321a                _ZN14HardwareSerial5beginEmh
 .text.__vector_18
                0x00000000000032de       0x64 .pio/build/app_uno_uart/libFrameworkArduino.a(HardwareSerial0.cpp.o)
                0x00000000000032de                __vector_18
 .text.__vector_19
                0x0000000000003342       0x4c .pio/build/app_uno_uart/libFrameworkArduino.a(HardwareSerial0.cpp.o)
                0x0000000000003342                __vector_19
 .text._Z17Serial0_availablev
                0x000000000000338e       0x14 .pio/build/app_uno_uart/libFrameworkArduino.a(HardwareSerial0.cpp.o)
                0x000000000000338e                _Z17Serial0_availablev
 .text.startup._GLOBAL__sub_I___vector_18
                0x00000000000033a2       0x5a .pio/build/app_uno_uart/libFrameworkArduino.a(HardwareSerial0.cpp.o)
 .text._ZN5Print5writeEPKhj
                0x00000000000033fc       0x5a .pio/build/app_uno_uart/libFrameworkArduino.a(Print.cpp.o)
                0x00000000000033fc                _ZN5Print5writeEPKhj
 .text._Z3maplllll
                0x0000000000003456       0x82 .pio/build/app_uno_uart/libFrameworkArduino.a(WMath.cpp.o)
                0x0000000000003456                _Z3maplllll
 .text.initVariant
                0x00000000000034d8        0x2 .pio/build/app_uno_uart/libFrameworkArduino.a(main.cpp.o)
                0x00000000000034d8                initVariant
 .text.startup.main
                0x00000000000034da       0x1e .pio/build/app_uno_uart/libFrameworkArduino.a(main.cpp.o)
                0x00000000000034da                main
 .text._Znwj    0x00000000000034f8        0xc .pio/build/app_uno_uart/libFrameworkArduino.a(new.cpp.o)
                0x00000000000034f8                _Znwj
 .text._ZdlPv   0x0000000000003504        0x4 .pio/build/app_uno_uart/libFrameworkArduino.a(new.cpp.o)
                0x0000000000003504                _ZdlPv
 .text._ZdlPvj  0x0000000000003508        0x4 .pio/build/app_uno_uart/libFrameworkArduino.a(new.cpp.o)
                0x0000000000003508                _ZdlPvj
 .text.__vector_16
                0x000000000000350c       0x94 .pio/build/app_uno_uart/libFrameworkArduino.a(wiring.c.o)
                0x000000000000350c                __vector_16
 .text.micros   0x00000000000035a0       0x4a .pio/build/app_uno_uart/libFrameworkArduino.a(wiring.c.o)
                0x00000000000035a0                micros
 .text.delayMicroseconds
                0x00000000000035ea       0x16 .pio/build/app_uno_uart/libFrameworkArduino.a(wiring.c.o)
                0x00000000000035ea                delayMicroseconds
 .text.init     0x0000000000003600       0x76 .pio/build/app_uno_uart/libFrameworkArduino.a(wiring.c.o)
                0x0000000000003600                init
 .text.analogReference
                0x0000000000003676        0x6 .pio/build/app_uno_uart/libFrameworkArduino.a(wiring_analog.c.o)
                0x0000000000003676                analogReference
 .text.analogRead
                0x000000000000367c       0x36 .pio/build/app_uno_uart/libFrameworkArduino.a(wiring_analog.c.o)
                0x000000000000367c                analogRead
 .text.turnOffPWM
                0x00000000000036b2       0x52 .pio/build/app_uno_uart/libFrameworkArduino.a(wiring_digital.c.o)
 .text.pinMode  0x0000000000003704       0x78 .pio/build/app_uno_uart/libFrameworkArduino.a(wiring_digital.c.o)
                0x0000000000003704                pinMode
 .text.digitalWrite
                0x000000000000377c       0x5c .pio/build/app_uno_uart/libFrameworkArduino.a(wiring_digital.c.o)
                0x000000000000377c                digitalWrite
 .text.digitalRead
                0x00000000000037d8       0x52 .pio/build/app_uno_uart/libFrameworkArduino.a(wiring_digital.c.o)
                0x00000000000037d8                digitalRead
 .text._ZN23Adafruit_BusIO_RegisterC2EP18Adafruit_I2CDevicejhhh
                0x000000000000382a       0x26 .pio/build/app_uno_uart/libc5c/libAdafruit BusIO.a(Adafruit_BusIO_Register.cpp.o)
                0x000000000000382a                _ZN23Adafruit_BusIO_RegisterC2EP18Adafruit_I2CDevicejhhh
                0x000000000000382a                _ZN23Adafruit_BusIO_RegisterC1EP18Adafruit_I2CDevicejhhh
 .text._ZN23Adafruit_BusIO_Register5writeEPhh
                0x0000000000003850       0xd8 .pio/build/app_uno_uart/libc5c/libAdafruit BusIO.a(Adafruit_BusIO_Register.cpp.o)
                0x0000000000003850                _ZN23Adafruit_BusIO_Register5writeEPhh
 .text._ZN23Adafruit_BusIO_Register5writeEmh
                0x0000000000003928       0x6c .pio/build/app_uno_uart/libc5c/libAdafruit BusIO.a(Adafruit_BusIO_Register.cpp.o)
                0x0000000000003928                _ZN23Adafruit_BusIO_Register5writeEmh
 .text._ZN23Adafruit_BusIO_Register4readEPhh
                0x0000000000003994       0xda .pio/build/app_uno_uart/libc5c/libAdafruit BusIO.a(Adafruit_BusIO_Register.cpp.o)
                0x0000000000003994                _ZN23Adafruit_BusIO_Register4readEPhh
 .text._ZN23Adafruit_BusIO_Register4readEv
                0x0000000000003a6e       0x62 .pio/build/app_uno_uart/libc5c/libAdafruit BusIO.a(Adafruit_BusIO_Register.cpp.o)
                0x0000000000003a6e                _ZN23Adafruit_BusIO_Register4readEv
 .text._ZN27Adafruit_BusIO_RegisterBitsC2EP23Adafruit_BusIO_Registerhh
                0x0000000000003ad0        0xc .pio/build/app_uno_uart/libc5c/libAdafruit BusIO.a(Adafruit_BusIO_Register.cpp.o)
                0x0000000000003ad0                _ZN27Adafruit_BusIO_RegisterBitsC1EP23Adafruit_BusIO_Registerhh
                0x0000000000003ad0                _ZN27Adafruit_BusIO_RegisterBitsC2EP23Adafruit_BusIO_Registerhh
 .text._ZN27Adafruit_BusIO_RegisterBits5writeEm
                0x0000000000003adc       0xae .pio/build/app_uno_uart/libc5c/libAdafruit BusIO.a(Adafruit_BusIO_Register.cpp.o)
                0x0000000000003adc                _ZN27Adafruit_BusIO_RegisterBits5writeEm
 .text._ZN22Adafruit_GenericDevice12readRegisterEPhhS0_j
                0x0000000000003b8a       0x2c .pio/build/app_uno_uart/libc5c/libAdafruit BusIO.a(Adafruit_GenericDevice.cpp.o)
                0x0000000000003b8a                _ZN22Adafruit_GenericDevice12readRegisterEPhhS0_j
 .text._ZN22Adafruit_GenericDevice13writeRegisterEPhhPKhj
                0x0000000000003bb6       0x2c .pio/build/app_uno_uart/libc5c/libAdafruit BusIO.a(Adafruit_GenericDevice.cpp.o)
                0x0000000000003bb6                _ZN22Adafruit_GenericDevice13writeRegisterEPhhPKhj
 .text._ZN18Adafruit_I2CDeviceC2EhP7TwoWire
                0x0000000000003be2       0x14 .pio/build/app_uno_uart/libc5c/libAdafruit BusIO.a(Adafruit_I2CDevice.cpp.o)
                0x0000000000003be2                _ZN18Adafruit_I2CDeviceC1EhP7TwoWire
                0x0000000000003be2                _ZN18Adafruit_I2CDeviceC2EhP7TwoWire
 .text._ZN18Adafruit_I2CDevice8detectedEv
                0x0000000000003bf6       0x3c .pio/build/app_uno_uart/libc5c/libAdafruit BusIO.a(Adafruit_I2CDevice.cpp.o)
                0x0000000000003bf6                _ZN18Adafruit_I2CDevice8detectedEv
 .text._ZN18Adafruit_I2CDevice5beginEb
                0x0000000000003c32       0x30 .pio/build/app_uno_uart/libc5c/libAdafruit BusIO.a(Adafruit_I2CDevice.cpp.o)
                0x0000000000003c32                _ZN18Adafruit_I2CDevice5beginEb
 .text._ZN18Adafruit_I2CDevice5writeEPKhjbS1_j
                0x0000000000003c62       0xae .pio/build/app_uno_uart/libc5c/libAdafruit BusIO.a(Adafruit_I2CDevice.cpp.o)
                0x0000000000003c62                _ZN18Adafruit_I2CDevice5writeEPKhjbS1_j
 .text._ZN18Adafruit_I2CDevice5_readEPhjb
                0x0000000000003d10       0x66 .pio/build/app_uno_uart/libc5c/libAdafruit BusIO.a(Adafruit_I2CDevice.cpp.o)
                0x0000000000003d10                _ZN18Adafruit_I2CDevice5_readEPhjb
 .text._ZN18Adafruit_I2CDevice4readEPhjb
                0x0000000000003d76       0x7e .pio/build/app_uno_uart/libc5c/libAdafruit BusIO.a(Adafruit_I2CDevice.cpp.o)
                0x0000000000003d76                _ZN18Adafruit_I2CDevice4readEPhjb
 .text._ZN18Adafruit_I2CDevice15write_then_readEPKhjPhjb
                0x0000000000003df4       0x64 .pio/build/app_uno_uart/libc5c/libAdafruit BusIO.a(Adafruit_I2CDevice.cpp.o)
                0x0000000000003df4                _ZN18Adafruit_I2CDevice15write_then_readEPKhjPhjb
 .text._ZN18Adafruit_SPIDevice8transferEPhj
                0x0000000000003e58      0x220 .pio/build/app_uno_uart/libc5c/libAdafruit BusIO.a(Adafruit_SPIDevice.cpp.o)
                0x0000000000003e58                _ZN18Adafruit_SPIDevice8transferEPhj
 .text._ZN18Adafruit_SPIDevice8transferEh
                0x0000000000004078       0x24 .pio/build/app_uno_uart/libc5c/libAdafruit BusIO.a(Adafruit_SPIDevice.cpp.o)
                0x0000000000004078                _ZN18Adafruit_SPIDevice8transferEh
 .text._ZN18Adafruit_SPIDevice16beginTransactionEv
                0x000000000000409c       0x4a .pio/build/app_uno_uart/libc5c/libAdafruit BusIO.a(Adafruit_SPIDevice.cpp.o)
                0x000000000000409c                _ZN18Adafruit_SPIDevice16beginTransactionEv
 .text._ZN18Adafruit_SPIDevice14endTransactionEv
                0x00000000000040e6       0x2c .pio/build/app_uno_uart/libc5c/libAdafruit BusIO.a(Adafruit_SPIDevice.cpp.o)
                0x00000000000040e6                _ZN18Adafruit_SPIDevice14endTransactionEv
 .text._ZN18Adafruit_SPIDevice13setChipSelectEi
                0x0000000000004112        0xe .pio/build/app_uno_uart/libc5c/libAdafruit BusIO.a(Adafruit_SPIDevice.cpp.o)
                0x0000000000004112                _ZN18Adafruit_SPIDevice13setChipSelectEi
 .text._ZN18Adafruit_SPIDevice31beginTransactionWithAssertingCSEv
                0x0000000000004120       0x18 .pio/build/app_uno_uart/libc5c/libAdafruit BusIO.a(Adafruit_SPIDevice.cpp.o)
                0x0000000000004120                _ZN18Adafruit_SPIDevice31beginTransactionWithAssertingCSEv
 .text._ZN18Adafruit_SPIDevice31endTransactionWithDeassertingCSEv
                0x0000000000004138       0x18 .pio/build/app_uno_uart/libc5c/libAdafruit BusIO.a(Adafruit_SPIDevice.cpp.o)
                0x0000000000004138                _ZN18Adafruit_SPIDevice31endTransactionWithDeassertingCSEv
 .text._ZN18Adafruit_SPIDevice5writeEPKhjS1_j
                0x0000000000004150       0x76 .pio/build/app_uno_uart/libc5c/libAdafruit BusIO.a(Adafruit_SPIDevice.cpp.o)
                0x0000000000004150                _ZN18Adafruit_SPIDevice5writeEPKhjS1_j
 .text._ZN18Adafruit_SPIDevice15write_then_readEPKhjPhjh
                0x00000000000041c6       0x80 .pio/build/app_uno_uart/libc5c/libAdafruit BusIO.a(Adafruit_SPIDevice.cpp.o)
                0x00000000000041c6                _ZN18Adafruit_SPIDevice15write_then_readEPKhjPhjh
 .text.libgcc.mul
                0x0000000000004246       0x20 /home/thiago/.platformio/packages/toolchain-atmelavr/bin/../lib/gcc/avr/7.3.0/avr5/libgcc.a(_mulsi3.o)
                0x0000000000004246                __mulsi3
 .text.libgcc.div
                0x0000000000004266       0x18 /home/thiago/.platformio/packages/toolchain-atmelavr/bin/../lib/gcc/avr/7.3.0/avr5/libgcc.a(_udivmodqi4.o)
                0x0000000000004266                __udivmodqi4
 .text.libgcc.div
                0x000000000000427e       0x28 /home/thiago/.platformio/packages/toolchain-atmelavr/bin/../lib/gcc/avr/7.3.0/avr5/libgcc.a(_divmodhi4.o)
                0x000000000000427e                __divmodhi4
                0x000000000000427e                _div
 .text.libgcc.div
                0x00000000000042a6       0x44 /home/thiago/.platformio/packages/toolchain-atmelavr/bin/../lib/gcc/avr/7.3.0/avr5/libgcc.a(_udivmodsi4.o)
                0x00000000000042a6                __udivmodsi4
 .text.libgcc.div
                0x00000000000042ea       0x2e /home/thiago/.platformio/packages/toolchain-atmelavr/bin/../lib/gcc/avr/7.3.0/avr5/libgcc.a(_divmodsi4.o)
                0x00000000000042ea                __divmodsi4
 .text.libgcc.div
                0x0000000000004318       0x10 /home/thiago/.platformio/packages/toolchain-atmelavr/bin/../lib/gcc/avr/7.3.0/avr5/libgcc.a(_negsi2.o)
                0x0000000000004318                __negsi2
 .text.libgcc.mul
                0x0000000000004328       0x16 /home/thiago/.platformio/packages/toolchain-atmelavr/bin/../lib/gcc/avr/7.3.0/avr5/libgcc.a(_muluhisi3.o)
                0x0000000000004328                __muluhisi3
 .text.libgcc.mul
                0x000000000000433e       0x9e /home/thiago/.platformio/packages/toolchain-atmelavr/bin/../lib/gcc/avr/7.3.0/avr5/libgcc.a(_muldi3.o)
                0x000000000000433e                __muldi3
 .text.libgcc.mul
                0x00000000000043dc       0x12 /home/thiago/.platformio/packages/toolchain-atmelavr/bin/../lib/gcc/avr/7.3.0/avr5/libgcc.a(_muldi3_6.o)
                0x00000000000043dc                __muldi3_6
 .text.libgcc.div
                0x00000000000043ee       0x62 /home/thiago/.platformio/packages/toolchain-atmelavr/bin/../lib/gcc/avr/7.3.0/avr5/libgcc.a(_divdi3.o)
                0x00000000000043ee                __moddi3
                0x00000000000043f2                __divdi3
                0x00000000000043f4                __divdi3_moddi3
 .text.libgcc.div
                0x0000000000004450       0x1c /home/thiago/.platformio/packages/toolchain-atmelavr/bin/../lib/gcc/avr/7.3.0/avr5/libgcc.a(_udivdi3.o)
                0x0000000000004450                __umoddi3
                0x0000000000004454                __udivdi3
                0x0000000000004456                __udivdi3_umoddi3
 .text.libgcc.div
                0x000000000000446c       0xa2 /home/thiago/.platformio/packages/toolchain-atmelavr/bin/../lib/gcc/avr/7.3.0/avr5/libgcc.a(_udivmod64.o)
                0x000000000000446c                __udivmod64
 .text.libgcc   0x000000000000450e       0x20 /home/thiago/.platformio/packages/toolchain-atmelavr/bin/../lib/gcc/avr/7.3.0/avr5/libgcc.a(_negdi2.o)
                0x000000000000450e                __negdi2
 .text.libgcc.prologue
                0x000000000000452e       0x38 /home/thiago/.platformio/packages/toolchain-atmelavr/bin/../lib/gcc/avr/7.3.0/avr5/libgcc.a(_prologue.o)
                0x000000000000452e                __prologue_saves__
 .text.libgcc.prologue
                0x0000000000004566       0x36 /home/thiago/.platformio/packages/toolchain-atmelavr/bin/../lib/gcc/avr/7.3.0/avr5/libgcc.a(_epilogue.o)
                0x0000000000004566                __epilogue_restores__
 .text.libgcc.div
                0x000000000000459c       0x28 /home/thiago/.platformio/packages/toolchain-atmelavr/bin/../lib/gcc/avr/7.3.0/avr5/libgcc.a(_udivmodhi4.o)
                0x000000000000459c                __udivmodhi4
 .text.libgcc   0x00000000000045c4        0xc /home/thiago/.platformio/packages/toolchain-atmelavr/bin/../lib/gcc/avr/7.3.0/avr5/libgcc.a(_tablejump2.o)
                0x00000000000045c4                __tablejump2__
 .text.libgcc.mul
                0x00000000000045d0       0x1e /home/thiago/.platformio/packages/toolchain-atmelavr/bin/../lib/gcc/avr/7.3.0/avr5/libgcc.a(_umulhisi3.o)
                0x00000000000045d0                __umulhisi3
 .text.avr-libc.fplib
                0x00000000000045ee        0xe /home/thiago/.platformio/packages/toolchain-atmelavr/bin/../lib/gcc/avr/7.3.0/../../../../avr/lib/avr5/libm.a(addsf3.o)
                0x00000000000045ee                __subsf3
                0x00000000000045f0                __addsf3
 .text.avr-libc.fplib
                0x00000000000045fc       0xcc /home/thiago/.platformio/packages/toolchain-atmelavr/bin/../lib/gcc/avr/7.3.0/../../../../avr/lib/avr5/libm.a(addsf3x.o)
                0x000000000000461e                __addsf3x
 .text.avr-libc.fplib
                0x00000000000046c8       0x86 /home/thiago/.platformio/packages/toolchain-atmelavr/bin/../lib/gcc/avr/7.3.0/../../../../avr/lib/avr5/libm.a(atan2.o)
                0x00000000000046ee                atan2
 .text.avr-libc.fplib
                0x000000000000474e       0x5e /home/thiago/.platformio/packages/toolchain-atmelavr/bin/../lib/gcc/avr/7.3.0/../../../../avr/lib/avr5/libm.a(atan.o)
                0x000000000000474e                atan
 .text.avr-libc.fplib
                0x00000000000047ac        0xa /home/thiago/.platformio/packages/toolchain-atmelavr/bin/../lib/gcc/avr/7.3.0/../../../../avr/lib/avr5/libm.a(cmpsf2.o)
                0x00000000000047ac                __lesf2
                0x00000000000047ac                __nesf2
                0x00000000000047ac                __eqsf2
                0x00000000000047ac                __cmpsf2
                0x00000000000047ac                __ltsf2
 .text.avr-libc.fplib
                0x00000000000047b6        0x8 /home/thiago/.platformio/packages/toolchain-atmelavr/bin/../lib/gcc/avr/7.3.0/../../../../avr/lib/avr5/libm.a(divsf3.o)
                0x00000000000047b6                __divsf3
 .text.avr-libc.fplib
                0x00000000000047be       0xdc /home/thiago/.platformio/packages/toolchain-atmelavr/bin/../lib/gcc/avr/7.3.0/../../../../avr/lib/avr5/libm.a(divsf3x.o)
                0x00000000000047de                __divsf3x
                0x00000000000047e4                __divsf3_pse
 .text.avr-libc.fplib
                0x000000000000489a       0x78 /home/thiago/.platformio/packages/toolchain-atmelavr/bin/../lib/gcc/avr/7.3.0/../../../../avr/lib/avr5/libm.a(fixsfdi.o)
                0x000000000000489a                __fixsfdi
                0x00000000000048a4                __fixunssfdi
 .text.avr-libc.fplib
                0x0000000000004912        0xe /home/thiago/.platformio/packages/toolchain-atmelavr/bin/../lib/gcc/avr/7.3.0/../../../../avr/lib/avr5/libm.a(fixsfsi.o)
                0x0000000000004912                __fixsfsi
 .text.avr-libc.fplib
                0x0000000000004920       0x5e /home/thiago/.platformio/packages/toolchain-atmelavr/bin/../lib/gcc/avr/7.3.0/../../../../avr/lib/avr5/libm.a(fixunssfsi.o)
                0x0000000000004920                __fixunssfsi
 .text.avr-libc.fplib
                0x000000000000497e       0x7a /home/thiago/.platformio/packages/toolchain-atmelavr/bin/../lib/gcc/avr/7.3.0/../../../../avr/lib/avr5/libm.a(floatsisf.o)
                0x000000000000497e                __floatunsisf
                0x0000000000004982                __floatsisf
 .text.avr-libc.fplib
                0x00000000000049f8       0x48 /home/thiago/.platformio/packages/toolchain-atmelavr/bin/../lib/gcc/avr/7.3.0/../../../../avr/lib/avr5/libm.a(fp_cmp.o)
                0x00000000000049f8                __fp_cmp
 .text.avr-libc.fplib
                0x0000000000004a40        0xc /home/thiago/.platformio/packages/toolchain-atmelavr/bin/../lib/gcc/avr/7.3.0/../../../../avr/lib/avr5/libm.a(fp_inf.o)
                0x0000000000004a40                __fp_inf
 .text.avr-libc.fplib
                0x0000000000004a4c        0x6 /home/thiago/.platformio/packages/toolchain-atmelavr/bin/../lib/gcc/avr/7.3.0/../../../../avr/lib/avr5/libm.a(fp_nan.o)
                0x0000000000004a4c                __fp_nan
 .text.avr-libc.fplib
                0x0000000000004a52       0x20 /home/thiago/.platformio/packages/toolchain-atmelavr/bin/../lib/gcc/avr/7.3.0/../../../../avr/lib/avr5/libm.a(fp_negdi.o)
                0x0000000000004a52                __fp_negdi
 .text.avr-libc.fplib
                0x0000000000004a72       0x4e /home/thiago/.platformio/packages/toolchain-atmelavr/bin/../lib/gcc/avr/7.3.0/../../../../avr/lib/avr5/libm.a(fp_powser.o)
                0x0000000000004a72                __fp_powser
 .text.avr-libc.fplib
                0x0000000000004ac0        0xe /home/thiago/.platformio/packages/toolchain-atmelavr/bin/../lib/gcc/avr/7.3.0/../../../../avr/lib/avr5/libm.a(fp_pscA.o)
                0x0000000000004ac0                __fp_pscA
 .text.avr-libc.fplib
                0x0000000000004ace        0xe /home/thiago/.platformio/packages/toolchain-atmelavr/bin/../lib/gcc/avr/7.3.0/../../../../avr/lib/avr5/libm.a(fp_pscB.o)
                0x0000000000004ace                __fp_pscB
 .text.avr-libc.fplib
                0x0000000000004adc       0x22 /home/thiago/.platformio/packages/toolchain-atmelavr/bin/../lib/gcc/avr/7.3.0/../../../../avr/lib/avr5/libm.a(fp_round.o)
                0x0000000000004adc                __fp_round
 .text.avr-libc.fplib
                0x0000000000004afe       0x44 /home/thiago/.platformio/packages/toolchain-atmelavr/bin/../lib/gcc/avr/7.3.0/../../../../avr/lib/avr5/libm.a(fp_split3.o)
                0x0000000000004afe                __fp_split3
                0x0000000000004b0e                __fp_splitA
 .text.avr-libc.fplib
                0x0000000000004b42        0xe /home/thiago/.platformio/packages/toolchain-atmelavr/bin/../lib/gcc/avr/7.3.0/../../../../avr/lib/avr5/libm.a(fp_zero.o)
                0x0000000000004b42                __fp_zero
                0x0000000000004b44                __fp_szero
 .text.avr-libc.fplib
                0x0000000000004b50       0x10 /home/thiago/.platformio/packages/toolchain-atmelavr/bin/../lib/gcc/avr/7.3.0/../../../../avr/lib/avr5/libm.a(inverse.o)
                0x0000000000004b50                inverse
 .text.avr-libc.fplib
                0x0000000000004b60        0x8 /home/thiago/.platformio/packages/toolchain-atmelavr/bin/../lib/gcc/avr/7.3.0/../../../../avr/lib/avr5/libm.a(mulsf3.o)
                0x0000000000004b60                __mulsf3
 .text.avr-libc.fplib
                0x0000000000004b68       0xd2 /home/thiago/.platformio/packages/toolchain-atmelavr/bin/../lib/gcc/avr/7.3.0/../../../../avr/lib/avr5/libm.a(mulsf3x.o)
                0x0000000000004b86                __mulsf3x
                0x0000000000004b8c                __mulsf3_pse
 .text.avr-libc.fplib
                0x0000000000004c3a        0x8 /home/thiago/.platformio/packages/toolchain-atmelavr/bin/../lib/gcc/avr/7.3.0/../../../../avr/lib/avr5/libm.a(square.o)
                0x0000000000004c3a                square
 .text.avr-libc
                0x0000000000004c42      0x24a /home/thiago/.platformio/packages/toolchain-atmelavr/bin/../lib/gcc/avr/7.3.0/../../../../avr/lib/avr5/libc.a(malloc.o)
                0x0000000000004c42                malloc
                0x0000000000004d7a                free
 .text.avr-libc
                0x0000000000004e8c       0x12 /home/thiago/.platformio/packages/toolchain-atmelavr/bin/../lib/gcc/avr/7.3.0/../../../../avr/lib/avr5/libc.a(strcmp.o)
                0x0000000000004e8c                strcmp
 .text.avr-libc
                0x0000000000004e9e       0x1e /home/thiago/.platformio/packages/toolchain-atmelavr/bin/../lib/gcc/avr/7.3.0/../../../../avr/lib/avr5/libc.a(strcspn.o)
                0x0000000000004e9e                strcspn
 .text.avr-libc
                0x0000000000004ebc       0x1e /home/thiago/.platformio/packages/toolchain-atmelavr/bin/../lib/gcc/avr/7.3.0/../../../../avr/lib/avr5/libc.a(strspn.o)
                0x0000000000004ebc                strspn
                0x0000000000004eda                . = ALIGN (0x2)
 *(.fini9)
 .fini9         0x0000000000004eda        0x0 /home/thiago/.platformio/packages/toolchain-atmelavr/bin/../lib/gcc/avr/7.3.0/avr5/libgcc.a(_exit.o)
                0x0000000000004eda                exit
                0x0000000000004eda                _exit
 *(.fini9)
 *(.fini8)
 *(.fini8)
 *(.fini7)
 *(.fini7)
 *(.fini6)
 .fini6         0x0000000000004eda       0x16 /home/thiago/.platformio/packages/toolchain-atmelavr/bin/../lib/gcc/avr/7.3.0/avr5/libgcc.a(_dtors.o)
                0x0000000000004eda                __do_global_dtors
 *(.fini6)
 *(.fini5)
 *(.fini5)
 *(.fini4)
 *(.fini4)
 *(.fini3)
 *(.fini3)
 *(.fini2)
 *(.fini2)
 *(.fini1)
 *(.fini1)
 *(.fini0)
 .fini0         0x0000000000004ef0        0x4 /home/thiago/.platformio/packages/toolchain-atmelavr/bin/../lib/gcc/avr/7.3.0/avr5/libgcc.a(_exit.o)
 *(.fini0)
                0x0000000000004ef4                _etext = .

.data           0x0000000000800100       0x72 load address 0x0000000000004ef4
                0x0000000000800100                PROVIDE (__data_start, .)
 *(.data)
 .data          0x0000000000800100        0x6 /home/thiago/.platformio/packages/toolchain-atmelavr/bin/../lib/gcc/avr/7.3.0/../../../../avr/lib/avr5/libc.a(malloc.o)
                0x0000000000800100                __malloc_heap_end
                0x0000000000800102                __malloc_heap_start
                0x0000000000800104                __malloc_margin
 *(.data*)
 .data._ZL11bsp_pin_map
                0x0000000000800106       0x12 .pio/build/app_uno_uart/src/ArduinoCore/BSP/ArduinoUno/GPIO_BSP.cpp.o
 .data.analog_reference
                0x0000000000800118        0x1 .pio/build/app_uno_uart/libFrameworkArduino.a(wiring_analog.c.o)
                0x0000000000800118                analog_reference
 *(.gnu.linkonce.d*)
 *(.rodata)
 *(.rodata*)
 .rodata.str1.1
                0x0000000000800119       0x1a .pio/build/app_uno_uart/src/ArduinoCore/Common/Commands/Commands.cpp.o
                                         0x1b (size before relaxing)
 .rodata._ZL14systemCommands
                0x0000000000800133       0x18 .pio/build/app_uno_uart/src/ArduinoCore/Common/Commands/Commands.cpp.o
 .rodata._ZTV7TwoWire
                0x000000000080014b       0x12 .pio/build/app_uno_uart/lib1d4/libWire.a(Wire.cpp.o)
                0x000000000080014b                _ZTV7TwoWire
 .rodata.parseCommandString.str1.1
                0x000000000080015d        0x3 .pio/build/app_uno_uart/lib23d/libComonArc.a(CommandHandler.c.o)
 .rodata._ZTV14HardwareSerial
                0x0000000000800160       0x12 .pio/build/app_uno_uart/libFrameworkArduino.a(HardwareSerial.cpp.o)
                0x0000000000800160                _ZTV14HardwareSerial
 *(.gnu.linkonce.r*)
                0x0000000000800172                . = ALIGN (0x2)
                0x0000000000800172                _edata = .
                0x0000000000800172                PROVIDE (__data_end, .)

.bss            0x0000000000800172      0x36d
                0x0000000000800172                PROVIDE (__bss_start, .)
 *(.bss)
 *(.bss*)
 .bss._ZL9adcParams
                0x0000000000800172        0xc .pio/build/app_uno_uart/src/ArduinoCore/BSP/ArduinoUno/CS_ADC.cpp.o
 .bss._ZL11initialized
                0x000000000080017e        0x1 .pio/build/app_uno_uart/src/ArduinoCore/BSP/ArduinoUno/CS_ADC.cpp.o
 .bss._ZL6adcPin
                0x000000000080017f        0x2 .pio/build/app_uno_uart/src/ArduinoCore/BSP/ArduinoUno/CS_ADC.cpp.o
 .bss._ZL18savedHeading_int16
                0x0000000000800181        0x2 .pio/build/app_uno_uart/src/ArduinoCore/Common/Magnetometer/QMC5883P.cpp.o
 .bss._ZL9Yfiltered
                0x0000000000800183        0x4 .pio/build/app_uno_uart/src/ArduinoCore/Common/Magnetometer/QMC5883P.cpp.o
 .bss._ZL9Xfiltered
                0x0000000000800187        0x4 .pio/build/app_uno_uart/src/ArduinoCore/Common/Magnetometer/QMC5883P.cpp.o
 .bss._ZL7Yoffset
                0x000000000080018b        0x2 .pio/build/app_uno_uart/src/ArduinoCore/Common/Magnetometer/QMC5883P.cpp.o
 .bss._ZL7Xoffset
                0x000000000080018d        0x2 .pio/build/app_uno_uart/src/ArduinoCore/Common/Magnetometer/QMC5883P.cpp.o
 .bss._ZL3qmc   0x000000000080018f        0x2 .pio/build/app_uno_uart/src/ArduinoCore/Common/Magnetometer/QMC5883P.cpp.o
 .bss._ZL11initialized
                0x0000000000800191        0x1 .pio/build/app_uno_uart/src/ArduinoCore/Common/Magnetometer/QMC5883P.cpp.o
 .bss._ZL16servoInitialized
                0x0000000000800192        0x1 .pio/build/app_uno_uart/src/ArduinoCore/Common/ServoController/ServoController.cpp.o
 .bss._ZL5servo
                0x0000000000800193        0x3 .pio/build/app_uno_uart/src/ArduinoCore/Common/ServoController/ServoController.cpp.o
 .bss._ZZL9ErrorLoop15Log_Subsystem_t11Log_Level_t15Log_MessageId_tPhjE10errorState
                0x0000000000800196        0x1 .pio/build/app_uno_uart/src/ArduinoCore/app.cpp.o
 .bss._ZL9loopTimer
                0x0000000000800197        0x9 .pio/build/app_uno_uart/src/ArduinoCore/app.cpp.o
 .bss._ZL20yawControllerRunning
                0x00000000008001a0        0x1 .pio/build/app_uno_uart/src/ArduinoCore/app.cpp.o
 .bss.Wire      0x00000000008001a1        0xc .pio/build/app_uno_uart/lib1d4/libWire.a(Wire.cpp.o)
                0x00000000008001a1                Wire
 .bss._ZN7TwoWire14user_onReceiveE
                0x00000000008001ad        0x2 .pio/build/app_uno_uart/lib1d4/libWire.a(Wire.cpp.o)
                0x00000000008001ad                _ZN7TwoWire14user_onReceiveE
 .bss._ZN7TwoWire14user_onRequestE
                0x00000000008001af        0x2 .pio/build/app_uno_uart/lib1d4/libWire.a(Wire.cpp.o)
                0x00000000008001af                _ZN7TwoWire14user_onRequestE
 .bss._ZN7TwoWire12transmittingE
                0x00000000008001b1        0x1 .pio/build/app_uno_uart/lib1d4/libWire.a(Wire.cpp.o)
                0x00000000008001b1                _ZN7TwoWire12transmittingE
 .bss._ZN7TwoWire14txBufferLengthE
                0x00000000008001b2        0x1 .pio/build/app_uno_uart/lib1d4/libWire.a(Wire.cpp.o)
                0x00000000008001b2                _ZN7TwoWire14txBufferLengthE
 .bss._ZN7TwoWire13txBufferIndexE
                0x00000000008001b3        0x1 .pio/build/app_uno_uart/lib1d4/libWire.a(Wire.cpp.o)
                0x00000000008001b3                _ZN7TwoWire13txBufferIndexE
 .bss._ZN7TwoWire8txBufferE
                0x00000000008001b4       0x20 .pio/build/app_uno_uart/lib1d4/libWire.a(Wire.cpp.o)
                0x00000000008001b4                _ZN7TwoWire8txBufferE
 .bss._ZN7TwoWire9txAddressE
                0x00000000008001d4        0x1 .pio/build/app_uno_uart/lib1d4/libWire.a(Wire.cpp.o)
                0x00000000008001d4                _ZN7TwoWire9txAddressE
 .bss._ZN7TwoWire14rxBufferLengthE
                0x00000000008001d5        0x1 .pio/build/app_uno_uart/lib1d4/libWire.a(Wire.cpp.o)
                0x00000000008001d5                _ZN7TwoWire14rxBufferLengthE
 .bss._ZN7TwoWire13rxBufferIndexE
                0x00000000008001d6        0x1 .pio/build/app_uno_uart/lib1d4/libWire.a(Wire.cpp.o)
                0x00000000008001d6                _ZN7TwoWire13rxBufferIndexE
 .bss._ZN7TwoWire8rxBufferE
                0x00000000008001d7       0x20 .pio/build/app_uno_uart/lib1d4/libWire.a(Wire.cpp.o)
                0x00000000008001d7                _ZN7TwoWire8rxBufferE
 .bss.twi_error
                0x00000000008001f7        0x1 .pio/build/app_uno_uart/lib1d4/libWire.a(twi.c.o)
 .bss.twi_rxBufferIndex
                0x00000000008001f8        0x1 .pio/build/app_uno_uart/lib1d4/libWire.a(twi.c.o)
 .bss.twi_rxBuffer
                0x00000000008001f9       0x20 .pio/build/app_uno_uart/lib1d4/libWire.a(twi.c.o)
 .bss.twi_txBufferLength
                0x0000000000800219        0x1 .pio/build/app_uno_uart/lib1d4/libWire.a(twi.c.o)
 .bss.twi_txBufferIndex
                0x000000000080021a        0x1 .pio/build/app_uno_uart/lib1d4/libWire.a(twi.c.o)
 .bss.twi_txBuffer
                0x000000000080021b       0x20 .pio/build/app_uno_uart/lib1d4/libWire.a(twi.c.o)
 .bss.twi_masterBufferLength
                0x000000000080023b        0x1 .pio/build/app_uno_uart/lib1d4/libWire.a(twi.c.o)
 .bss.twi_masterBufferIndex
                0x000000000080023c        0x1 .pio/build/app_uno_uart/lib1d4/libWire.a(twi.c.o)
 .bss.twi_masterBuffer
                0x000000000080023d       0x20 .pio/build/app_uno_uart/lib1d4/libWire.a(twi.c.o)
 .bss.twi_onSlaveReceive
                0x000000000080025d        0x2 .pio/build/app_uno_uart/lib1d4/libWire.a(twi.c.o)
 .bss.twi_onSlaveTransmit
                0x000000000080025f        0x2 .pio/build/app_uno_uart/lib1d4/libWire.a(twi.c.o)
 .bss.twi_do_reset_on_timeout
                0x0000000000800261        0x1 .pio/build/app_uno_uart/lib1d4/libWire.a(twi.c.o)
 .bss.twi_timed_out_flag
                0x0000000000800262        0x1 .pio/build/app_uno_uart/lib1d4/libWire.a(twi.c.o)
 .bss.twi_timeout_us
                0x0000000000800263        0x4 .pio/build/app_uno_uart/lib1d4/libWire.a(twi.c.o)
 .bss.twi_inRepStart
                0x0000000000800267        0x1 .pio/build/app_uno_uart/lib1d4/libWire.a(twi.c.o)
 .bss.twi_sendStop
                0x0000000000800268        0x1 .pio/build/app_uno_uart/lib1d4/libWire.a(twi.c.o)
 .bss.twi_slarw
                0x0000000000800269        0x1 .pio/build/app_uno_uart/lib1d4/libWire.a(twi.c.o)
 .bss.twi_state
                0x000000000080026a        0x1 .pio/build/app_uno_uart/lib1d4/libWire.a(twi.c.o)
 .bss.ServoCount
                0x000000000080026b        0x1 .pio/build/app_uno_uart/libae9/libServo.a(Servo.cpp.o)
                0x000000000080026b                ServoCount
 .bss._ZL7Channel
                0x000000000080026c        0x1 .pio/build/app_uno_uart/libae9/libServo.a(Servo.cpp.o)
 .bss._ZL6servos
                0x000000000080026d       0x24 .pio/build/app_uno_uart/libae9/libServo.a(Servo.cpp.o)
 .bss.storedCommandTable
                0x0000000000800291        0x2 .pio/build/app_uno_uart/lib23d/libComonArc.a(CommandHandler.c.o)
 .bss.initialized
                0x0000000000800293        0x1 .pio/build/app_uno_uart/lib23d/libComonArc.a(CommandHandler.c.o)
 .bss.operatingMode
                0x0000000000800294        0x2 .pio/build/app_uno_uart/lib23d/libComonArc.a(Logger.c.o)
 .bss.overflowFlag
                0x0000000000800296        0x1 .pio/build/app_uno_uart/lib23d/libComonArc.a(Logger.c.o)
 .bss.initialized
                0x0000000000800297        0x1 .pio/build/app_uno_uart/lib23d/libComonArc.a(Logger.c.o)
 .bss.logFilter
                0x0000000000800298       0x1c .pio/build/app_uno_uart/lib23d/libComonArc.a(Logger.c.o)
 .bss.logBufferIndex
                0x00000000008002b4        0x2 .pio/build/app_uno_uart/lib23d/libComonArc.a(Logger.c.o)
 .bss.logBuffer
                0x00000000008002b6       0xc8 .pio/build/app_uno_uart/lib23d/libComonArc.a(Logger.c.o)
 .bss.timeoutTimer
                0x000000000080037e        0x4 .pio/build/app_uno_uart/lib23d/libComonArc.a(Receiver.c.o)
 .bss.storedCommandCallback
                0x0000000000800382        0x2 .pio/build/app_uno_uart/lib23d/libComonArc.a(Receiver.c.o)
 .bss.storedTimerCallback
                0x0000000000800384        0x2 .pio/build/app_uno_uart/lib23d/libComonArc.a(Receiver.c.o)
 .bss.commandBufferIndex
                0x0000000000800386        0x2 .pio/build/app_uno_uart/lib23d/libComonArc.a(Receiver.c.o)
 .bss.commandBuffer
                0x0000000000800388       0x32 .pio/build/app_uno_uart/lib23d/libComonArc.a(Receiver.c.o)
 .bss.commandCallbackOperation
                0x00000000008003ba        0x1 .pio/build/app_uno_uart/lib23d/libComonArc.a(Receiver.c.o)
 .bss.initialized
                0x00000000008003bb        0x1 .pio/build/app_uno_uart/lib23d/libComonArc.a(Receiver.c.o)
 .bss.storedCallbacksDelayed
                0x00000000008003bc        0x6 .pio/build/app_uno_uart/lib23d/libComonArc.a(Transmitter.c.o)
 .bss.storedCallbacksInstant
                0x00000000008003c2        0x6 .pio/build/app_uno_uart/lib23d/libComonArc.a(Transmitter.c.o)
 .bss.initialized
                0x00000000008003c8        0x1 .pio/build/app_uno_uart/lib23d/libComonArc.a(Transmitter.c.o)
 .bss.readAvailable
                0x00000000008003c9        0x1 .pio/build/app_uno_uart/lib90b/libCurrentSensor.a(CurrentSensor.c.o)
 .bss.currentReading
                0x00000000008003ca        0x4 .pio/build/app_uno_uart/lib90b/libCurrentSensor.a(CurrentSensor.c.o)
 .bss.conversionFactor
                0x00000000008003ce        0x8 .pio/build/app_uno_uart/lib90b/libCurrentSensor.a(CurrentSensor.c.o)
 .bss.adcParameters
                0x00000000008003d6        0xc .pio/build/app_uno_uart/lib90b/libCurrentSensor.a(CurrentSensor.c.o)
 .bss.initialized
                0x00000000008003e2        0x1 .pio/build/app_uno_uart/lib90b/libCurrentSensor.a(CurrentSensor.c.o)
 .bss.currentServoHeading
                0x00000000008003e3        0x2 .pio/build/app_uno_uart/lib006/libYawController.a(YawController.c.o)
 .bss.currentReference
                0x00000000008003e5        0x2 .pio/build/app_uno_uart/lib006/libYawController.a(YawController.c.o)
 .bss.referenceSet
                0x00000000008003e7        0x1 .pio/build/app_uno_uart/lib006/libYawController.a(YawController.c.o)
 .bss.resetTimer
                0x00000000008003e8        0x9 .pio/build/app_uno_uart/lib006/libYawController.a(YawController.c.o)
 .bss.initialized
                0x00000000008003f1        0x1 .pio/build/app_uno_uart/lib006/libYawController.a(YawController.c.o)
 .bss.initialized
                0x00000000008003f2        0x1 .pio/build/app_uno_uart/lib34c/libUserInterface.a(UserInterface.c.o)
 .bss.buttonCallback
                0x00000000008003f3        0x2 .pio/build/app_uno_uart/lib34c/libUserInterface.a(UserInterface.c.o)
 .bss.buttonTimer
                0x00000000008003f5        0x9 .pio/build/app_uno_uart/lib34c/libUserInterface.a(UserInterface.c.o)
 .bss.lastReading
                0x00000000008003fe        0x2 .pio/build/app_uno_uart/lib34c/libUserInterface.a(UserInterface.c.o)
 .bss.buttonState
                0x0000000000800400        0x2 .pio/build/app_uno_uart/lib34c/libUserInterface.a(UserInterface.c.o)
 .bss.buttonPin
                0x0000000000800402        0x2 .pio/build/app_uno_uart/lib34c/libUserInterface.a(UserInterface.c.o)
 .bss.actuatorPins
                0x0000000000800404        0x4 .pio/build/app_uno_uart/lib34c/libUserInterface.a(UserInterface.c.o)
 .bss.actuatorSchedulers
                0x0000000000800408       0x2a .pio/build/app_uno_uart/lib34c/libUserInterface.a(UserInterface.c.o)
 .bss.Serial    0x0000000000800432       0x9d .pio/build/app_uno_uart/libFrameworkArduino.a(HardwareSerial0.cpp.o)
                0x0000000000800432                Serial
 .bss.timer0_fract
                0x00000000008004cf        0x1 .pio/build/app_uno_uart/libFrameworkArduino.a(wiring.c.o)
 .bss.timer0_millis
                0x00000000008004d0        0x4 .pio/build/app_uno_uart/libFrameworkArduino.a(wiring.c.o)
                0x00000000008004d0                timer0_millis
 .bss.timer0_overflow_count
                0x00000000008004d4        0x4 .pio/build/app_uno_uart/libFrameworkArduino.a(wiring.c.o)
                0x00000000008004d4                timer0_overflow_count
 .bss._ZN8SPIClass13interruptSaveE
                0x00000000008004d8        0x1 .pio/build/app_uno_uart/libb23/libSPI.a(SPI.cpp.o)
                0x00000000008004d8                _ZN8SPIClass13interruptSaveE
 .bss._ZN8SPIClass13interruptMaskE
                0x00000000008004d9        0x1 .pio/build/app_uno_uart/libb23/libSPI.a(SPI.cpp.o)
                0x00000000008004d9                _ZN8SPIClass13interruptMaskE
 .bss._ZN8SPIClass13interruptModeE
                0x00000000008004da        0x1 .pio/build/app_uno_uart/libb23/libSPI.a(SPI.cpp.o)
                0x00000000008004da                _ZN8SPIClass13interruptModeE
 *(COMMON)
 COMMON         0x00000000008004db        0x4 /home/thiago/.platformio/packages/toolchain-atmelavr/bin/../lib/gcc/avr/7.3.0/../../../../avr/lib/avr5/libc.a(malloc.o)
                0x00000000008004db                __brkval
                0x00000000008004dd                __flp
                0x00000000008004df                PROVIDE (__bss_end, .)
                0x0000000000004ef4                __data_load_start = LOADADDR (.data)
                0x0000000000004f66                __data_load_end = (__data_load_start + SIZEOF (.data))

.noinit         0x00000000008004df        0x0
                [!provide]                        PROVIDE (__noinit_start, .)
 *(.noinit*)
                [!provide]                        PROVIDE (__noinit_end, .)
                0x00000000008004df                _end = .
                0x00000000008004df                PROVIDE (__heap_start, .)

.eeprom         0x0000000000810000        0x0
 *(.eeprom*)
                0x0000000000810000                __eeprom_end = .

.fuse
 *(.fuse)
 *(.lfuse)
 *(.hfuse)
 *(.efuse)

.lock
 *(.lock*)

.signature
 *(.signature*)

.user_signatures
 *(.user_signatures*)

.stab
 *(.stab)

.stabstr
 *(.stabstr)

.stab.excl
 *(.stab.excl)

.stab.exclstr
 *(.stab.exclstr)

.stab.index
 *(.stab.index)

.stab.indexstr
 *(.stab.indexstr)

.comment        0x0000000000000000       0x11
 *(.comment)
 .comment       0x0000000000000000       0x11 .pio/build/app_uno_uart/src/ArduinoCore/Arduino_UART/UART.cpp.o
                                         0x12 (size before relaxing)
 .comment       0x0000000000000011       0x12 .pio/build/app_uno_uart/src/ArduinoCore/BSP/ArduinoUno/CS_ADC.cpp.o
 .comment       0x0000000000000011       0x12 .pio/build/app_uno_uart/src/ArduinoCore/BSP/ArduinoUno/GPIO_BSP.cpp.o
 .comment       0x0000000000000011       0x12 .pio/build/app_uno_uart/src/ArduinoCore/BSP/ArduinoUno/SystemConfig.cpp.o
 .comment       0x0000000000000011       0x12 .pio/build/app_uno_uart/src/ArduinoCore/Common/Commands/Commands.cpp.o
 .comment       0x0000000000000011       0x12 .pio/build/app_uno_uart/src/ArduinoCore/Common/Magnetometer/QMC5883P.cpp.o
 .comment       0x0000000000000011       0x12 .pio/build/app_uno_uart/src/ArduinoCore/Common/ServoController/ServoController.cpp.o
 .comment       0x0000000000000011       0x12 .pio/build/app_uno_uart/src/ArduinoCore/Common/SystemClock/SystemClock.cpp.o
 .comment       0x0000000000000011       0x12 .pio/build/app_uno_uart/src/ArduinoCore/app.cpp.o
 .comment       0x0000000000000011       0x12 .pio/build/app_uno_uart/lib1d4/libWire.a(Wire.cpp.o)
 .comment       0x0000000000000011       0x12 .pio/build/app_uno_uart/lib1d4/libWire.a(twi.c.o)
 .comment       0x0000000000000011       0x12 .pio/build/app_uno_uart/lib312/libAdafruit QMC5883P Library.a(Adafruit_QMC5883P.cpp.o)
 .comment       0x0000000000000011       0x12 .pio/build/app_uno_uart/libae9/libServo.a(Servo.cpp.o)
 .comment       0x0000000000000011       0x12 .pio/build/app_uno_uart/lib23d/libComonArc.a(CommandHandler.c.o)
 .comment       0x0000000000000011       0x12 .pio/build/app_uno_uart/lib23d/libComonArc.a(Logger.c.o)
 .comment       0x0000000000000011       0x12 .pio/build/app_uno_uart/lib23d/libComonArc.a(Receiver.c.o)
 .comment       0x0000000000000011       0x12 .pio/build/app_uno_uart/lib23d/libComonArc.a(Transmitter.c.o)
 .comment       0x0000000000000011       0x12 .pio/build/app_uno_uart/lib90b/libCurrentSensor.a(CurrentSensor.c.o)
 .comment       0x0000000000000011       0x12 .pio/build/app_uno_uart/libffb/libTimeService.a(SoftTimer.c.o)
 .comment       0x0000000000000011       0x12 .pio/build/app_uno_uart/lib006/libYawController.a(YawController.c.o)
 .comment       0x0000000000000011       0x12 .pio/build/app_uno_uart/lib34c/libUserInterface.a(UserInterface.c.o)
 .comment       0x0000000000000011       0x12 .pio/build/app_uno_uart/libFrameworkArduino.a(HardwareSerial.cpp.o)
 .comment       0x0000000000000011       0x12 .pio/build/app_uno_uart/libFrameworkArduino.a(HardwareSerial0.cpp.o)
 .comment       0x0000000000000011       0x12 .pio/build/app_uno_uart/libFrameworkArduino.a(Print.cpp.o)
 .comment       0x0000000000000011       0x12 .pio/build/app_uno_uart/libFrameworkArduino.a(WMath.cpp.o)
 .comment       0x0000000000000011       0x12 .pio/build/app_uno_uart/libFrameworkArduino.a(main.cpp.o)
 .comment       0x0000000000000011       0x12 .pio/build/app_uno_uart/libFrameworkArduino.a(new.cpp.o)
 .comment       0x0000000000000011       0x12 .pio/build/app_uno_uart/libFrameworkArduino.a(wiring.c.o)
 .comment       0x0000000000000011       0x12 .pio/build/app_uno_uart/libFrameworkArduino.a(wiring_analog.c.o)
 .comment       0x0000000000000011       0x12 .pio/build/app_uno_uart/libFrameworkArduino.a(wiring_digital.c.o)
 .comment       0x0000000000000011       0x12 .pio/build/app_uno_uart/libc5c/libAdafruit BusIO.a(Adafruit_BusIO_Register.cpp.o)
 .comment       0x0000000000000011       0x12 .pio/build/app_uno_uart/libc5c/libAdafruit BusIO.a(Adafruit_GenericDevice.cpp.o)
 .comment       0x0000000000000011       0x12 .pio/build/app_uno_uart/libc5c/libAdafruit BusIO.a(Adafruit_I2CDevice.cpp.o)
 .comment       0x0000000000000011       0x12 .pio/build/app_uno_uart/libc5c/libAdafruit BusIO.a(Adafruit_SPIDevice.cpp.o)
 .comment       0x0000000000000011       0x12 .pio/build/app_uno_uart/libb23/libSPI.a(SPI.cpp.o)
 .comment       0x0000000000000011       0x12 /home/thiago/.platformio/packages/toolchain-atmelavr/bin/../lib/gcc/avr/7.3.0/../../../../avr/lib/avr5/libc.a(malloc.o)

.note.gnu.avr.deviceinfo
                0x0000000000000000       0x40
 .note.gnu.avr.deviceinfo
                0x0000000000000000       0x40 /home/thiago/.platformio/packages/toolchain-atmelavr/bin/../lib/gcc/avr/7.3.0/../../../../avr/lib/avr5/crtatmega328p.o

.note.gnu.build-id
 *(.note.gnu.build-id)

.debug
 *(.debug)

.line
 *(.line)

.debug_srcinfo
 *(.debug_srcinfo)

.debug_sfnames
 *(.debug_sfnames)

.debug_aranges  0x0000000000000000      0x2e0
 *(.debug_aranges)
 .debug_aranges
                0x0000000000000000       0x20 /home/thiago/.platformio/packages/toolchain-atmelavr/bin/../lib/gcc/avr/7.3.0/avr5/libgcc.a(_mulsi3.o)
 .debug_aranges
                0x0000000000000020       0x20 /home/thiago/.platformio/packages/toolchain-atmelavr/bin/../lib/gcc/avr/7.3.0/avr5/libgcc.a(_udivmodqi4.o)
 .debug_aranges
                0x0000000000000040       0x20 /home/thiago/.platformio/packages/toolchain-atmelavr/bin/../lib/gcc/avr/7.3.0/avr5/libgcc.a(_divmodhi4.o)
 .debug_aranges
                0x0000000000000060       0x20 /home/thiago/.platformio/packages/toolchain-atmelavr/bin/../lib/gcc/avr/7.3.0/avr5/libgcc.a(_udivmodsi4.o)
 .debug_aranges
                0x0000000000000080       0x20 /home/thiago/.platformio/packages/toolchain-atmelavr/bin/../lib/gcc/avr/7.3.0/avr5/libgcc.a(_divmodsi4.o)
 .debug_aranges
                0x00000000000000a0       0x20 /home/thiago/.platformio/packages/toolchain-atmelavr/bin/../lib/gcc/avr/7.3.0/avr5/libgcc.a(_negsi2.o)
 .debug_aranges
                0x00000000000000c0       0x20 /home/thiago/.platformio/packages/toolchain-atmelavr/bin/../lib/gcc/avr/7.3.0/avr5/libgcc.a(_exit.o)
 .debug_aranges
                0x00000000000000e0       0x20 /home/thiago/.platformio/packages/toolchain-atmelavr/bin/../lib/gcc/avr/7.3.0/avr5/libgcc.a(_copy_data.o)
 .debug_aranges
                0x0000000000000100       0x20 /home/thiago/.platformio/packages/toolchain-atmelavr/bin/../lib/gcc/avr/7.3.0/avr5/libgcc.a(_clear_bss.o)
 .debug_aranges
                0x0000000000000120       0x20 /home/thiago/.platformio/packages/toolchain-atmelavr/bin/../lib/gcc/avr/7.3.0/avr5/libgcc.a(_ctors.o)
 .debug_aranges
                0x0000000000000140       0x20 /home/thiago/.platformio/packages/toolchain-atmelavr/bin/../lib/gcc/avr/7.3.0/avr5/libgcc.a(_dtors.o)
 .debug_aranges
                0x0000000000000160       0x20 /home/thiago/.platformio/packages/toolchain-atmelavr/bin/../lib/gcc/avr/7.3.0/avr5/libgcc.a(_muluhisi3.o)
 .debug_aranges
                0x0000000000000180       0x20 /home/thiago/.platformio/packages/toolchain-atmelavr/bin/../lib/gcc/avr/7.3.0/avr5/libgcc.a(_muldi3.o)
 .debug_aranges
                0x00000000000001a0       0x20 /home/thiago/.platformio/packages/toolchain-atmelavr/bin/../lib/gcc/avr/7.3.0/avr5/libgcc.a(_muldi3_6.o)
 .debug_aranges
                0x00000000000001c0       0x20 /home/thiago/.platformio/packages/toolchain-atmelavr/bin/../lib/gcc/avr/7.3.0/avr5/libgcc.a(_divdi3.o)
 .debug_aranges
                0x00000000000001e0       0x20 /home/thiago/.platformio/packages/toolchain-atmelavr/bin/../lib/gcc/avr/7.3.0/avr5/libgcc.a(_udivdi3.o)
 .debug_aranges
                0x0000000000000200       0x20 /home/thiago/.platformio/packages/toolchain-atmelavr/bin/../lib/gcc/avr/7.3.0/avr5/libgcc.a(_udivmod64.o)
 .debug_aranges
                0x0000000000000220       0x20 /home/thiago/.platformio/packages/toolchain-atmelavr/bin/../lib/gcc/avr/7.3.0/avr5/libgcc.a(_negdi2.o)
 .debug_aranges
                0x0000000000000240       0x20 /home/thiago/.platformio/packages/toolchain-atmelavr/bin/../lib/gcc/avr/7.3.0/avr5/libgcc.a(_prologue.o)
 .debug_aranges
                0x0000000000000260       0x20 /home/thiago/.platformio/packages/toolchain-atmelavr/bin/../lib/gcc/avr/7.3.0/avr5/libgcc.a(_epilogue.o)
 .debug_aranges
                0x0000000000000280       0x20 /home/thiago/.platformio/packages/toolchain-atmelavr/bin/../lib/gcc/avr/7.3.0/avr5/libgcc.a(_udivmodhi4.o)
 .debug_aranges
                0x00000000000002a0       0x20 /home/thiago/.platformio/packages/toolchain-atmelavr/bin/../lib/gcc/avr/7.3.0/avr5/libgcc.a(_tablejump2.o)
 .debug_aranges
                0x00000000000002c0       0x20 /home/thiago/.platformio/packages/toolchain-atmelavr/bin/../lib/gcc/avr/7.3.0/avr5/libgcc.a(_umulhisi3.o)

.debug_pubnames
 *(.debug_pubnames)

.debug_info     0x0000000000000000     0x1551
 *(.debug_info .gnu.linkonce.wi.*)
 .debug_info    0x0000000000000000      0x5f4 /home/thiago/.platformio/packages/toolchain-atmelavr/bin/../lib/gcc/avr/7.3.0/../../../../avr/lib/avr5/crtatmega328p.o
 .debug_info    0x00000000000005f4       0xab /home/thiago/.platformio/packages/toolchain-atmelavr/bin/../lib/gcc/avr/7.3.0/avr5/libgcc.a(_mulsi3.o)
 .debug_info    0x000000000000069f       0xab /home/thiago/.platformio/packages/toolchain-atmelavr/bin/../lib/gcc/avr/7.3.0/avr5/libgcc.a(_udivmodqi4.o)
 .debug_info    0x000000000000074a       0xab /home/thiago/.platformio/packages/toolchain-atmelavr/bin/../lib/gcc/avr/7.3.0/avr5/libgcc.a(_divmodhi4.o)
 .debug_info    0x00000000000007f5       0xab /home/thiago/.platformio/packages/toolchain-atmelavr/bin/../lib/gcc/avr/7.3.0/avr5/libgcc.a(_udivmodsi4.o)
 .debug_info    0x00000000000008a0       0xab /home/thiago/.platformio/packages/toolchain-atmelavr/bin/../lib/gcc/avr/7.3.0/avr5/libgcc.a(_divmodsi4.o)
 .debug_info    0x000000000000094b       0xab /home/thiago/.platformio/packages/toolchain-atmelavr/bin/../lib/gcc/avr/7.3.0/avr5/libgcc.a(_negsi2.o)
 .debug_info    0x00000000000009f6       0xab /home/thiago/.platformio/packages/toolchain-atmelavr/bin/../lib/gcc/avr/7.3.0/avr5/libgcc.a(_exit.o)
 .debug_info    0x0000000000000aa1       0xab /home/thiago/.platformio/packages/toolchain-atmelavr/bin/../lib/gcc/avr/7.3.0/avr5/libgcc.a(_copy_data.o)
 .debug_info    0x0000000000000b4c       0xab /home/thiago/.platformio/packages/toolchain-atmelavr/bin/../lib/gcc/avr/7.3.0/avr5/libgcc.a(_clear_bss.o)
 .debug_info    0x0000000000000bf7       0xab /home/thiago/.platformio/packages/toolchain-atmelavr/bin/../lib/gcc/avr/7.3.0/avr5/libgcc.a(_ctors.o)
 .debug_info    0x0000000000000ca2       0xab /home/thiago/.platformio/packages/toolchain-atmelavr/bin/../lib/gcc/avr/7.3.0/avr5/libgcc.a(_dtors.o)
 .debug_info    0x0000000000000d4d       0xab /home/thiago/.platformio/packages/toolchain-atmelavr/bin/../lib/gcc/avr/7.3.0/avr5/libgcc.a(_muluhisi3.o)
 .debug_info    0x0000000000000df8       0xab /home/thiago/.platformio/packages/toolchain-atmelavr/bin/../lib/gcc/avr/7.3.0/avr5/libgcc.a(_muldi3.o)
 .debug_info    0x0000000000000ea3       0xab /home/thiago/.platformio/packages/toolchain-atmelavr/bin/../lib/gcc/avr/7.3.0/avr5/libgcc.a(_muldi3_6.o)
 .debug_info    0x0000000000000f4e       0xab /home/thiago/.platformio/packages/toolchain-atmelavr/bin/../lib/gcc/avr/7.3.0/avr5/libgcc.a(_divdi3.o)
 .debug_info    0x0000000000000ff9       0xab /home/thiago/.platformio/packages/toolchain-atmelavr/bin/../lib/gcc/avr/7.3.0/avr5/libgcc.a(_udivdi3.o)
 .debug_info    0x00000000000010a4       0xab /home/thiago/.platformio/packages/toolchain-atmelavr/bin/../lib/gcc/avr/7.3.0/avr5/libgcc.a(_udivmod64.o)
 .debug_info    0x000000000000114f       0xab /home/thiago/.platformio/packages/toolchain-atmelavr/bin/../lib/gcc/avr/7.3.0/avr5/libgcc.a(_negdi2.o)
 .debug_info    0x00000000000011fa       0xab /home/thiago/.platformio/packages/toolchain-atmelavr/bin/../lib/gcc/avr/7.3.0/avr5/libgcc.a(_prologue.o)
 .debug_info    0x00000000000012a5       0xab /home/thiago/.platformio/packages/toolchain-atmelavr/bin/../lib/gcc/avr/7.3.0/avr5/libgcc.a(_epilogue.o)
 .debug_info    0x0000000000001350       0xab /home/thiago/.platformio/packages/toolchain-atmelavr/bin/../lib/gcc/avr/7.3.0/avr5/libgcc.a(_udivmodhi4.o)
 .debug_info    0x00000000000013fb       0xab /home/thiago/.platformio/packages/toolchain-atmelavr/bin/../lib/gcc/avr/7.3.0/avr5/libgcc.a(_tablejump2.o)
 .debug_info    0x00000000000014a6       0xab /home/thiago/.platformio/packages/toolchain-atmelavr/bin/../lib/gcc/avr/7.3.0/avr5/libgcc.a(_umulhisi3.o)

.debug_abbrev   0x0000000000000000      0x76e
 *(.debug_abbrev)
 .debug_abbrev  0x0000000000000000      0x5a2 /home/thiago/.platformio/packages/toolchain-atmelavr/bin/../lib/gcc/avr/7.3.0/../../../../avr/lib/avr5/crtatmega328p.o
 .debug_abbrev  0x00000000000005a2       0x14 /home/thiago/.platformio/packages/toolchain-atmelavr/bin/../lib/gcc/avr/7.3.0/avr5/libgcc.a(_mulsi3.o)
 .debug_abbrev  0x00000000000005b6       0x14 /home/thiago/.platformio/packages/toolchain-atmelavr/bin/../lib/gcc/avr/7.3.0/avr5/libgcc.a(_udivmodqi4.o)
 .debug_abbrev  0x00000000000005ca       0x14 /home/thiago/.platformio/packages/toolchain-atmelavr/bin/../lib/gcc/avr/7.3.0/avr5/libgcc.a(_divmodhi4.o)
 .debug_abbrev  0x00000000000005de       0x14 /home/thiago/.platformio/packages/toolchain-atmelavr/bin/../lib/gcc/avr/7.3.0/avr5/libgcc.a(_udivmodsi4.o)
 .debug_abbrev  0x00000000000005f2       0x14 /home/thiago/.platformio/packages/toolchain-atmelavr/bin/../lib/gcc/avr/7.3.0/avr5/libgcc.a(_divmodsi4.o)
 .debug_abbrev  0x0000000000000606       0x14 /home/thiago/.platformio/packages/toolchain-atmelavr/bin/../lib/gcc/avr/7.3.0/avr5/libgcc.a(_negsi2.o)
 .debug_abbrev  0x000000000000061a       0x14 /home/thiago/.platformio/packages/toolchain-atmelavr/bin/../lib/gcc/avr/7.3.0/avr5/libgcc.a(_exit.o)
 .debug_abbrev  0x000000000000062e       0x14 /home/thiago/.platformio/packages/toolchain-atmelavr/bin/../lib/gcc/avr/7.3.0/avr5/libgcc.a(_copy_data.o)
 .debug_abbrev  0x0000000000000642       0x14 /home/thiago/.platformio/packages/toolchain-atmelavr/bin/../lib/gcc/avr/7.3.0/avr5/libgcc.a(_clear_bss.o)
 .debug_abbrev  0x0000000000000656       0x14 /home/thiago/.platformio/packages/toolchain-atmelavr/bin/../lib/gcc/avr/7.3.0/avr5/libgcc.a(_ctors.o)
 .debug_abbrev  0x000000000000066a       0x14 /home/thiago/.platformio/packages/toolchain-atmelavr/bin/../lib/gcc/avr/7.3.0/avr5/libgcc.a(_dtors.o)
 .debug_abbrev  0x000000000000067e       0x14 /home/thiago/.platformio/packages/toolchain-atmelavr/bin/../lib/gcc/avr/7.3.0/avr5/libgcc.a(_muluhisi3.o)
 .debug_abbrev  0x0000000000000692       0x14 /home/thiago/.platformio/packages/toolchain-atmelavr/bin/../lib/gcc/avr/7.3.0/avr5/libgcc.a(_muldi3.o)
 .debug_abbrev  0x00000000000006a6       0x14 /home/thiago/.platformio/packages/toolchain-atmelavr/bin/../lib/gcc/avr/7.3.0/avr5/libgcc.a(_muldi3_6.o)
 .debug_abbrev  0x00000000000006ba       0x14 /home/thiago/.platformio/packages/toolchain-atmelavr/bin/../lib/gcc/avr/7.3.0/avr5/libgcc.a(_divdi3.o)
 .debug_abbrev  0x00000000000006ce       0x14 /home/thiago/.platformio/packages/toolchain-atmelavr/bin/../lib/gcc/avr/7.3.0/avr5/libgcc.a(_udivdi3.o)
 .debug_abbrev  0x00000000000006e2       0x14 /home/thiago/.platformio/packages/toolchain-atmelavr/bin/../lib/gcc/avr/7.3.0/avr5/libgcc.a(_udivmod64.o)
 .debug_abbrev  0x00000000000006f6       0x14 /home/thiago/.platformio/packages/toolchain-atmelavr/bin/../lib/gcc/avr/7.3.0/avr5/libgcc.a(_negdi2.o)
 .debug_abbrev  0x000000000000070a       0x14 /home/thiago/.platformio/packages/toolchain-atmelavr/bin/../lib/gcc/avr/7.3.0/avr5/libgcc.a(_prologue.o)
 .debug_abbrev  0x000000000000071e       0x14 /home/thiago/.platformio/packages/toolchain-atmelavr/bin/../lib/gcc/avr/7.3.0/avr5/libgcc.a(_epilogue.o)
 .debug_abbrev  0x0000000000000732       0x14 /home/thiago/.platformio/packages/toolchain-atmelavr/bin/../lib/gcc/avr/7.3.0/avr5/libgcc.a(_udivmodhi4.o)
 .debug_abbrev  0x0000000000000746       0x14 /home/thiago/.platformio/packages/toolchain-atmelavr/bin/../lib/gcc/avr/7.3.0/avr5/libgcc.a(_tablejump2.o)
 .debug_abbrev  0x000000000000075a       0x14 /home/thiago/.platformio/packages/toolchain-atmelavr/bin/../lib/gcc/avr/7.3.0/avr5/libgcc.a(_umulhisi3.o)

.debug_line     0x0000000000000000     0x10f2
 *(.debug_line .debug_line.* .debug_line_end)
 .debug_line    0x0000000000000000       0x1a /home/thiago/.platformio/packages/toolchain-atmelavr/bin/../lib/gcc/avr/7.3.0/../../../../avr/lib/avr5/crtatmega328p.o
 .debug_line    0x000000000000001a       0xb0 /home/thiago/.platformio/packages/toolchain-atmelavr/bin/../lib/gcc/avr/7.3.0/avr5/libgcc.a(_mulsi3.o)
 .debug_line    0x00000000000000ca       0x9e /home/thiago/.platformio/packages/toolchain-atmelavr/bin/../lib/gcc/avr/7.3.0/avr5/libgcc.a(_udivmodqi4.o)
 .debug_line    0x0000000000000168       0xc8 /home/thiago/.platformio/packages/toolchain-atmelavr/bin/../lib/gcc/avr/7.3.0/avr5/libgcc.a(_divmodhi4.o)
 .debug_line    0x0000000000000230      0x122 /home/thiago/.platformio/packages/toolchain-atmelavr/bin/../lib/gcc/avr/7.3.0/avr5/libgcc.a(_udivmodsi4.o)
 .debug_line    0x0000000000000352       0xce /home/thiago/.platformio/packages/toolchain-atmelavr/bin/../lib/gcc/avr/7.3.0/avr5/libgcc.a(_divmodsi4.o)
 .debug_line    0x0000000000000420       0x62 /home/thiago/.platformio/packages/toolchain-atmelavr/bin/../lib/gcc/avr/7.3.0/avr5/libgcc.a(_negsi2.o)
 .debug_line    0x0000000000000482       0x62 /home/thiago/.platformio/packages/toolchain-atmelavr/bin/../lib/gcc/avr/7.3.0/avr5/libgcc.a(_exit.o)
 .debug_line    0x00000000000004e4       0x98 /home/thiago/.platformio/packages/toolchain-atmelavr/bin/../lib/gcc/avr/7.3.0/avr5/libgcc.a(_copy_data.o)
 .debug_line    0x000000000000057c       0x86 /home/thiago/.platformio/packages/toolchain-atmelavr/bin/../lib/gcc/avr/7.3.0/avr5/libgcc.a(_clear_bss.o)
 .debug_line    0x0000000000000602       0x92 /home/thiago/.platformio/packages/toolchain-atmelavr/bin/../lib/gcc/avr/7.3.0/avr5/libgcc.a(_ctors.o)
 .debug_line    0x0000000000000694       0x92 /home/thiago/.platformio/packages/toolchain-atmelavr/bin/../lib/gcc/avr/7.3.0/avr5/libgcc.a(_dtors.o)
 .debug_line    0x0000000000000726       0x92 /home/thiago/.platformio/packages/toolchain-atmelavr/bin/../lib/gcc/avr/7.3.0/avr5/libgcc.a(_muluhisi3.o)
 .debug_line    0x00000000000007b8      0x170 /home/thiago/.platformio/packages/toolchain-atmelavr/bin/../lib/gcc/avr/7.3.0/avr5/libgcc.a(_muldi3.o)
 .debug_line    0x0000000000000928       0x86 /home/thiago/.platformio/packages/toolchain-atmelavr/bin/../lib/gcc/avr/7.3.0/avr5/libgcc.a(_muldi3_6.o)
 .debug_line    0x00000000000009ae       0xf2 /home/thiago/.platformio/packages/toolchain-atmelavr/bin/../lib/gcc/avr/7.3.0/avr5/libgcc.a(_divdi3.o)